Archive member included to satisfy reference by file (symbol)

c:/st/stm32cubeide_1.5.0/stm32cubeide/plugins/com.st.stm32cube.ide.mcu.externaltools.gnu-tools-for-stm32.7-2018-q2-update.win32_1.5.0.202011040924/tools/bin/../lib/gcc/arm-none-eabi/7.3.1/../../../../arm-none-eabi/lib/thumb/v7-m\libc_nano.a(lib_a-errno.o)
                              Core/Src/syscalls.o (__errno)
c:/st/stm32cubeide_1.5.0/stm32cubeide/plugins/com.st.stm32cube.ide.mcu.externaltools.gnu-tools-for-stm32.7-2018-q2-update.win32_1.5.0.202011040924/tools/bin/../lib/gcc/arm-none-eabi/7.3.1/../../../../arm-none-eabi/lib/thumb/v7-m\libc_nano.a(lib_a-exit.o)
                              c:/st/stm32cubeide_1.5.0/stm32cubeide/plugins/com.st.stm32cube.ide.mcu.externaltools.gnu-tools-for-stm32.7-2018-q2-update.win32_1.5.0.202011040924/tools/bin/../lib/gcc/arm-none-eabi/7.3.1/../../../../arm-none-eabi/lib/thumb/v7-m/crt0.o (exit)
c:/st/stm32cubeide_1.5.0/stm32cubeide/plugins/com.st.stm32cube.ide.mcu.externaltools.gnu-tools-for-stm32.7-2018-q2-update.win32_1.5.0.202011040924/tools/bin/../lib/gcc/arm-none-eabi/7.3.1/../../../../arm-none-eabi/lib/thumb/v7-m\libc_nano.a(lib_a-impure.o)
                              c:/st/stm32cubeide_1.5.0/stm32cubeide/plugins/com.st.stm32cube.ide.mcu.externaltools.gnu-tools-for-stm32.7-2018-q2-update.win32_1.5.0.202011040924/tools/bin/../lib/gcc/arm-none-eabi/7.3.1/../../../../arm-none-eabi/lib/thumb/v7-m\libc_nano.a(lib_a-exit.o) (_global_impure_ptr)
c:/st/stm32cubeide_1.5.0/stm32cubeide/plugins/com.st.stm32cube.ide.mcu.externaltools.gnu-tools-for-stm32.7-2018-q2-update.win32_1.5.0.202011040924/tools/bin/../lib/gcc/arm-none-eabi/7.3.1/../../../../arm-none-eabi/lib/thumb/v7-m\libc_nano.a(lib_a-init.o)
                              c:/st/stm32cubeide_1.5.0/stm32cubeide/plugins/com.st.stm32cube.ide.mcu.externaltools.gnu-tools-for-stm32.7-2018-q2-update.win32_1.5.0.202011040924/tools/bin/../lib/gcc/arm-none-eabi/7.3.1/../../../../arm-none-eabi/lib/thumb/v7-m/crt0.o (__libc_init_array)
c:/st/stm32cubeide_1.5.0/stm32cubeide/plugins/com.st.stm32cube.ide.mcu.externaltools.gnu-tools-for-stm32.7-2018-q2-update.win32_1.5.0.202011040924/tools/bin/../lib/gcc/arm-none-eabi/7.3.1/../../../../arm-none-eabi/lib/thumb/v7-m\libc_nano.a(lib_a-memcpy-stub.o)
                              Middlewares/Third_Party/FreeRTOS/Source/CMSIS_RTOS_V2/cmsis_os2.o (memcpy)
c:/st/stm32cubeide_1.5.0/stm32cubeide/plugins/com.st.stm32cube.ide.mcu.externaltools.gnu-tools-for-stm32.7-2018-q2-update.win32_1.5.0.202011040924/tools/bin/../lib/gcc/arm-none-eabi/7.3.1/../../../../arm-none-eabi/lib/thumb/v7-m\libc_nano.a(lib_a-memset.o)
                              c:/st/stm32cubeide_1.5.0/stm32cubeide/plugins/com.st.stm32cube.ide.mcu.externaltools.gnu-tools-for-stm32.7-2018-q2-update.win32_1.5.0.202011040924/tools/bin/../lib/gcc/arm-none-eabi/7.3.1/../../../../arm-none-eabi/lib/thumb/v7-m/crt0.o (memset)
c:/st/stm32cubeide_1.5.0/stm32cubeide/plugins/com.st.stm32cube.ide.mcu.externaltools.gnu-tools-for-stm32.7-2018-q2-update.win32_1.5.0.202011040924/tools/bin/../lib/gcc/arm-none-eabi/7.3.1/../../../../arm-none-eabi/lib/thumb/v7-m\libc_nano.a(lib_a-strlen.o)
                              Core/Src/freeRTOS_tasks.o (strlen)

Allocating common symbols
Common symbol       size              file

hUsbDeviceFS        0x2c4             USB_DEVICE/App/usb_device.o
defaultTaskHandle   0x4               Core/Src/main.o
USB_Tx_Buf          0x18              Core/Src/freeRTOS_tasks.o
uwTick              0x4               Drivers/STM32F1xx_HAL_Driver/Src/stm32f1xx_hal.o
xQueueRegistry      0x40              Middlewares/Third_Party/FreeRTOS/Source/queue.o
pFlash              0x20              Drivers/STM32F1xx_HAL_Driver/Src/stm32f1xx_hal_flash.o
UserRxBufferFS      0x40              USB_DEVICE/App/usbd_cdc_if.o
UserTxBufferFS      0x40              USB_DEVICE/App/usbd_cdc_if.o
pDelay_LED          0x4               Core/Src/freeRTOS_tasks.o
hpcd_USB_FS         0x2ec             USB_DEVICE/Target/usbd_conf.o
USBD_StrDesc        0x200             USB_DEVICE/App/usbd_desc.o
Delay_LED           0x2               Core/Src/freeRTOS_tasks.o

Discarded input sections

 .text          0x0000000000000000        0x0 c:/st/stm32cubeide_1.5.0/stm32cubeide/plugins/com.st.stm32cube.ide.mcu.externaltools.gnu-tools-for-stm32.7-2018-q2-update.win32_1.5.0.202011040924/tools/bin/../lib/gcc/arm-none-eabi/7.3.1/thumb/v7-m/crti.o
 .data          0x0000000000000000        0x0 c:/st/stm32cubeide_1.5.0/stm32cubeide/plugins/com.st.stm32cube.ide.mcu.externaltools.gnu-tools-for-stm32.7-2018-q2-update.win32_1.5.0.202011040924/tools/bin/../lib/gcc/arm-none-eabi/7.3.1/thumb/v7-m/crti.o
 .bss           0x0000000000000000        0x0 c:/st/stm32cubeide_1.5.0/stm32cubeide/plugins/com.st.stm32cube.ide.mcu.externaltools.gnu-tools-for-stm32.7-2018-q2-update.win32_1.5.0.202011040924/tools/bin/../lib/gcc/arm-none-eabi/7.3.1/thumb/v7-m/crti.o
[...]
Memory Configuration

Name             Origin             Length             Attributes
RAM              0x0000000020000000 0x0000000000005000 xrw
FLASH            0x0000000008000000 0x0000000000010000 xr
*default*        0x0000000000000000 0xffffffffffffffff

Linker script and memory map

LOAD c:/st/stm32cubeide_1.5.0/stm32cubeide/plugins/com.st.stm32cube.ide.mcu.externaltools.gnu-tools-for-stm32.7-2018-q2-update.win32_1.5.0.202011040924/tools/bin/../lib/gcc/arm-none-eabi/7.3.1/thumb/v7-m/crti.o
LOAD c:/st/stm32cubeide_1.5.0/stm32cubeide/plugins/com.st.stm32cube.ide.mcu.externaltools.gnu-tools-for-stm32.7-2018-q2-update.win32_1.5.0.202011040924/tools/bin/../lib/gcc/arm-none-eabi/7.3.1/thumb/v7-m/crtbegin.o
LOAD c:/st/stm32cubeide_1.5.0/stm32cubeide/plugins/com.st.stm32cube.ide.mcu.externaltools.gnu-tools-for-stm32.7-2018-q2-update.win32_1.5.0.202011040924/tools/bin/../lib/gcc/arm-none-eabi/7.3.1/../../../../arm-none-eabi/lib/thumb/v7-m/crt0.o
LOAD Core/Src/PCB_BluePill.o
LOAD Core/Src/freeRTOS_tasks.o
LOAD Core/Src/freertos.o
LOAD Core/Src/main.o
LOAD Core/Src/stm32f1xx_hal_msp.o
LOAD Core/Src/stm32f1xx_it.o
LOAD Core/Src/syscalls.o
LOAD Core/Src/sysmem.o
LOAD Core/Src/system_stm32f1xx.o
LOAD Core/Startup/startup_stm32f103c8tx.o
LOAD Drivers/STM32F1xx_HAL_Driver/Src/stm32f1xx_hal.o
LOAD Drivers/STM32F1xx_HAL_Driver/Src/stm32f1xx_hal_cortex.o
LOAD Drivers/STM32F1xx_HAL_Driver/Src/stm32f1xx_hal_dma.o
LOAD Drivers/STM32F1xx_HAL_Driver/Src/stm32f1xx_hal_exti.o
LOAD Drivers/STM32F1xx_HAL_Driver/Src/stm32f1xx_hal_flash.o
LOAD Drivers/STM32F1xx_HAL_Driver/Src/stm32f1xx_hal_flash_ex.o
LOAD Drivers/STM32F1xx_HAL_Driver/Src/stm32f1xx_hal_gpio.o
LOAD Drivers/STM32F1xx_HAL_Driver/Src/stm32f1xx_hal_gpio_ex.o
LOAD Drivers/STM32F1xx_HAL_Driver/Src/stm32f1xx_hal_pcd.o
LOAD Drivers/STM32F1xx_HAL_Driver/Src/stm32f1xx_hal_pcd_ex.o
LOAD Drivers/STM32F1xx_HAL_Driver/Src/stm32f1xx_hal_pwr.o
LOAD Drivers/STM32F1xx_HAL_Driver/Src/stm32f1xx_hal_rcc.o
LOAD Drivers/STM32F1xx_HAL_Driver/Src/stm32f1xx_hal_rcc_ex.o
LOAD Drivers/STM32F1xx_HAL_Driver/Src/stm32f1xx_hal_tim.o
LOAD Drivers/STM32F1xx_HAL_Driver/Src/stm32f1xx_hal_tim_ex.o
LOAD Drivers/STM32F1xx_HAL_Driver/Src/stm32f1xx_ll_usb.o
LOAD Middlewares/ST/STM32_USB_Device_Library/Class/CDC/Src/usbd_cdc.o
LOAD Middlewares/ST/STM32_USB_Device_Library/Core/Src/usbd_core.o
LOAD Middlewares/ST/STM32_USB_Device_Library/Core/Src/usbd_ctlreq.o
LOAD Middlewares/ST/STM32_USB_Device_Library/Core/Src/usbd_ioreq.o
LOAD Middlewares/Third_Party/FreeRTOS/Source/CMSIS_RTOS_V2/cmsis_os2.o
LOAD Middlewares/Third_Party/FreeRTOS/Source/croutine.o
LOAD Middlewares/Third_Party/FreeRTOS/Source/event_groups.o
LOAD Middlewares/Third_Party/FreeRTOS/Source/list.o
LOAD Middlewares/Third_Party/FreeRTOS/Source/queue.o
LOAD Middlewares/Third_Party/FreeRTOS/Source/stream_buffer.o
LOAD Middlewares/Third_Party/FreeRTOS/Source/tasks.o
LOAD Middlewares/Third_Party/FreeRTOS/Source/timers.o
LOAD Middlewares/Third_Party/FreeRTOS/Source/portable/GCC/ARM_CM3/port.o
LOAD Middlewares/Third_Party/FreeRTOS/Source/portable/MemMang/heap_4.o
LOAD USB_DEVICE/App/usb_device.o
LOAD USB_DEVICE/App/usbd_cdc_if.o
LOAD USB_DEVICE/App/usbd_desc.o
LOAD USB_DEVICE/Target/usbd_conf.o
START GROUP
LOAD c:/st/stm32cubeide_1.5.0/stm32cubeide/plugins/com.st.stm32cube.ide.mcu.externaltools.gnu-tools-for-stm32.7-2018-q2-update.win32_1.5.0.202011040924/tools/bin/../lib/gcc/arm-none-eabi/7.3.1/../../../../arm-none-eabi/lib/thumb/v7-m\libc_nano.a
LOAD c:/st/stm32cubeide_1.5.0/stm32cubeide/plugins/com.st.stm32cube.ide.mcu.externaltools.gnu-tools-for-stm32.7-2018-q2-update.win32_1.5.0.202011040924/tools/bin/../lib/gcc/arm-none-eabi/7.3.1/../../../../arm-none-eabi/lib/thumb/v7-m\libm.a
END GROUP
START GROUP
LOAD c:/st/stm32cubeide_1.5.0/stm32cubeide/plugins/com.st.stm32cube.ide.mcu.externaltools.gnu-tools-for-stm32.7-2018-q2-update.win32_1.5.0.202011040924/tools/bin/../lib/gcc/arm-none-eabi/7.3.1/thumb/v7-m\libgcc.a
LOAD c:/st/stm32cubeide_1.5.0/stm32cubeide/plugins/com.st.stm32cube.ide.mcu.externaltools.gnu-tools-for-stm32.7-2018-q2-update.win32_1.5.0.202011040924/tools/bin/../lib/gcc/arm-none-eabi/7.3.1/../../../../arm-none-eabi/lib/thumb/v7-m\libc_nano.a
END GROUP
START GROUP
LOAD c:/st/stm32cubeide_1.5.0/stm32cubeide/plugins/com.st.stm32cube.ide.mcu.externaltools.gnu-tools-for-stm32.7-2018-q2-update.win32_1.5.0.202011040924/tools/bin/../lib/gcc/arm-none-eabi/7.3.1/thumb/v7-m\libgcc.a
LOAD c:/st/stm32cubeide_1.5.0/stm32cubeide/plugins/com.st.stm32cube.ide.mcu.externaltools.gnu-tools-for-stm32.7-2018-q2-update.win32_1.5.0.202011040924/tools/bin/../lib/gcc/arm-none-eabi/7.3.1/../../../../arm-none-eabi/lib/thumb/v7-m\libc_nano.a
LOAD c:/st/stm32cubeide_1.5.0/stm32cubeide/plugins/com.st.stm32cube.ide.mcu.externaltools.gnu-tools-for-stm32.7-2018-q2-update.win32_1.5.0.202011040924/tools/bin/../lib/gcc/arm-none-eabi/7.3.1/../../../../arm-none-eabi/lib/thumb/v7-m\libnosys.a
END GROUP
START GROUP
LOAD c:/st/stm32cubeide_1.5.0/stm32cubeide/plugins/com.st.stm32cube.ide.mcu.externaltools.gnu-tools-for-stm32.7-2018-q2-update.win32_1.5.0.202011040924/tools/bin/../lib/gcc/arm-none-eabi/7.3.1/thumb/v7-m\libgcc.a
LOAD c:/st/stm32cubeide_1.5.0/stm32cubeide/plugins/com.st.stm32cube.ide.mcu.externaltools.gnu-tools-for-stm32.7-2018-q2-update.win32_1.5.0.202011040924/tools/bin/../lib/gcc/arm-none-eabi/7.3.1/../../../../arm-none-eabi/lib/thumb/v7-m\libc_nano.a
LOAD c:/st/stm32cubeide_1.5.0/stm32cubeide/plugins/com.st.stm32cube.ide.mcu.externaltools.gnu-tools-for-stm32.7-2018-q2-update.win32_1.5.0.202011040924/tools/bin/../lib/gcc/arm-none-eabi/7.3.1/../../../../arm-none-eabi/lib/thumb/v7-m\libnosys.a
END GROUP
LOAD c:/st/stm32cubeide_1.5.0/stm32cubeide/plugins/com.st.stm32cube.ide.mcu.externaltools.gnu-tools-for-stm32.7-2018-q2-update.win32_1.5.0.202011040924/tools/bin/../lib/gcc/arm-none-eabi/7.3.1/thumb/v7-m/crtend.o
LOAD c:/st/stm32cubeide_1.5.0/stm32cubeide/plugins/com.st.stm32cube.ide.mcu.externaltools.gnu-tools-for-stm32.7-2018-q2-update.win32_1.5.0.202011040924/tools/bin/../lib/gcc/arm-none-eabi/7.3.1/thumb/v7-m/crtn.o
                0x0000000020005000                _estack = (ORIGIN (RAM) + LENGTH (RAM))
                0x0000000000000200                _Min_Heap_Size = 0x200
                0x0000000000000400                _Min_Stack_Size = 0x400

.isr_vector     0x0000000008000000      0x10c
                0x0000000008000000                . = ALIGN (0x4)
 *(.isr_vector)
 .isr_vector    0x0000000008000000      0x10c Core/Startup/startup_stm32f103c8tx.o
                0x0000000008000000                g_pfnVectors
                0x000000000800010c                . = ALIGN (0x4)

.text           0x0000000008000110     0x96bc
                0x0000000008000110                . = ALIGN (0x4)
 *(.text)
 .text          0x0000000008000110       0x40 c:/st/stm32cubeide_1.5.0/stm32cubeide/plugins/com.st.stm32cube.ide.mcu.externaltools.gnu-tools-for-stm32.7-2018-q2-update.win32_1.5.0.202011040924/tools/bin/../lib/gcc/arm-none-eabi/7.3.1/thumb/v7-m/crtbegin.o
 .text          0x0000000008000150       0x10 c:/st/stm32cubeide_1.5.0/stm32cubeide/plugins/com.st.stm32cube.ide.mcu.externaltools.gnu-tools-for-stm32.7-2018-q2-update.win32_1.5.0.202011040924/tools/bin/../lib/gcc/arm-none-eabi/7.3.1/../../../../arm-none-eabi/lib/thumb/v7-m\libc_nano.a(lib_a-strlen.o)
                0x0000000008000150                strlen
 *(.text*)
 .text.PCB_Init
                0x0000000008000160       0x18 Core/Src/PCB_BluePill.o
                0x0000000008000160                PCB_Init
 .text.PCB_LED_Toggle
                0x0000000008000178       0x18 Core/Src/PCB_BluePill.o
                0x0000000008000178                PCB_LED_Toggle
 .text.freeRTOS_Tasks_Ini
                0x0000000008000190       0x7c Core/Src/freeRTOS_tasks.o
                0x0000000008000190                freeRTOS_Tasks_Ini
 .text.vTask_Transmit_VCP
                0x000000000800020c       0x40 Core/Src/freeRTOS_tasks.o
                0x000000000800020c                vTask_Transmit_VCP
 .text.vTask_USB_Init
                0x000000000800024c       0x60 Core/Src/freeRTOS_tasks.o
                0x000000000800024c                vTask_USB_Init
 .text.vTask_PCB_LED_Toggle
                0x00000000080002ac       0x2a Core/Src/freeRTOS_tasks.o
                0x00000000080002ac                vTask_PCB_LED_Toggle
 *fill*         0x00000000080002d6        0x2 
 .text.main     0x00000000080002d8       0x38 Core/Src/main.o
                0x00000000080002d8                main
 .text.SystemClock_Config
                0x0000000008000310       0xb4 Core/Src/main.o
                0x0000000008000310                SystemClock_Config
 .text.MX_GPIO_Init
                0x00000000080003c4       0x98 Core/Src/main.o
 .text.StartDefaultTask
                0x000000000800045c       0x18 Core/Src/main.o
                0x000000000800045c                StartDefaultTask
 .text.Error_Handler
                0x0000000008000474        0x8 Core/Src/main.o
                0x0000000008000474                Error_Handler
 .text.HAL_MspInit
                0x000000000800047c       0x70 Core/Src/stm32f1xx_hal_msp.o
                0x000000000800047c                HAL_MspInit
 .text.NMI_Handler
                0x00000000080004ec        0x6 Core/Src/stm32f1xx_it.o
                0x00000000080004ec                NMI_Handler
 .text.HardFault_Handler
                0x00000000080004f2        0x6 Core/Src/stm32f1xx_it.o
                0x00000000080004f2                HardFault_Handler
 .text.MemManage_Handler
                0x00000000080004f8        0x6 Core/Src/stm32f1xx_it.o
                0x00000000080004f8                MemManage_Handler
 .text.BusFault_Handler
                0x00000000080004fe        0x6 Core/Src/stm32f1xx_it.o
                0x00000000080004fe                BusFault_Handler
 .text.UsageFault_Handler
                0x0000000008000504        0x6 Core/Src/stm32f1xx_it.o
                0x0000000008000504                UsageFault_Handler
 .text.DebugMon_Handler
                0x000000000800050a        0xc Core/Src/stm32f1xx_it.o
                0x000000000800050a                DebugMon_Handler
 .text.SysTick_Handler
                0x0000000008000516       0x1a Core/Src/stm32f1xx_it.o
                0x0000000008000516                SysTick_Handler
 .text.USB_LP_CAN1_RX0_IRQHandler
                0x0000000008000530       0x14 Core/Src/stm32f1xx_it.o
                0x0000000008000530                USB_LP_CAN1_RX0_IRQHandler
 .text.SystemInit
                0x0000000008000544        0xc Core/Src/system_stm32f1xx.o
                0x0000000008000544                SystemInit
 .text.Reset_Handler
                0x0000000008000550       0x48 Core/Startup/startup_stm32f103c8tx.o
                0x0000000008000550                Reset_Handler
 .text.Default_Handler
                0x0000000008000598        0x2 Core/Startup/startup_stm32f103c8tx.o
                0x0000000008000598                RTC_Alarm_IRQHandler
                0x0000000008000598                EXTI2_IRQHandler
                0x0000000008000598                TIM1_CC_IRQHandler
                0x0000000008000598                PVD_IRQHandler
                0x0000000008000598                EXTI3_IRQHandler
                0x0000000008000598                EXTI0_IRQHandler
                0x0000000008000598                I2C2_EV_IRQHandler
                0x0000000008000598                ADC1_2_IRQHandler
                0x0000000008000598                SPI1_IRQHandler
                0x0000000008000598                TAMPER_IRQHandler
                0x0000000008000598                DMA1_Channel4_IRQHandler
                0x0000000008000598                USART3_IRQHandler
                0x0000000008000598                RTC_IRQHandler
                0x0000000008000598                DMA1_Channel7_IRQHandler
                0x0000000008000598                CAN1_RX1_IRQHandler
                0x0000000008000598                TIM4_IRQHandler
                0x0000000008000598                I2C1_EV_IRQHandler
                0x0000000008000598                DMA1_Channel6_IRQHandler
                0x0000000008000598                TIM3_IRQHandler
                0x0000000008000598                RCC_IRQHandler
                0x0000000008000598                TIM1_TRG_COM_IRQHandler
                0x0000000008000598                DMA1_Channel1_IRQHandler
                0x0000000008000598                Default_Handler
                0x0000000008000598                EXTI15_10_IRQHandler
                0x0000000008000598                EXTI9_5_IRQHandler
                0x0000000008000598                SPI2_IRQHandler
                0x0000000008000598                DMA1_Channel5_IRQHandler
                0x0000000008000598                EXTI4_IRQHandler
                0x0000000008000598                USB_HP_CAN1_TX_IRQHandler
                0x0000000008000598                DMA1_Channel3_IRQHandler
                0x0000000008000598                TIM1_UP_IRQHandler
                0x0000000008000598                WWDG_IRQHandler
                0x0000000008000598                TIM2_IRQHandler
                0x0000000008000598                TIM1_BRK_IRQHandler
                0x0000000008000598                EXTI1_IRQHandler
                0x0000000008000598                USART2_IRQHandler
                0x0000000008000598                I2C2_ER_IRQHandler
                0x0000000008000598                DMA1_Channel2_IRQHandler
                0x0000000008000598                CAN1_SCE_IRQHandler
                0x0000000008000598                FLASH_IRQHandler
                0x0000000008000598                USART1_IRQHandler
                0x0000000008000598                I2C1_ER_IRQHandler
                0x0000000008000598                USBWakeUp_IRQHandler
 *fill*         0x000000000800059a        0x2 
 .text.HAL_Init
                0x000000000800059c       0x2c Drivers/STM32F1xx_HAL_Driver/Src/stm32f1xx_hal.o
                0x000000000800059c                HAL_Init
 .text.HAL_InitTick
                0x00000000080005c8       0x60 Drivers/STM32F1xx_HAL_Driver/Src/stm32f1xx_hal.o
                0x00000000080005c8                HAL_InitTick
 .text.HAL_IncTick
                0x0000000008000628       0x24 Drivers/STM32F1xx_HAL_Driver/Src/stm32f1xx_hal.o
                0x0000000008000628                HAL_IncTick
 .text.HAL_GetTick
                0x000000000800064c       0x14 Drivers/STM32F1xx_HAL_Driver/Src/stm32f1xx_hal.o
                0x000000000800064c                HAL_GetTick
 .text.__NVIC_SetPriorityGrouping
                0x0000000008000660       0x48 Drivers/STM32F1xx_HAL_Driver/Src/stm32f1xx_hal_cortex.o
 .text.__NVIC_GetPriorityGrouping
                0x00000000080006a8       0x1c Drivers/STM32F1xx_HAL_Driver/Src/stm32f1xx_hal_cortex.o
 .text.__NVIC_EnableIRQ
                0x00000000080006c4       0x38 Drivers/STM32F1xx_HAL_Driver/Src/stm32f1xx_hal_cortex.o
 .text.__NVIC_SetPriority
                0x00000000080006fc       0x54 Drivers/STM32F1xx_HAL_Driver/Src/stm32f1xx_hal_cortex.o
 .text.NVIC_EncodePriority
                0x0000000008000750       0x64 Drivers/STM32F1xx_HAL_Driver/Src/stm32f1xx_hal_cortex.o
 .text.SysTick_Config
                0x00000000080007b4       0x44 Drivers/STM32F1xx_HAL_Driver/Src/stm32f1xx_hal_cortex.o
 .text.HAL_NVIC_SetPriorityGrouping
                0x00000000080007f8       0x16 Drivers/STM32F1xx_HAL_Driver/Src/stm32f1xx_hal_cortex.o
                0x00000000080007f8                HAL_NVIC_SetPriorityGrouping
 .text.HAL_NVIC_SetPriority
                0x000000000800080e       0x38 Drivers/STM32F1xx_HAL_Driver/Src/stm32f1xx_hal_cortex.o
                0x000000000800080e                HAL_NVIC_SetPriority
 .text.HAL_NVIC_EnableIRQ
                0x0000000008000846       0x1c Drivers/STM32F1xx_HAL_Driver/Src/stm32f1xx_hal_cortex.o
                0x0000000008000846                HAL_NVIC_EnableIRQ
 .text.HAL_SYSTICK_Config
                0x0000000008000862       0x18 Drivers/STM32F1xx_HAL_Driver/Src/stm32f1xx_hal_cortex.o
                0x0000000008000862                HAL_SYSTICK_Config
 *fill*         0x000000000800087a        0x2 
 .text.HAL_GPIO_Init
                0x000000000800087c      0x2b4 Drivers/STM32F1xx_HAL_Driver/Src/stm32f1xx_hal_gpio.o
                0x000000000800087c                HAL_GPIO_Init
 .text.HAL_GPIO_WritePin
                0x0000000008000b30       0x30 Drivers/STM32F1xx_HAL_Driver/Src/stm32f1xx_hal_gpio.o
                0x0000000008000b30                HAL_GPIO_WritePin
 .text.HAL_GPIO_TogglePin
                0x0000000008000b60       0x32 Drivers/STM32F1xx_HAL_Driver/Src/stm32f1xx_hal_gpio.o
                0x0000000008000b60                HAL_GPIO_TogglePin
 .text.HAL_PCD_Init
                0x0000000008000b92      0x216 Drivers/STM32F1xx_HAL_Driver/Src/stm32f1xx_hal_pcd.o
                0x0000000008000b92                HAL_PCD_Init
 .text.HAL_PCD_Start
                0x0000000008000da8       0x4c Drivers/STM32F1xx_HAL_Driver/Src/stm32f1xx_hal_pcd.o
                0x0000000008000da8                HAL_PCD_Start
 .text.HAL_PCD_IRQHandler
                0x0000000008000df4      0x2aa Drivers/STM32F1xx_HAL_Driver/Src/stm32f1xx_hal_pcd.o
                0x0000000008000df4                HAL_PCD_IRQHandler
 .text.HAL_PCD_SetAddress
                0x000000000800109e       0x4a Drivers/STM32F1xx_HAL_Driver/Src/stm32f1xx_hal_pcd.o
                0x000000000800109e                HAL_PCD_SetAddress
 .text.HAL_PCD_EP_Open
                0x00000000080010e8       0xcc Drivers/STM32F1xx_HAL_Driver/Src/stm32f1xx_hal_pcd.o
                0x00000000080010e8                HAL_PCD_EP_Open
 .text.HAL_PCD_EP_Close
                0x00000000080011b4       0x90 Drivers/STM32F1xx_HAL_Driver/Src/stm32f1xx_hal_pcd.o
                0x00000000080011b4                HAL_PCD_EP_Close
 .text.HAL_PCD_EP_Receive
                0x0000000008001244       0x7a Drivers/STM32F1xx_HAL_Driver/Src/stm32f1xx_hal_pcd.o
                0x0000000008001244                HAL_PCD_EP_Receive
 .text.HAL_PCD_EP_GetRxCount
                0x00000000080012be       0x2e Drivers/STM32F1xx_HAL_Driver/Src/stm32f1xx_hal_pcd.o
                0x00000000080012be                HAL_PCD_EP_GetRxCount
 .text.HAL_PCD_EP_Transmit
                0x00000000080012ec       0x86 Drivers/STM32F1xx_HAL_Driver/Src/stm32f1xx_hal_pcd.o
                0x00000000080012ec                HAL_PCD_EP_Transmit
 .text.HAL_PCD_EP_SetStall
                0x0000000008001372       0xc0 Drivers/STM32F1xx_HAL_Driver/Src/stm32f1xx_hal_pcd.o
                0x0000000008001372                HAL_PCD_EP_SetStall
 .text.HAL_PCD_EP_ClrStall
                0x0000000008001432       0xa8 Drivers/STM32F1xx_HAL_Driver/Src/stm32f1xx_hal_pcd.o
                0x0000000008001432                HAL_PCD_EP_ClrStall
 .text.PCD_EP_ISR_Handler
                0x00000000080014da      0x5e6 Drivers/STM32F1xx_HAL_Driver/Src/stm32f1xx_hal_pcd.o
 .text.HAL_PCD_EP_DB_Receive
                0x0000000008001ac0      0x21a Drivers/STM32F1xx_HAL_Driver/Src/stm32f1xx_hal_pcd.o
 .text.HAL_PCD_EP_DB_Transmit
                0x0000000008001cda      0x53a Drivers/STM32F1xx_HAL_Driver/Src/stm32f1xx_hal_pcd.o
 .text.HAL_PCDEx_PMAConfig
                0x0000000008002214       0x84 Drivers/STM32F1xx_HAL_Driver/Src/stm32f1xx_hal_pcd_ex.o
                0x0000000008002214                HAL_PCDEx_PMAConfig
 .text.HAL_RCC_OscConfig
                0x0000000008002298      0x500 Drivers/STM32F1xx_HAL_Driver/Src/stm32f1xx_hal_rcc.o
                0x0000000008002298                HAL_RCC_OscConfig
 .text.HAL_RCC_ClockConfig
                0x0000000008002798      0x1d4 Drivers/STM32F1xx_HAL_Driver/Src/stm32f1xx_hal_rcc.o
                0x0000000008002798                HAL_RCC_ClockConfig
 .text.HAL_RCC_GetSysClockFreq
                0x000000000800296c       0xc4 Drivers/STM32F1xx_HAL_Driver/Src/stm32f1xx_hal_rcc.o
                0x000000000800296c                HAL_RCC_GetSysClockFreq
 .text.RCC_Delay
                0x0000000008002a30       0x3c Drivers/STM32F1xx_HAL_Driver/Src/stm32f1xx_hal_rcc.o
 .text.HAL_RCCEx_PeriphCLKConfig
                0x0000000008002a6c      0x16c Drivers/STM32F1xx_HAL_Driver/Src/stm32f1xx_hal_rcc_ex.o
                0x0000000008002a6c                HAL_RCCEx_PeriphCLKConfig
 .text.USB_CoreInit
                0x0000000008002bd8       0x20 Drivers/STM32F1xx_HAL_Driver/Src/stm32f1xx_ll_usb.o
                0x0000000008002bd8                USB_CoreInit
 .text.USB_EnableGlobalInt
                0x0000000008002bf8       0x2c Drivers/STM32F1xx_HAL_Driver/Src/stm32f1xx_ll_usb.o
                0x0000000008002bf8                USB_EnableGlobalInt
 .text.USB_DisableGlobalInt
                0x0000000008002c24       0x34 Drivers/STM32F1xx_HAL_Driver/Src/stm32f1xx_ll_usb.o
                0x0000000008002c24                USB_DisableGlobalInt
 .text.USB_SetCurrentMode
                0x0000000008002c58       0x18 Drivers/STM32F1xx_HAL_Driver/Src/stm32f1xx_ll_usb.o
                0x0000000008002c58                USB_SetCurrentMode
 .text.USB_DevInit
                0x0000000008002c70       0x40 Drivers/STM32F1xx_HAL_Driver/Src/stm32f1xx_ll_usb.o
                0x0000000008002c70                USB_DevInit
 .text.USB_ActivateEndpoint
                0x0000000008002cb0      0x6d4 Drivers/STM32F1xx_HAL_Driver/Src/stm32f1xx_ll_usb.o
                0x0000000008002cb0                USB_ActivateEndpoint
 .text.USB_DeactivateEndpoint
                0x0000000008003384      0x3d8 Drivers/STM32F1xx_HAL_Driver/Src/stm32f1xx_ll_usb.o
                0x0000000008003384                USB_DeactivateEndpoint
 .text.USB_EPStartXfer
                0x000000000800375c     0x1240 Drivers/STM32F1xx_HAL_Driver/Src/stm32f1xx_ll_usb.o
                0x000000000800375c                USB_EPStartXfer
 .text.USB_EPSetStall
                0x000000000800499c       0xa0 Drivers/STM32F1xx_HAL_Driver/Src/stm32f1xx_ll_usb.o
                0x000000000800499c                USB_EPSetStall
 .text.USB_EPClearStall
                0x0000000008004a3c      0x15a Drivers/STM32F1xx_HAL_Driver/Src/stm32f1xx_ll_usb.o
                0x0000000008004a3c                USB_EPClearStall
 .text.USB_SetDevAddress
                0x0000000008004b96       0x26 Drivers/STM32F1xx_HAL_Driver/Src/stm32f1xx_ll_usb.o
                0x0000000008004b96                USB_SetDevAddress
 .text.USB_DevConnect
                0x0000000008004bbc       0x14 Drivers/STM32F1xx_HAL_Driver/Src/stm32f1xx_ll_usb.o
                0x0000000008004bbc                USB_DevConnect
 .text.USB_DevDisconnect
                0x0000000008004bd0       0x14 Drivers/STM32F1xx_HAL_Driver/Src/stm32f1xx_ll_usb.o
                0x0000000008004bd0                USB_DevDisconnect
 .text.USB_ReadInterrupts
                0x0000000008004be4       0x1e Drivers/STM32F1xx_HAL_Driver/Src/stm32f1xx_ll_usb.o
                0x0000000008004be4                USB_ReadInterrupts
 .text.USB_EP0_OutStart
                0x0000000008004c02       0x16 Drivers/STM32F1xx_HAL_Driver/Src/stm32f1xx_ll_usb.o
                0x0000000008004c02                USB_EP0_OutStart
 .text.USB_WritePMA
                0x0000000008004c18       0x88 Drivers/STM32F1xx_HAL_Driver/Src/stm32f1xx_ll_usb.o
                0x0000000008004c18                USB_WritePMA
 .text.USB_ReadPMA
                0x0000000008004ca0       0x9e Drivers/STM32F1xx_HAL_Driver/Src/stm32f1xx_ll_usb.o
                0x0000000008004ca0                USB_ReadPMA
 .text.USBD_CDC_Init
                0x0000000008004d3e       0xf4 Middlewares/ST/STM32_USB_Device_Library/Class/CDC/Src/usbd_cdc.o
 .text.USBD_CDC_DeInit
                0x0000000008004e32       0x6e Middlewares/ST/STM32_USB_Device_Library/Class/CDC/Src/usbd_cdc.o
 .text.USBD_CDC_Setup
                0x0000000008004ea0      0x140 Middlewares/ST/STM32_USB_Device_Library/Class/CDC/Src/usbd_cdc.o
 .text.USBD_CDC_DataIn
                0x0000000008004fe0       0xa6 Middlewares/ST/STM32_USB_Device_Library/Class/CDC/Src/usbd_cdc.o
 .text.USBD_CDC_DataOut
                0x0000000008005086       0x56 Middlewares/ST/STM32_USB_Device_Library/Class/CDC/Src/usbd_cdc.o
 .text.USBD_CDC_EP0_RxReady
                0x00000000080050dc       0x50 Middlewares/ST/STM32_USB_Device_Library/Class/CDC/Src/usbd_cdc.o
 .text.USBD_CDC_GetFSCfgDesc
                0x000000000800512c       0x20 Middlewares/ST/STM32_USB_Device_Library/Class/CDC/Src/usbd_cdc.o
 .text.USBD_CDC_GetHSCfgDesc
                0x000000000800514c       0x20 Middlewares/ST/STM32_USB_Device_Library/Class/CDC/Src/usbd_cdc.o
 .text.USBD_CDC_GetOtherSpeedCfgDesc
                0x000000000800516c       0x20 Middlewares/ST/STM32_USB_Device_Library/Class/CDC/Src/usbd_cdc.o
 .text.USBD_CDC_GetDeviceQualifierDescriptor
                0x000000000800518c       0x20 Middlewares/ST/STM32_USB_Device_Library/Class/CDC/Src/usbd_cdc.o
                0x000000000800518c                USBD_CDC_GetDeviceQualifierDescriptor
 .text.USBD_CDC_RegisterInterface
                0x00000000080051ac       0x2c Middlewares/ST/STM32_USB_Device_Library/Class/CDC/Src/usbd_cdc.o
                0x00000000080051ac                USBD_CDC_RegisterInterface
 .text.USBD_CDC_SetTxBuffer
                0x00000000080051d8       0x32 Middlewares/ST/STM32_USB_Device_Library/Class/CDC/Src/usbd_cdc.o
                0x00000000080051d8                USBD_CDC_SetTxBuffer
 .text.USBD_CDC_SetRxBuffer
                0x000000000800520a       0x26 Middlewares/ST/STM32_USB_Device_Library/Class/CDC/Src/usbd_cdc.o
                0x000000000800520a                USBD_CDC_SetRxBuffer
 .text.USBD_CDC_TransmitPacket
                0x0000000008005230       0x5e Middlewares/ST/STM32_USB_Device_Library/Class/CDC/Src/usbd_cdc.o
                0x0000000008005230                USBD_CDC_TransmitPacket
 .text.USBD_CDC_ReceivePacket
                0x000000000800528e       0x54 Middlewares/ST/STM32_USB_Device_Library/Class/CDC/Src/usbd_cdc.o
                0x000000000800528e                USBD_CDC_ReceivePacket
 .text.USBD_Init
                0x00000000080052e2       0x56 Middlewares/ST/STM32_USB_Device_Library/Core/Src/usbd_core.o
                0x00000000080052e2                USBD_Init
 .text.USBD_RegisterClass
                0x0000000008005338       0x32 Middlewares/ST/STM32_USB_Device_Library/Core/Src/usbd_core.o
                0x0000000008005338                USBD_RegisterClass
 .text.USBD_Start
                0x000000000800536a       0x18 Middlewares/ST/STM32_USB_Device_Library/Core/Src/usbd_core.o
                0x000000000800536a                USBD_Start
 .text.USBD_RunTestMode
                0x0000000008005382       0x14 Middlewares/ST/STM32_USB_Device_Library/Core/Src/usbd_core.o
                0x0000000008005382                USBD_RunTestMode
 .text.USBD_SetClassConfig
                0x0000000008005396       0x3e Middlewares/ST/STM32_USB_Device_Library/Core/Src/usbd_core.o
                0x0000000008005396                USBD_SetClassConfig
 .text.USBD_ClrClassConfig
                0x00000000080053d4       0x26 Middlewares/ST/STM32_USB_Device_Library/Core/Src/usbd_core.o
                0x00000000080053d4                USBD_ClrClassConfig
 .text.USBD_LL_SetupStage
                0x00000000080053fa       0x96 Middlewares/ST/STM32_USB_Device_Library/Core/Src/usbd_core.o
                0x00000000080053fa                USBD_LL_SetupStage
 .text.USBD_LL_DataOutStage
                0x0000000008005490       0xe2 Middlewares/ST/STM32_USB_Device_Library/Core/Src/usbd_core.o
                0x0000000008005490                USBD_LL_DataOutStage
 .text.USBD_LL_DataInStage
                0x0000000008005572      0x14a Middlewares/ST/STM32_USB_Device_Library/Core/Src/usbd_core.o
                0x0000000008005572                USBD_LL_DataInStage
 .text.USBD_LL_Reset
                0x00000000080056bc       0x82 Middlewares/ST/STM32_USB_Device_Library/Core/Src/usbd_core.o
                0x00000000080056bc                USBD_LL_Reset
 .text.USBD_LL_SetSpeed
                0x000000000800573e       0x1e Middlewares/ST/STM32_USB_Device_Library/Core/Src/usbd_core.o
                0x000000000800573e                USBD_LL_SetSpeed
 .text.USBD_LL_Suspend
                0x000000000800575c       0x28 Middlewares/ST/STM32_USB_Device_Library/Core/Src/usbd_core.o
                0x000000000800575c                USBD_LL_Suspend
 .text.USBD_LL_Resume
                0x0000000008005784       0x2a Middlewares/ST/STM32_USB_Device_Library/Core/Src/usbd_core.o
                0x0000000008005784                USBD_LL_Resume
 .text.USBD_LL_SOF
                0x00000000080057ae       0x34 Middlewares/ST/STM32_USB_Device_Library/Core/Src/usbd_core.o
                0x00000000080057ae                USBD_LL_SOF
 *fill*         0x00000000080057e2        0x2 
 .text.USBD_StdDevReq
                0x00000000080057e4       0xd4 Middlewares/ST/STM32_USB_Device_Library/Core/Src/usbd_ctlreq.o
                0x00000000080057e4                USBD_StdDevReq
 .text.USBD_StdItfReq
                0x00000000080058b8       0x8c Middlewares/ST/STM32_USB_Device_Library/Core/Src/usbd_ctlreq.o
                0x00000000080058b8                USBD_StdItfReq
 .text.USBD_StdEPReq
                0x0000000008005944      0x2ba Middlewares/ST/STM32_USB_Device_Library/Core/Src/usbd_ctlreq.o
                0x0000000008005944                USBD_StdEPReq
 *fill*         0x0000000008005bfe        0x2 
 .text.USBD_GetDescriptor
                0x0000000008005c00      0x2d0 Middlewares/ST/STM32_USB_Device_Library/Core/Src/usbd_ctlreq.o
 .text.USBD_SetAddress
                0x0000000008005ed0       0x84 Middlewares/ST/STM32_USB_Device_Library/Core/Src/usbd_ctlreq.o
 .text.USBD_SetConfig
                0x0000000008005f54      0x11c Middlewares/ST/STM32_USB_Device_Library/Core/Src/usbd_ctlreq.o
 .text.USBD_GetConfig
                0x0000000008006070       0x68 Middlewares/ST/STM32_USB_Device_Library/Core/Src/usbd_ctlreq.o
 .text.USBD_GetStatus
                0x00000000080060d8       0x66 Middlewares/ST/STM32_USB_Device_Library/Core/Src/usbd_ctlreq.o
 .text.USBD_SetFeature
                0x000000000800613e       0x28 Middlewares/ST/STM32_USB_Device_Library/Core/Src/usbd_ctlreq.o
 .text.USBD_ClrFeature
                0x0000000008006166       0x42 Middlewares/ST/STM32_USB_Device_Library/Core/Src/usbd_ctlreq.o
 .text.USBD_ParseSetupRequest
                0x00000000080061a8       0x78 Middlewares/ST/STM32_USB_Device_Library/Core/Src/usbd_ctlreq.o
                0x00000000080061a8                USBD_ParseSetupRequest
 .text.USBD_CtlError
                0x0000000008006220       0x22 Middlewares/ST/STM32_USB_Device_Library/Core/Src/usbd_ctlreq.o
                0x0000000008006220                USBD_CtlError
 .text.USBD_GetString
                0x0000000008006242       0x84 Middlewares/ST/STM32_USB_Device_Library/Core/Src/usbd_ctlreq.o
                0x0000000008006242                USBD_GetString
 .text.USBD_GetLen
                0x00000000080062c6       0x2e Middlewares/ST/STM32_USB_Device_Library/Core/Src/usbd_ctlreq.o
 .text.USBD_CtlSendData
                0x00000000080062f4       0x38 Middlewares/ST/STM32_USB_Device_Library/Core/Src/usbd_ioreq.o
                0x00000000080062f4                USBD_CtlSendData
 .text.USBD_CtlContinueSendData
                0x000000000800632c       0x24 Middlewares/ST/STM32_USB_Device_Library/Core/Src/usbd_ioreq.o
                0x000000000800632c                USBD_CtlContinueSendData
 .text.USBD_CtlPrepareRx
                0x0000000008006350       0x3c Middlewares/ST/STM32_USB_Device_Library/Core/Src/usbd_ioreq.o
                0x0000000008006350                USBD_CtlPrepareRx
 .text.USBD_CtlContinueRx
                0x000000000800638c       0x24 Middlewares/ST/STM32_USB_Device_Library/Core/Src/usbd_ioreq.o
                0x000000000800638c                USBD_CtlContinueRx
 .text.USBD_CtlSendStatus
                0x00000000080063b0       0x26 Middlewares/ST/STM32_USB_Device_Library/Core/Src/usbd_ioreq.o
                0x00000000080063b0                USBD_CtlSendStatus
 .text.USBD_CtlReceiveStatus
                0x00000000080063d6       0x26 Middlewares/ST/STM32_USB_Device_Library/Core/Src/usbd_ioreq.o
                0x00000000080063d6                USBD_CtlReceiveStatus
 .text.osKernelInitialize
                0x00000000080063fc       0x64 Middlewares/Third_Party/FreeRTOS/Source/CMSIS_RTOS_V2/cmsis_os2.o
                0x00000000080063fc                osKernelInitialize
 .text.osKernelStart
                0x0000000008006460       0x68 Middlewares/Third_Party/FreeRTOS/Source/CMSIS_RTOS_V2/cmsis_os2.o
                0x0000000008006460                osKernelStart
 .text.osThreadNew
                0x00000000080064c8      0x154 Middlewares/Third_Party/FreeRTOS/Source/CMSIS_RTOS_V2/cmsis_os2.o
                0x00000000080064c8                osThreadNew
 .text.osDelay  0x000000000800661c       0x5c Middlewares/Third_Party/FreeRTOS/Source/CMSIS_RTOS_V2/cmsis_os2.o
                0x000000000800661c                osDelay
 .text.vApplicationGetIdleTaskMemory
                0x0000000008006678       0x30 Middlewares/Third_Party/FreeRTOS/Source/CMSIS_RTOS_V2/cmsis_os2.o
                0x0000000008006678                vApplicationGetIdleTaskMemory
 .text.vApplicationGetTimerTaskMemory
                0x00000000080066a8       0x34 Middlewares/Third_Party/FreeRTOS/Source/CMSIS_RTOS_V2/cmsis_os2.o
                0x00000000080066a8                vApplicationGetTimerTaskMemory
 .text.vListInitialise
                0x00000000080066dc       0x3e Middlewares/Third_Party/FreeRTOS/Source/list.o
                0x00000000080066dc                vListInitialise
 .text.vListInitialiseItem
                0x000000000800671a       0x18 Middlewares/Third_Party/FreeRTOS/Source/list.o
                0x000000000800671a                vListInitialiseItem
 .text.vListInsertEnd
                0x0000000008006732       0x46 Middlewares/Third_Party/FreeRTOS/Source/list.o
                0x0000000008006732                vListInsertEnd
 .text.vListInsert
                0x0000000008006778       0x70 Middlewares/Third_Party/FreeRTOS/Source/list.o
                0x0000000008006778                vListInsert
 .text.uxListRemove
                0x00000000080067e8       0x52 Middlewares/Third_Party/FreeRTOS/Source/list.o
                0x00000000080067e8                uxListRemove
 *fill*         0x000000000800683a        0x2 
 .text.xQueueGenericReset
                0x000000000800683c       0xd0 Middlewares/Third_Party/FreeRTOS/Source/queue.o
                0x000000000800683c                xQueueGenericReset
 .text.xQueueGenericCreateStatic
                0x000000000800690c       0xe4 Middlewares/Third_Party/FreeRTOS/Source/queue.o
                0x000000000800690c                xQueueGenericCreateStatic
 .text.prvInitialiseNewQueue
                0x00000000080069f0       0x46 Middlewares/Third_Party/FreeRTOS/Source/queue.o
 *fill*         0x0000000008006a36        0x2 
 .text.xQueueGenericSend
                0x0000000008006a38      0x1f4 Middlewares/Third_Party/FreeRTOS/Source/queue.o
                0x0000000008006a38                xQueueGenericSend
 .text.xQueueGenericSendFromISR
                0x0000000008006c2c      0x128 Middlewares/Third_Party/FreeRTOS/Source/queue.o
                0x0000000008006c2c                xQueueGenericSendFromISR
 .text.xQueueReceive
                0x0000000008006d54      0x1b8 Middlewares/Third_Party/FreeRTOS/Source/queue.o
                0x0000000008006d54                xQueueReceive
 .text.prvCopyDataToQueue
                0x0000000008006f0c       0xd4 Middlewares/Third_Party/FreeRTOS/Source/queue.o
 .text.prvCopyDataFromQueue
                0x0000000008006fe0       0x4c Middlewares/Third_Party/FreeRTOS/Source/queue.o
 .text.prvUnlockQueue
                0x000000000800702c       0xa4 Middlewares/Third_Party/FreeRTOS/Source/queue.o
 .text.prvIsQueueEmpty
                0x00000000080070d0       0x2c Middlewares/Third_Party/FreeRTOS/Source/queue.o
 .text.prvIsQueueFull
                0x00000000080070fc       0x30 Middlewares/Third_Party/FreeRTOS/Source/queue.o
 .text.vQueueAddToRegistry
                0x000000000800712c       0x50 Middlewares/Third_Party/FreeRTOS/Source/queue.o
                0x000000000800712c                vQueueAddToRegistry
 .text.vQueueWaitForMessageRestricted
                0x000000000800717c       0x68 Middlewares/Third_Party/FreeRTOS/Source/queue.o
                0x000000000800717c                vQueueWaitForMessageRestricted
 .text.xTaskCreateStatic
                0x00000000080071e4       0xb2 Middlewares/Third_Party/FreeRTOS/Source/tasks.o
                0x00000000080071e4                xTaskCreateStatic
 .text.xTaskCreate
                0x0000000008007296       0x8a Middlewares/Third_Party/FreeRTOS/Source/tasks.o
                0x0000000008007296                xTaskCreate
 .text.prvInitialiseNewTask
                0x0000000008007320      0x10c Middlewares/Third_Party/FreeRTOS/Source/tasks.o
 .text.prvAddNewTaskToReadyList
                0x000000000800742c       0xe0 Middlewares/Third_Party/FreeRTOS/Source/tasks.o
 .text.vTaskDelete
                0x000000000800750c       0xe4 Middlewares/Third_Party/FreeRTOS/Source/tasks.o
                0x000000000800750c                vTaskDelete
 .text.vTaskDelay
                0x00000000080075f0       0x68 Middlewares/Third_Party/FreeRTOS/Source/tasks.o
                0x00000000080075f0                vTaskDelay
 .text.vTaskStartScheduler
                0x0000000008007658       0xc8 Middlewares/Third_Party/FreeRTOS/Source/tasks.o
                0x0000000008007658                vTaskStartScheduler
 .text.vTaskSuspendAll
                0x0000000008007720       0x1c Middlewares/Third_Party/FreeRTOS/Source/tasks.o
                0x0000000008007720                vTaskSuspendAll
 .text.xTaskResumeAll
                0x000000000800773c      0x138 Middlewares/Third_Party/FreeRTOS/Source/tasks.o
                0x000000000800773c                xTaskResumeAll
 .text.xTaskGetTickCount
                0x0000000008007874       0x1c Middlewares/Third_Party/FreeRTOS/Source/tasks.o
                0x0000000008007874                xTaskGetTickCount
 .text.xTaskIncrementTick
                0x0000000008007890      0x17c Middlewares/Third_Party/FreeRTOS/Source/tasks.o
                0x0000000008007890                xTaskIncrementTick
 .text.vTaskSwitchContext
                0x0000000008007a0c       0xb8 Middlewares/Third_Party/FreeRTOS/Source/tasks.o
                0x0000000008007a0c                vTaskSwitchContext
 .text.vTaskPlaceOnEventList
                0x0000000008007ac4       0x48 Middlewares/Third_Party/FreeRTOS/Source/tasks.o
                0x0000000008007ac4                vTaskPlaceOnEventList
 .text.vTaskPlaceOnEventListRestricted
                0x0000000008007b0c       0x54 Middlewares/Third_Party/FreeRTOS/Source/tasks.o
                0x0000000008007b0c                vTaskPlaceOnEventListRestricted
 .text.xTaskRemoveFromEventList
                0x0000000008007b60       0xc4 Middlewares/Third_Party/FreeRTOS/Source/tasks.o
                0x0000000008007b60                xTaskRemoveFromEventList
 .text.vTaskInternalSetTimeOutState
                0x0000000008007c24       0x2c Middlewares/Third_Party/FreeRTOS/Source/tasks.o
                0x0000000008007c24                vTaskInternalSetTimeOutState
 .text.xTaskCheckForTimeOut
                0x0000000008007c50       0xc0 Middlewares/Third_Party/FreeRTOS/Source/tasks.o
                0x0000000008007c50                xTaskCheckForTimeOut
 .text.vTaskMissedYield
                0x0000000008007d10       0x18 Middlewares/Third_Party/FreeRTOS/Source/tasks.o
                0x0000000008007d10                vTaskMissedYield
 .text.prvIdleTask
                0x0000000008007d28       0x30 Middlewares/Third_Party/FreeRTOS/Source/tasks.o
 .text.prvInitialiseTaskLists
                0x0000000008007d58       0x80 Middlewares/Third_Party/FreeRTOS/Source/tasks.o
 .text.prvCheckTasksWaitingTermination
                0x0000000008007dd8       0x58 Middlewares/Third_Party/FreeRTOS/Source/tasks.o
 .text.prvDeleteTCB
                0x0000000008007e30       0x5c Middlewares/Third_Party/FreeRTOS/Source/tasks.o
 .text.prvResetNextTaskUnblockTime
                0x0000000008007e8c       0x48 Middlewares/Third_Party/FreeRTOS/Source/tasks.o
 .text.xTaskGetSchedulerState
                0x0000000008007ed4       0x3c Middlewares/Third_Party/FreeRTOS/Source/tasks.o
                0x0000000008007ed4                xTaskGetSchedulerState
 .text.xTaskPriorityDisinherit
                0x0000000008007f10       0xd8 Middlewares/Third_Party/FreeRTOS/Source/tasks.o
                0x0000000008007f10                xTaskPriorityDisinherit
 .text.prvAddCurrentTaskToDelayedList
                0x0000000008007fe8       0xa8 Middlewares/Third_Party/FreeRTOS/Source/tasks.o
 .text.xTimerCreateTimerTask
                0x0000000008008090       0x90 Middlewares/Third_Party/FreeRTOS/Source/timers.o
                0x0000000008008090                xTimerCreateTimerTask
 .text.xTimerGenericCommand
                0x0000000008008120       0x98 Middlewares/Third_Party/FreeRTOS/Source/timers.o
                0x0000000008008120                xTimerGenericCommand
 .text.prvProcessExpiredTimer
                0x00000000080081b8       0x80 Middlewares/Third_Party/FreeRTOS/Source/timers.o
 .text.prvTimerTask
                0x0000000008008238       0x24 Middlewares/Third_Party/FreeRTOS/Source/timers.o
 .text.prvProcessTimerOrBlockTask
                0x000000000800825c       0x9c Middlewares/Third_Party/FreeRTOS/Source/timers.o
 .text.prvGetNextExpireTime
                0x00000000080082f8       0x48 Middlewares/Third_Party/FreeRTOS/Source/timers.o
 .text.prvSampleTimeNow
                0x0000000008008340       0x40 Middlewares/Third_Party/FreeRTOS/Source/timers.o
 .text.prvInsertTimerInActiveList
                0x0000000008008380       0x84 Middlewares/Third_Party/FreeRTOS/Source/timers.o
 .text.prvProcessReceivedCommands
                0x0000000008008404      0x160 Middlewares/Third_Party/FreeRTOS/Source/timers.o
 .text.prvSwitchTimerLists
                0x0000000008008564       0xc0 Middlewares/Third_Party/FreeRTOS/Source/timers.o
 .text.prvCheckForValidListAndQueue
                0x0000000008008624       0x80 Middlewares/Third_Party/FreeRTOS/Source/timers.o
 .text.pxPortInitialiseStack
                0x00000000080086a4       0x58 Middlewares/Third_Party/FreeRTOS/Source/portable/GCC/ARM_CM3/port.o
                0x00000000080086a4                pxPortInitialiseStack
 .text.prvTaskExitError
                0x00000000080086fc       0x50 Middlewares/Third_Party/FreeRTOS/Source/portable/GCC/ARM_CM3/port.o
 *fill*         0x000000000800874c        0x4 
 .text.SVC_Handler
                0x0000000008008750       0x28 Middlewares/Third_Party/FreeRTOS/Source/portable/GCC/ARM_CM3/port.o
                0x0000000008008750                SVC_Handler
 .text.prvPortStartFirstTask
                0x0000000008008778       0x20 Middlewares/Third_Party/FreeRTOS/Source/portable/GCC/ARM_CM3/port.o
 .text.xPortStartScheduler
                0x0000000008008798       0xe0 Middlewares/Third_Party/FreeRTOS/Source/portable/GCC/ARM_CM3/port.o
                0x0000000008008798                xPortStartScheduler
 .text.vPortEnterCritical
                0x0000000008008878       0x5c Middlewares/Third_Party/FreeRTOS/Source/portable/GCC/ARM_CM3/port.o
                0x0000000008008878                vPortEnterCritical
 .text.vPortExitCritical
                0x00000000080088d4       0x4c Middlewares/Third_Party/FreeRTOS/Source/portable/GCC/ARM_CM3/port.o
                0x00000000080088d4                vPortExitCritical
 .text.PendSV_Handler
                0x0000000008008920       0x48 Middlewares/Third_Party/FreeRTOS/Source/portable/GCC/ARM_CM3/port.o
                0x0000000008008920                PendSV_Handler
 .text.xPortSysTickHandler
                0x0000000008008968       0x40 Middlewares/Third_Party/FreeRTOS/Source/portable/GCC/ARM_CM3/port.o
                0x0000000008008968                xPortSysTickHandler
 .text.vPortSetupTimerInterrupt
                0x00000000080089a8       0x44 Middlewares/Third_Party/FreeRTOS/Source/portable/GCC/ARM_CM3/port.o
                0x00000000080089a8                vPortSetupTimerInterrupt
 .text.vPortValidateInterruptPriority
                0x00000000080089ec       0x78 Middlewares/Third_Party/FreeRTOS/Source/portable/GCC/ARM_CM3/port.o
                0x00000000080089ec                vPortValidateInterruptPriority
 .text.pvPortMalloc
                0x0000000008008a64      0x184 Middlewares/Third_Party/FreeRTOS/Source/portable/MemMang/heap_4.o
                0x0000000008008a64                pvPortMalloc
 .text.vPortFree
                0x0000000008008be8       0xb0 Middlewares/Third_Party/FreeRTOS/Source/portable/MemMang/heap_4.o
                0x0000000008008be8                vPortFree
 .text.prvHeapInit
                0x0000000008008c98       0xc4 Middlewares/Third_Party/FreeRTOS/Source/portable/MemMang/heap_4.o
 .text.prvInsertBlockIntoFreeList
                0x0000000008008d5c       0xb0 Middlewares/Third_Party/FreeRTOS/Source/portable/MemMang/heap_4.o
 .text.MX_USB_DEVICE_Init
                0x0000000008008e0c       0x60 USB_DEVICE/App/usb_device.o
                0x0000000008008e0c                MX_USB_DEVICE_Init
 .text.CDC_Init_FS
                0x0000000008008e6c       0x28 USB_DEVICE/App/usbd_cdc_if.o
 .text.CDC_DeInit_FS
                0x0000000008008e94        0xe USB_DEVICE/App/usbd_cdc_if.o
 *fill*         0x0000000008008ea2        0x2 
 .text.CDC_Control_FS
                0x0000000008008ea4       0xbc USB_DEVICE/App/usbd_cdc_if.o
 .text.CDC_Receive_FS
                0x0000000008008f60       0x28 USB_DEVICE/App/usbd_cdc_if.o
 .text.CDC_Transmit_FS
                0x0000000008008f88       0x4c USB_DEVICE/App/usbd_cdc_if.o
                0x0000000008008f88                CDC_Transmit_FS
 .text.USBD_FS_DeviceDescriptor
                0x0000000008008fd4       0x24 USB_DEVICE/App/usbd_desc.o
                0x0000000008008fd4                USBD_FS_DeviceDescriptor
 .text.USBD_FS_LangIDStrDescriptor
                0x0000000008008ff8       0x24 USB_DEVICE/App/usbd_desc.o
                0x0000000008008ff8                USBD_FS_LangIDStrDescriptor
 .text.USBD_FS_ProductStrDescriptor
                0x000000000800901c       0x3c USB_DEVICE/App/usbd_desc.o
                0x000000000800901c                USBD_FS_ProductStrDescriptor
 .text.USBD_FS_ManufacturerStrDescriptor
                0x0000000008009058       0x28 USB_DEVICE/App/usbd_desc.o
                0x0000000008009058                USBD_FS_ManufacturerStrDescriptor
 .text.USBD_FS_SerialStrDescriptor
                0x0000000008009080       0x24 USB_DEVICE/App/usbd_desc.o
                0x0000000008009080                USBD_FS_SerialStrDescriptor
 .text.USBD_FS_ConfigStrDescriptor
                0x00000000080090a4       0x3c USB_DEVICE/App/usbd_desc.o
                0x00000000080090a4                USBD_FS_ConfigStrDescriptor
 .text.USBD_FS_InterfaceStrDescriptor
                0x00000000080090e0       0x3c USB_DEVICE/App/usbd_desc.o
                0x00000000080090e0                USBD_FS_InterfaceStrDescriptor
 .text.Get_SerialNum
                0x000000000800911c       0x58 USB_DEVICE/App/usbd_desc.o
 .text.IntToUnicode
                0x0000000008009174       0x7a USB_DEVICE/App/usbd_desc.o
 *fill*         0x00000000080091ee        0x2 
 .text.HAL_PCD_MspInit
                0x00000000080091f0       0x4c USB_DEVICE/Target/usbd_conf.o
                0x00000000080091f0                HAL_PCD_MspInit
 .text.HAL_PCD_SetupStageCallback
                0x000000000800923c       0x24 USB_DEVICE/Target/usbd_conf.o
                0x000000000800923c                HAL_PCD_SetupStageCallback
 .text.HAL_PCD_DataOutStageCallback
                0x0000000008009260       0x36 USB_DEVICE/Target/usbd_conf.o
                0x0000000008009260                HAL_PCD_DataOutStageCallback
 .text.HAL_PCD_DataInStageCallback
                0x0000000008009296       0x34 USB_DEVICE/Target/usbd_conf.o
                0x0000000008009296                HAL_PCD_DataInStageCallback
 .text.HAL_PCD_SOFCallback
                0x00000000080092ca       0x1c USB_DEVICE/Target/usbd_conf.o
                0x00000000080092ca                HAL_PCD_SOFCallback
 .text.HAL_PCD_ResetCallback
                0x00000000080092e6       0x3c USB_DEVICE/Target/usbd_conf.o
                0x00000000080092e6                HAL_PCD_ResetCallback
 *fill*         0x0000000008009322        0x2 
 .text.HAL_PCD_SuspendCallback
                0x0000000008009324       0x34 USB_DEVICE/Target/usbd_conf.o
                0x0000000008009324                HAL_PCD_SuspendCallback
 .text.HAL_PCD_ResumeCallback
                0x0000000008009358       0x1c USB_DEVICE/Target/usbd_conf.o
                0x0000000008009358                HAL_PCD_ResumeCallback
 .text.USBD_LL_Init
                0x0000000008009374       0xb4 USB_DEVICE/Target/usbd_conf.o
                0x0000000008009374                USBD_LL_Init
 .text.USBD_LL_Start
                0x0000000008009428       0x36 USB_DEVICE/Target/usbd_conf.o
                0x0000000008009428                USBD_LL_Start
 .text.USBD_LL_OpenEP
                0x000000000800945e       0x4c USB_DEVICE/Target/usbd_conf.o
                0x000000000800945e                USBD_LL_OpenEP
 .text.USBD_LL_CloseEP
                0x00000000080094aa       0x3e USB_DEVICE/Target/usbd_conf.o
                0x00000000080094aa                USBD_LL_CloseEP
 .text.USBD_LL_StallEP
                0x00000000080094e8       0x3e USB_DEVICE/Target/usbd_conf.o
                0x00000000080094e8                USBD_LL_StallEP
 .text.USBD_LL_ClearStallEP
                0x0000000008009526       0x3e USB_DEVICE/Target/usbd_conf.o
                0x0000000008009526                USBD_LL_ClearStallEP
 .text.USBD_LL_IsStallEP
                0x0000000008009564       0x58 USB_DEVICE/Target/usbd_conf.o
                0x0000000008009564                USBD_LL_IsStallEP
 .text.USBD_LL_SetUSBAddress
                0x00000000080095bc       0x3e USB_DEVICE/Target/usbd_conf.o
                0x00000000080095bc                USBD_LL_SetUSBAddress
 .text.USBD_LL_Transmit
                0x00000000080095fa       0x46 USB_DEVICE/Target/usbd_conf.o
                0x00000000080095fa                USBD_LL_Transmit
 .text.USBD_LL_PrepareReceive
                0x0000000008009640       0x46 USB_DEVICE/Target/usbd_conf.o
                0x0000000008009640                USBD_LL_PrepareReceive
 .text.USBD_LL_GetRxDataSize
                0x0000000008009686       0x26 USB_DEVICE/Target/usbd_conf.o
                0x0000000008009686                USBD_LL_GetRxDataSize
 .text.USBD_static_malloc
                0x00000000080096ac       0x18 USB_DEVICE/Target/usbd_conf.o
                0x00000000080096ac                USBD_static_malloc
 .text.USBD_static_free
                0x00000000080096c4       0x12 USB_DEVICE/Target/usbd_conf.o
                0x00000000080096c4                USBD_static_free
 .text.HAL_PCDEx_SetConnectionState
                0x00000000080096d6       0x16 USB_DEVICE/Target/usbd_conf.o
                0x00000000080096d6                HAL_PCDEx_SetConnectionState
 .text.USBD_Get_USB_Status
                0x00000000080096ec       0x58 USB_DEVICE/Target/usbd_conf.o
 .text.__libc_init_array
                0x0000000008009744       0x48 c:/st/stm32cubeide_1.5.0/stm32cubeide/plugins/com.st.stm32cube.ide.mcu.externaltools.gnu-tools-for-stm32.7-2018-q2-update.win32_1.5.0.202011040924/tools/bin/../lib/gcc/arm-none-eabi/7.3.1/../../../../arm-none-eabi/lib/thumb/v7-m\libc_nano.a(lib_a-init.o)
                0x0000000008009744                __libc_init_array
 .text.memcpy   0x000000000800978c       0x16 c:/st/stm32cubeide_1.5.0/stm32cubeide/plugins/com.st.stm32cube.ide.mcu.externaltools.gnu-tools-for-stm32.7-2018-q2-update.win32_1.5.0.202011040924/tools/bin/../lib/gcc/arm-none-eabi/7.3.1/../../../../arm-none-eabi/lib/thumb/v7-m\libc_nano.a(lib_a-memcpy-stub.o)
                0x000000000800978c                memcpy
 .text.memset   0x00000000080097a2       0x10 c:/st/stm32cubeide_1.5.0/stm32cubeide/plugins/com.st.stm32cube.ide.mcu.externaltools.gnu-tools-for-stm32.7-2018-q2-update.win32_1.5.0.202011040924/tools/bin/../lib/gcc/arm-none-eabi/7.3.1/../../../../arm-none-eabi/lib/thumb/v7-m\libc_nano.a(lib_a-memset.o)
                0x00000000080097a2                memset
 *(.glue_7)
 .glue_7        0x00000000080097b2        0x0 linker stubs
 *(.glue_7t)
 .glue_7t       0x00000000080097b2        0x0 linker stubs
 *(.eh_frame)
 *fill*         0x00000000080097b2        0x2 
 .eh_frame      0x00000000080097b4        0x0 c:/st/stm32cubeide_1.5.0/stm32cubeide/plugins/com.st.stm32cube.ide.mcu.externaltools.gnu-tools-for-stm32.7-2018-q2-update.win32_1.5.0.202011040924/tools/bin/../lib/gcc/arm-none-eabi/7.3.1/thumb/v7-m/crtbegin.o
 *(.init)
 .init          0x00000000080097b4        0x4 c:/st/stm32cubeide_1.5.0/stm32cubeide/plugins/com.st.stm32cube.ide.mcu.externaltools.gnu-tools-for-stm32.7-2018-q2-update.win32_1.5.0.202011040924/tools/bin/../lib/gcc/arm-none-eabi/7.3.1/thumb/v7-m/crti.o
                0x00000000080097b4                _init
 .init          0x00000000080097b8        0x8 c:/st/stm32cubeide_1.5.0/stm32cubeide/plugins/com.st.stm32cube.ide.mcu.externaltools.gnu-tools-for-stm32.7-2018-q2-update.win32_1.5.0.202011040924/tools/bin/../lib/gcc/arm-none-eabi/7.3.1/thumb/v7-m/crtn.o
 *(.fini)
 .fini          0x00000000080097c0        0x4 c:/st/stm32cubeide_1.5.0/stm32cubeide/plugins/com.st.stm32cube.ide.mcu.externaltools.gnu-tools-for-stm32.7-2018-q2-update.win32_1.5.0.202011040924/tools/bin/../lib/gcc/arm-none-eabi/7.3.1/thumb/v7-m/crti.o
                0x00000000080097c0                _fini
 .fini          0x00000000080097c4        0x8 c:/st/stm32cubeide_1.5.0/stm32cubeide/plugins/com.st.stm32cube.ide.mcu.externaltools.gnu-tools-for-stm32.7-2018-q2-update.win32_1.5.0.202011040924/tools/bin/../lib/gcc/arm-none-eabi/7.3.1/thumb/v7-m/crtn.o
                0x00000000080097cc                . = ALIGN (0x4)
                0x00000000080097cc                _etext = .

.vfp11_veneer   0x00000000080097cc        0x0
 .vfp11_veneer  0x00000000080097cc        0x0 linker stubs

.v4_bx          0x00000000080097cc        0x0
 .v4_bx         0x00000000080097cc        0x0 linker stubs

.iplt           0x00000000080097cc        0x0
 .iplt          0x00000000080097cc        0x0 c:/st/stm32cubeide_1.5.0/stm32cubeide/plugins/com.st.stm32cube.ide.mcu.externaltools.gnu-tools-for-stm32.7-2018-q2-update.win32_1.5.0.202011040924/tools/bin/../lib/gcc/arm-none-eabi/7.3.1/thumb/v7-m/crtbegin.o

.rodata         0x00000000080097cc       0xfc
                0x00000000080097cc                . = ALIGN (0x4)
 *(.rodata)
 .rodata        0x00000000080097cc       0x46 Core/Src/freeRTOS_tasks.o
 *fill*         0x0000000008009812        0x2 
 .rodata        0x0000000008009814        0xc Core/Src/main.o
 .rodata        0x0000000008009820       0x12 Drivers/STM32F1xx_HAL_Driver/Src/stm32f1xx_hal_rcc.o
 *fill*         0x0000000008009832        0x2 
 .rodata        0x0000000008009834        0x5 Middlewares/Third_Party/FreeRTOS/Source/tasks.o
 *fill*         0x0000000008009839        0x3 
 .rodata        0x000000000800983c        0xd Middlewares/Third_Party/FreeRTOS/Source/timers.o
 *fill*         0x0000000008009849        0x3 
 .rodata        0x000000000800984c       0x46 USB_DEVICE/App/usbd_desc.o
 *(.rodata*)
 *fill*         0x0000000008009892        0x2 
 .rodata.defaultTask_attributes
                0x0000000008009894       0x24 Core/Src/main.o
                0x0000000008009894                defaultTask_attributes
 .rodata.AHBPrescTable
                0x00000000080098b8       0x10 Core/Src/system_stm32f1xx.o
                0x00000000080098b8                AHBPrescTable
                0x00000000080098c8                . = ALIGN (0x4)

.rel.dyn        0x00000000080098c8        0x0
 .rel.iplt      0x00000000080098c8        0x0 c:/st/stm32cubeide_1.5.0/stm32cubeide/plugins/com.st.stm32cube.ide.mcu.externaltools.gnu-tools-for-stm32.7-2018-q2-update.win32_1.5.0.202011040924/tools/bin/../lib/gcc/arm-none-eabi/7.3.1/thumb/v7-m/crtbegin.o

.ARM.extab      0x00000000080098c8        0x0
                0x00000000080098c8                . = ALIGN (0x4)
 *(.ARM.extab* .gnu.linkonce.armextab.*)
                0x00000000080098c8                . = ALIGN (0x4)

.ARM            0x00000000080098c8        0x0
                0x00000000080098c8                . = ALIGN (0x4)
                0x00000000080098c8                __exidx_start = .
 *(.ARM.exidx*)
                0x00000000080098c8                __exidx_end = .
                0x00000000080098c8                . = ALIGN (0x4)

.preinit_array  0x00000000080098c8        0x0
                0x00000000080098c8                . = ALIGN (0x4)
                0x00000000080098c8                PROVIDE (__preinit_array_start = .)
 *(.preinit_array*)
                0x00000000080098c8                PROVIDE (__preinit_array_end = .)
                0x00000000080098c8                . = ALIGN (0x4)

.init_array     0x00000000080098c8        0x4
                0x00000000080098c8                . = ALIGN (0x4)
                0x00000000080098c8                PROVIDE (__init_array_start = .)
 *(SORT_BY_NAME(.init_array.*))
 *(.init_array*)
 .init_array    0x00000000080098c8        0x4 c:/st/stm32cubeide_1.5.0/stm32cubeide/plugins/com.st.stm32cube.ide.mcu.externaltools.gnu-tools-for-stm32.7-2018-q2-update.win32_1.5.0.202011040924/tools/bin/../lib/gcc/arm-none-eabi/7.3.1/thumb/v7-m/crtbegin.o
                0x00000000080098cc                PROVIDE (__init_array_end = .)
                0x00000000080098cc                . = ALIGN (0x4)

.fini_array     0x00000000080098cc        0x4
                0x00000000080098cc                . = ALIGN (0x4)
                [!provide]                        PROVIDE (__fini_array_start = .)
 *(SORT_BY_NAME(.fini_array.*))
 *(.fini_array*)
 .fini_array    0x00000000080098cc        0x4 c:/st/stm32cubeide_1.5.0/stm32cubeide/plugins/com.st.stm32cube.ide.mcu.externaltools.gnu-tools-for-stm32.7-2018-q2-update.win32_1.5.0.202011040924/tools/bin/../lib/gcc/arm-none-eabi/7.3.1/thumb/v7-m/crtbegin.o
                [!provide]                        PROVIDE (__fini_array_end = .)
                0x00000000080098d0                . = ALIGN (0x4)
                0x00000000080098d0                _sidata = LOADADDR (.data)

.data           0x0000000020000000      0x180 load address 0x00000000080098d0
                0x0000000020000000                . = ALIGN (0x4)
                0x0000000020000000                _sdata = .
 *(.data)
 *(.data*)
 .data.SystemCoreClock
                0x0000000020000000        0x4 Core/Src/system_stm32f1xx.o
                0x0000000020000000                SystemCoreClock
 .data.uwTickPrio
                0x0000000020000004        0x4 Drivers/STM32F1xx_HAL_Driver/Src/stm32f1xx_hal.o
                0x0000000020000004                uwTickPrio
 .data.uwTickFreq
                0x0000000020000008        0x1 Drivers/STM32F1xx_HAL_Driver/Src/stm32f1xx_hal.o
                0x0000000020000008                uwTickFreq
 *fill*         0x0000000020000009        0x3 
 .data.USBD_CDC_DeviceQualifierDesc
                0x000000002000000c        0xa Middlewares/ST/STM32_USB_Device_Library/Class/CDC/Src/usbd_cdc.o
 *fill*         0x0000000020000016        0x2 
 .data.USBD_CDC
                0x0000000020000018       0x38 Middlewares/ST/STM32_USB_Device_Library/Class/CDC/Src/usbd_cdc.o
                0x0000000020000018                USBD_CDC
 .data.USBD_CDC_CfgHSDesc
                0x0000000020000050       0x43 Middlewares/ST/STM32_USB_Device_Library/Class/CDC/Src/usbd_cdc.o
                0x0000000020000050                USBD_CDC_CfgHSDesc
 *fill*         0x0000000020000093        0x1 
 .data.USBD_CDC_CfgFSDesc
                0x0000000020000094       0x43 Middlewares/ST/STM32_USB_Device_Library/Class/CDC/Src/usbd_cdc.o
                0x0000000020000094                USBD_CDC_CfgFSDesc
 *fill*         0x00000000200000d7        0x1 
 .data.USBD_CDC_OtherSpeedCfgDesc
                0x00000000200000d8       0x43 Middlewares/ST/STM32_USB_Device_Library/Class/CDC/Src/usbd_cdc.o
                0x00000000200000d8                USBD_CDC_OtherSpeedCfgDesc
 *fill*         0x000000002000011b        0x1 
 .data.uxCriticalNesting
                0x000000002000011c        0x4 Middlewares/Third_Party/FreeRTOS/Source/portable/GCC/ARM_CM3/port.o
 .data.USBD_Interface_fops_FS
                0x0000000020000120       0x10 USB_DEVICE/App/usbd_cdc_if.o
                0x0000000020000120                USBD_Interface_fops_FS
 .data.FS_Desc  0x0000000020000130       0x1c USB_DEVICE/App/usbd_desc.o
                0x0000000020000130                FS_Desc
 .data.USBD_FS_DeviceDesc
                0x000000002000014c       0x12 USB_DEVICE/App/usbd_desc.o
                0x000000002000014c                USBD_FS_DeviceDesc
 *fill*         0x000000002000015e        0x2 
 .data.USBD_LangIDDesc
                0x0000000020000160        0x4 USB_DEVICE/App/usbd_desc.o
                0x0000000020000160                USBD_LangIDDesc
 .data.USBD_StringSerial
                0x0000000020000164       0x1a USB_DEVICE/App/usbd_desc.o
                0x0000000020000164                USBD_StringSerial
 *(.RamFunc)
 *(.RamFunc*)
                0x0000000020000180                . = ALIGN (0x4)
 *fill*         0x000000002000017e        0x2 
                0x0000000020000180                _edata = .

.igot.plt       0x0000000020000180        0x0 load address 0x0000000008009a50
 .igot.plt      0x0000000020000180        0x0 c:/st/stm32cubeide_1.5.0/stm32cubeide/plugins/com.st.stm32cube.ide.mcu.externaltools.gnu-tools-for-stm32.7-2018-q2-update.win32_1.5.0.202011040924/tools/bin/../lib/gcc/arm-none-eabi/7.3.1/thumb/v7-m/crtbegin.o
                0x0000000020000180                . = ALIGN (0x4)

.bss            0x0000000020000180     0x23e0 load address 0x0000000008009a50
                0x0000000020000180                _sbss = .
                0x0000000020000180                __bss_start__ = _sbss
 *(.bss)
 .bss           0x0000000020000180       0x1c c:/st/stm32cubeide_1.5.0/stm32cubeide/plugins/com.st.stm32cube.ide.mcu.externaltools.gnu-tools-for-stm32.7-2018-q2-update.win32_1.5.0.202011040924/tools/bin/../lib/gcc/arm-none-eabi/7.3.1/thumb/v7-m/crtbegin.o
 *(.bss*)
 .bss.cfgidx.7629
                0x000000002000019c        0x1 Middlewares/ST/STM32_USB_Device_Library/Core/Src/usbd_ctlreq.o
 *fill*         0x000000002000019d        0x3 
 .bss.KernelState
                0x00000000200001a0        0x4 Middlewares/Third_Party/FreeRTOS/Source/CMSIS_RTOS_V2/cmsis_os2.o
 .bss.Idle_TCB  0x00000000200001a4       0x5c Middlewares/Third_Party/FreeRTOS/Source/CMSIS_RTOS_V2/cmsis_os2.o
 .bss.Idle_Stack
                0x0000000020000200      0x200 Middlewares/Third_Party/FreeRTOS/Source/CMSIS_RTOS_V2/cmsis_os2.o
 .bss.Timer_TCB
                0x0000000020000400       0x5c Middlewares/Third_Party/FreeRTOS/Source/CMSIS_RTOS_V2/cmsis_os2.o
 .bss.Timer_Stack
                0x000000002000045c      0x400 Middlewares/Third_Party/FreeRTOS/Source/CMSIS_RTOS_V2/cmsis_os2.o
 .bss.pxCurrentTCB
                0x000000002000085c        0x4 Middlewares/Third_Party/FreeRTOS/Source/tasks.o
                0x000000002000085c                pxCurrentTCB
 .bss.pxReadyTasksLists
                0x0000000020000860      0x460 Middlewares/Third_Party/FreeRTOS/Source/tasks.o
 .bss.xDelayedTaskList1
                0x0000000020000cc0       0x14 Middlewares/Third_Party/FreeRTOS/Source/tasks.o
 .bss.xDelayedTaskList2
                0x0000000020000cd4       0x14 Middlewares/Third_Party/FreeRTOS/Source/tasks.o
 .bss.pxDelayedTaskList
                0x0000000020000ce8        0x4 Middlewares/Third_Party/FreeRTOS/Source/tasks.o
 .bss.pxOverflowDelayedTaskList
                0x0000000020000cec        0x4 Middlewares/Third_Party/FreeRTOS/Source/tasks.o
 .bss.xPendingReadyList
                0x0000000020000cf0       0x14 Middlewares/Third_Party/FreeRTOS/Source/tasks.o
 .bss.xTasksWaitingTermination
                0x0000000020000d04       0x14 Middlewares/Third_Party/FreeRTOS/Source/tasks.o
 .bss.uxDeletedTasksWaitingCleanUp
                0x0000000020000d18        0x4 Middlewares/Third_Party/FreeRTOS/Source/tasks.o
 .bss.xSuspendedTaskList
                0x0000000020000d1c       0x14 Middlewares/Third_Party/FreeRTOS/Source/tasks.o
 .bss.uxCurrentNumberOfTasks
                0x0000000020000d30        0x4 Middlewares/Third_Party/FreeRTOS/Source/tasks.o
 .bss.xTickCount
                0x0000000020000d34        0x4 Middlewares/Third_Party/FreeRTOS/Source/tasks.o
 .bss.uxTopReadyPriority
                0x0000000020000d38        0x4 Middlewares/Third_Party/FreeRTOS/Source/tasks.o
 .bss.xSchedulerRunning
                0x0000000020000d3c        0x4 Middlewares/Third_Party/FreeRTOS/Source/tasks.o
 .bss.uxPendedTicks
                0x0000000020000d40        0x4 Middlewares/Third_Party/FreeRTOS/Source/tasks.o
 .bss.xYieldPending
                0x0000000020000d44        0x4 Middlewares/Third_Party/FreeRTOS/Source/tasks.o
 .bss.xNumOfOverflows
                0x0000000020000d48        0x4 Middlewares/Third_Party/FreeRTOS/Source/tasks.o
 .bss.uxTaskNumber
                0x0000000020000d4c        0x4 Middlewares/Third_Party/FreeRTOS/Source/tasks.o
 .bss.xNextTaskUnblockTime
                0x0000000020000d50        0x4 Middlewares/Third_Party/FreeRTOS/Source/tasks.o
 .bss.xIdleTaskHandle
                0x0000000020000d54        0x4 Middlewares/Third_Party/FreeRTOS/Source/tasks.o
 .bss.uxSchedulerSuspended
                0x0000000020000d58        0x4 Middlewares/Third_Party/FreeRTOS/Source/tasks.o
 .bss.xActiveTimerList1
                0x0000000020000d5c       0x14 Middlewares/Third_Party/FreeRTOS/Source/timers.o
 .bss.xActiveTimerList2
                0x0000000020000d70       0x14 Middlewares/Third_Party/FreeRTOS/Source/timers.o
 .bss.pxCurrentTimerList
                0x0000000020000d84        0x4 Middlewares/Third_Party/FreeRTOS/Source/timers.o
 .bss.pxOverflowTimerList
                0x0000000020000d88        0x4 Middlewares/Third_Party/FreeRTOS/Source/timers.o
 .bss.xTimerQueue
                0x0000000020000d8c        0x4 Middlewares/Third_Party/FreeRTOS/Source/timers.o
 .bss.xTimerTaskHandle
                0x0000000020000d90        0x4 Middlewares/Third_Party/FreeRTOS/Source/timers.o
 .bss.xLastTime.5454
                0x0000000020000d94        0x4 Middlewares/Third_Party/FreeRTOS/Source/timers.o
 .bss.ucStaticTimerQueueStorage.5505
                0x0000000020000d98       0xa0 Middlewares/Third_Party/FreeRTOS/Source/timers.o
 .bss.xStaticTimerQueue.5504
                0x0000000020000e38       0x50 Middlewares/Third_Party/FreeRTOS/Source/timers.o
 .bss.ucMaxSysCallPriority
                0x0000000020000e88        0x1 Middlewares/Third_Party/FreeRTOS/Source/portable/GCC/ARM_CM3/port.o
 *fill*         0x0000000020000e89        0x3 
 .bss.ulMaxPRIGROUPValue
                0x0000000020000e8c        0x4 Middlewares/Third_Party/FreeRTOS/Source/portable/GCC/ARM_CM3/port.o
 .bss.ucHeap    0x0000000020000e90      0xc00 Middlewares/Third_Party/FreeRTOS/Source/portable/MemMang/heap_4.o
 .bss.xStart    0x0000000020001a90        0x8 Middlewares/Third_Party/FreeRTOS/Source/portable/MemMang/heap_4.o
 .bss.pxEnd     0x0000000020001a98        0x4 Middlewares/Third_Party/FreeRTOS/Source/portable/MemMang/heap_4.o
 .bss.xFreeBytesRemaining
                0x0000000020001a9c        0x4 Middlewares/Third_Party/FreeRTOS/Source/portable/MemMang/heap_4.o
 .bss.xMinimumEverFreeBytesRemaining
                0x0000000020001aa0        0x4 Middlewares/Third_Party/FreeRTOS/Source/portable/MemMang/heap_4.o
 .bss.xBlockAllocatedBit
                0x0000000020001aa4        0x4 Middlewares/Third_Party/FreeRTOS/Source/portable/MemMang/heap_4.o
 .bss.mem.7697  0x0000000020001aa8      0x220 USB_DEVICE/Target/usbd_conf.o
 *(COMMON)
 COMMON         0x0000000020001cc8       0x1e Core/Src/freeRTOS_tasks.o
                0x0000000020001cc8                USB_Tx_Buf
                0x0000000020001ce0                pDelay_LED
                0x0000000020001ce4                Delay_LED
 *fill*         0x0000000020001ce6        0x2 
 COMMON         0x0000000020001ce8        0x4 Core/Src/main.o
                0x0000000020001ce8                defaultTaskHandle
 COMMON         0x0000000020001cec        0x4 Drivers/STM32F1xx_HAL_Driver/Src/stm32f1xx_hal.o
                0x0000000020001cec                uwTick
 COMMON         0x0000000020001cf0       0x40 Middlewares/Third_Party/FreeRTOS/Source/queue.o
                0x0000000020001cf0                xQueueRegistry
 COMMON         0x0000000020001d30      0x2c4 USB_DEVICE/App/usb_device.o
                0x0000000020001d30                hUsbDeviceFS
 COMMON         0x0000000020001ff4       0x80 USB_DEVICE/App/usbd_cdc_if.o
                0x0000000020001ff4                UserRxBufferFS
                0x0000000020002034                UserTxBufferFS
 COMMON         0x0000000020002074      0x200 USB_DEVICE/App/usbd_desc.o
                0x0000000020002074                USBD_StrDesc
 COMMON         0x0000000020002274      0x2ec USB_DEVICE/Target/usbd_conf.o
                0x0000000020002274                hpcd_USB_FS
                0x0000000020002560                . = ALIGN (0x4)
                0x0000000020002560                _ebss = .
                0x0000000020002560                __bss_end__ = _ebss

._user_heap_stack
                0x0000000020002560      0x600 load address 0x0000000008009a50
                0x0000000020002560                . = ALIGN (0x8)
                [!provide]                        PROVIDE (end = .)
                0x0000000020002560                PROVIDE (_end = .)
                0x0000000020002760                . = (. + _Min_Heap_Size)
 *fill*         0x0000000020002560      0x200 
                0x0000000020002b60                . = (. + _Min_Stack_Size)
 *fill*         0x0000000020002760      0x400 
                0x0000000020002b60                . = ALIGN (0x8)

/DISCARD/
 libc.a(*)
 libm.a(*)
 libgcc.a(*)

.ARM.attributes
                0x0000000000000000       0x29
 *(.ARM.attributes)
 .ARM.attributes
                0x0000000000000000       0x1d c:/st/stm32cubeide_1.5.0/stm32cubeide/plugins/com.st.stm32cube.ide.mcu.externaltools.gnu-tools-for-stm32.7-2018-q2-update.win32_1.5.0.202011040924/tools/bin/../lib/gcc/arm-none-eabi/7.3.1/thumb/v7-m/crti.o
 .ARM.attributes
                0x000000000000001d       0x2d c:/st/stm32cubeide_1.5.0/stm32cubeide/plugins/com.st.stm32cube.ide.mcu.externaltools.gnu-tools-for-stm32.7-2018-q2-update.win32_1.5.0.202011040924/tools/bin/../lib/gcc/arm-none-eabi/7.3.1/thumb/v7-m/crtbegin.o
 .ARM.attributes
                0x000000000000004a       0x33 Core/Src/PCB_BluePill.o
 .ARM.attributes
                0x000000000000007d       0x33 Core/Src/freeRTOS_tasks.o
 .ARM.attributes
                0x00000000000000b0       0x33 Core/Src/main.o
 .ARM.attributes
                0x00000000000000e3       0x33 Core/Src/stm32f1xx_hal_msp.o
 .ARM.attributes
                0x0000000000000116       0x33 Core/Src/stm32f1xx_it.o
 .ARM.attributes
                0x0000000000000149       0x33 Core/Src/system_stm32f1xx.o
 .ARM.attributes
                0x000000000000017c       0x21 Core/Startup/startup_stm32f103c8tx.o
 .ARM.attributes
                0x000000000000019d       0x33 Drivers/STM32F1xx_HAL_Driver/Src/stm32f1xx_hal.o
 .ARM.attributes
                0x00000000000001d0       0x33 Drivers/STM32F1xx_HAL_Driver/Src/stm32f1xx_hal_cortex.o
 .ARM.attributes
                0x0000000000000203       0x33 Drivers/STM32F1xx_HAL_Driver/Src/stm32f1xx_hal_gpio.o
 .ARM.attributes
                0x0000000000000236       0x33 Drivers/STM32F1xx_HAL_Driver/Src/stm32f1xx_hal_pcd.o
 .ARM.attributes
                0x0000000000000269       0x33 Drivers/STM32F1xx_HAL_Driver/Src/stm32f1xx_hal_pcd_ex.o
 .ARM.attributes
                0x000000000000029c       0x33 Drivers/STM32F1xx_HAL_Driver/Src/stm32f1xx_hal_rcc.o
 .ARM.attributes
                0x00000000000002cf       0x33 Drivers/STM32F1xx_HAL_Driver/Src/stm32f1xx_hal_rcc_ex.o
 .ARM.attributes
                0x0000000000000302       0x33 Drivers/STM32F1xx_HAL_Driver/Src/stm32f1xx_ll_usb.o
 .ARM.attributes
                0x0000000000000335       0x33 Middlewares/ST/STM32_USB_Device_Library/Class/CDC/Src/usbd_cdc.o
 .ARM.attributes
                0x0000000000000368       0x33 Middlewares/ST/STM32_USB_Device_Library/Core/Src/usbd_core.o
 .ARM.attributes
                0x000000000000039b       0x33 Middlewares/ST/STM32_USB_Device_Library/Core/Src/usbd_ctlreq.o
 .ARM.attributes
                0x00000000000003ce       0x33 Middlewares/ST/STM32_USB_Device_Library/Core/Src/usbd_ioreq.o
 .ARM.attributes
                0x0000000000000401       0x33 Middlewares/Third_Party/FreeRTOS/Source/CMSIS_RTOS_V2/cmsis_os2.o
 .ARM.attributes
                0x0000000000000434       0x33 Middlewares/Third_Party/FreeRTOS/Source/list.o
 .ARM.attributes
                0x0000000000000467       0x33 Middlewares/Third_Party/FreeRTOS/Source/queue.o
 .ARM.attributes
                0x000000000000049a       0x33 Middlewares/Third_Party/FreeRTOS/Source/tasks.o
 .ARM.attributes
                0x00000000000004cd       0x33 Middlewares/Third_Party/FreeRTOS/Source/timers.o
 .ARM.attributes
                0x0000000000000500       0x33 Middlewares/Third_Party/FreeRTOS/Source/portable/GCC/ARM_CM3/port.o
 .ARM.attributes
                0x0000000000000533       0x33 Middlewares/Third_Party/FreeRTOS/Source/portable/MemMang/heap_4.o
 .ARM.attributes
                0x0000000000000566       0x33 USB_DEVICE/App/usb_device.o
 .ARM.attributes
                0x0000000000000599       0x33 USB_DEVICE/App/usbd_cdc_if.o
 .ARM.attributes
                0x00000000000005cc       0x33 USB_DEVICE/App/usbd_desc.o
 .ARM.attributes
                0x00000000000005ff       0x33 USB_DEVICE/Target/usbd_conf.o
 .ARM.attributes
                0x0000000000000632       0x2d c:/st/stm32cubeide_1.5.0/stm32cubeide/plugins/com.st.stm32cube.ide.mcu.externaltools.gnu-tools-for-stm32.7-2018-q2-update.win32_1.5.0.202011040924/tools/bin/../lib/gcc/arm-none-eabi/7.3.1/../../../../arm-none-eabi/lib/thumb/v7-m\libc_nano.a(lib_a-init.o)
 .ARM.attributes
                0x000000000000065f       0x2d c:/st/stm32cubeide_1.5.0/stm32cubeide/plugins/com.st.stm32cube.ide.mcu.externaltools.gnu-tools-for-stm32.7-2018-q2-update.win32_1.5.0.202011040924/tools/bin/../lib/gcc/arm-none-eabi/7.3.1/../../../../arm-none-eabi/lib/thumb/v7-m\libc_nano.a(lib_a-memcpy-stub.o)
 .ARM.attributes
                0x000000000000068c       0x2d c:/st/stm32cubeide_1.5.0/stm32cubeide/plugins/com.st.stm32cube.ide.mcu.externaltools.gnu-tools-for-stm32.7-2018-q2-update.win32_1.5.0.202011040924/tools/bin/../lib/gcc/arm-none-eabi/7.3.1/../../../../arm-none-eabi/lib/thumb/v7-m\libc_nano.a(lib_a-memset.o)
 .ARM.attributes
                0x00000000000006b9       0x17 c:/st/stm32cubeide_1.5.0/stm32cubeide/plugins/com.st.stm32cube.ide.mcu.externaltools.gnu-tools-for-stm32.7-2018-q2-update.win32_1.5.0.202011040924/tools/bin/../lib/gcc/arm-none-eabi/7.3.1/../../../../arm-none-eabi/lib/thumb/v7-m\libc_nano.a(lib_a-strlen.o)
 .ARM.attributes
                0x00000000000006d0       0x1d c:/st/stm32cubeide_1.5.0/stm32cubeide/plugins/com.st.stm32cube.ide.mcu.externaltools.gnu-tools-for-stm32.7-2018-q2-update.win32_1.5.0.202011040924/tools/bin/../lib/gcc/arm-none-eabi/7.3.1/thumb/v7-m/crtn.o
OUTPUT(freeRTOS.elf elf32-littlearm)

.debug_info     0x0000000000000000    0x1e023
 .debug_info    0x0000000000000000      0x234 Core/Src/PCB_BluePill.o
 .debug_info    0x0000000000000234      0xfd8 Core/Src/freeRTOS_tasks.o
 .debug_info    0x000000000000120c     0x142a Core/Src/main.o
 .debug_info    0x0000000000002636      0x41c Core/Src/stm32f1xx_hal_msp.o
 .debug_info    0x0000000000002a52      0x696 Core/Src/stm32f1xx_it.o
 .debug_info    0x00000000000030e8      0x29a Core/Src/system_stm32f1xx.o
 .debug_info    0x0000000000003382       0x22 Core/Startup/startup_stm32f103c8tx.o
 .debug_info    0x00000000000033a4      0x714 Drivers/STM32F1xx_HAL_Driver/Src/stm32f1xx_hal.o
 .debug_info    0x0000000000003ab8      0xb51 Drivers/STM32F1xx_HAL_Driver/Src/stm32f1xx_hal_cortex.o
 .debug_info    0x0000000000004609      0x69b Drivers/STM32F1xx_HAL_Driver/Src/stm32f1xx_hal_gpio.o
 .debug_info    0x0000000000004ca4     0x122f Drivers/STM32F1xx_HAL_Driver/Src/stm32f1xx_hal_pcd.o
 .debug_info    0x0000000000005ed3      0x785 Drivers/STM32F1xx_HAL_Driver/Src/stm32f1xx_hal_pcd_ex.o
 .debug_info    0x0000000000006658      0x80f Drivers/STM32F1xx_HAL_Driver/Src/stm32f1xx_hal_rcc.o
 .debug_info    0x0000000000006e67      0x444 Drivers/STM32F1xx_HAL_Driver/Src/stm32f1xx_hal_rcc_ex.o
 .debug_info    0x00000000000072ab     0x17e7 Drivers/STM32F1xx_HAL_Driver/Src/stm32f1xx_ll_usb.o
 .debug_info    0x0000000000008a92     0x17b6 Middlewares/ST/STM32_USB_Device_Library/Class/CDC/Src/usbd_cdc.o
 .debug_info    0x000000000000a248     0x11d2 Middlewares/ST/STM32_USB_Device_Library/Core/Src/usbd_core.o
 .debug_info    0x000000000000b41a     0x1142 Middlewares/ST/STM32_USB_Device_Library/Core/Src/usbd_ctlreq.o
 .debug_info    0x000000000000c55c      0xf33 Middlewares/ST/STM32_USB_Device_Library/Core/Src/usbd_ioreq.o
 .debug_info    0x000000000000d48f     0x403a Middlewares/Third_Party/FreeRTOS/Source/CMSIS_RTOS_V2/cmsis_os2.o
 .debug_info    0x00000000000114c9      0xac5 Middlewares/Third_Party/FreeRTOS/Source/list.o
 .debug_info    0x0000000000011f8e     0x22e8 Middlewares/Third_Party/FreeRTOS/Source/queue.o
 .debug_info    0x0000000000014276     0x294f Middlewares/Third_Party/FreeRTOS/Source/tasks.o
 .debug_info    0x0000000000016bc5     0x1a21 Middlewares/Third_Party/FreeRTOS/Source/timers.o
 .debug_info    0x00000000000185e6      0x4d2 Middlewares/Third_Party/FreeRTOS/Source/portable/GCC/ARM_CM3/port.o
 .debug_info    0x0000000000018ab8      0xbea Middlewares/Third_Party/FreeRTOS/Source/portable/MemMang/heap_4.o
 .debug_info    0x00000000000196a2      0xe7b USB_DEVICE/App/usb_device.o
 .debug_info    0x000000000001a51d     0x1035 USB_DEVICE/App/usbd_cdc_if.o
 .debug_info    0x000000000001b552      0xd17 USB_DEVICE/App/usbd_desc.o
 .debug_info    0x000000000001c269     0x1dba USB_DEVICE/Target/usbd_conf.o

.debug_abbrev   0x0000000000000000     0x3fbd
 .debug_abbrev  0x0000000000000000       0xe4 Core/Src/PCB_BluePill.o
 .debug_abbrev  0x00000000000000e4      0x203 Core/Src/freeRTOS_tasks.o
 .debug_abbrev  0x00000000000002e7      0x27b Core/Src/main.o
 .debug_abbrev  0x0000000000000562      0x112 Core/Src/stm32f1xx_hal_msp.o
 .debug_abbrev  0x0000000000000674      0x155 Core/Src/stm32f1xx_it.o
 .debug_abbrev  0x00000000000007c9      0x134 Core/Src/system_stm32f1xx.o
 .debug_abbrev  0x00000000000008fd       0x12 Core/Startup/startup_stm32f103c8tx.o
 .debug_abbrev  0x000000000000090f      0x1c7 Drivers/STM32F1xx_HAL_Driver/Src/stm32f1xx_hal.o
 .debug_abbrev  0x0000000000000ad6      0x2d5 Drivers/STM32F1xx_HAL_Driver/Src/stm32f1xx_hal_cortex.o
 .debug_abbrev  0x0000000000000dab      0x1c0 Drivers/STM32F1xx_HAL_Driver/Src/stm32f1xx_hal_gpio.o
 .debug_abbrev  0x0000000000000f6b      0x268 Drivers/STM32F1xx_HAL_Driver/Src/stm32f1xx_hal_pcd.o
 .debug_abbrev  0x00000000000011d3      0x188 Drivers/STM32F1xx_HAL_Driver/Src/stm32f1xx_hal_pcd_ex.o
 .debug_abbrev  0x000000000000135b      0x243 Drivers/STM32F1xx_HAL_Driver/Src/stm32f1xx_hal_rcc.o
 .debug_abbrev  0x000000000000159e      0x175 Drivers/STM32F1xx_HAL_Driver/Src/stm32f1xx_hal_rcc_ex.o
 .debug_abbrev  0x0000000000001713      0x1d2 Drivers/STM32F1xx_HAL_Driver/Src/stm32f1xx_ll_usb.o
 .debug_abbrev  0x00000000000018e5      0x2b6 Middlewares/ST/STM32_USB_Device_Library/Class/CDC/Src/usbd_cdc.o
 .debug_abbrev  0x0000000000001b9b      0x270 Middlewares/ST/STM32_USB_Device_Library/Core/Src/usbd_core.o
 .debug_abbrev  0x0000000000001e0b      0x2a0 Middlewares/ST/STM32_USB_Device_Library/Core/Src/usbd_ctlreq.o
 .debug_abbrev  0x00000000000020ab      0x1e0 Middlewares/ST/STM32_USB_Device_Library/Core/Src/usbd_ioreq.o
 .debug_abbrev  0x000000000000228b      0x3a0 Middlewares/Third_Party/FreeRTOS/Source/CMSIS_RTOS_V2/cmsis_os2.o
 .debug_abbrev  0x000000000000262b      0x1cf Middlewares/Third_Party/FreeRTOS/Source/list.o
 .debug_abbrev  0x00000000000027fa      0x354 Middlewares/Third_Party/FreeRTOS/Source/queue.o
 .debug_abbrev  0x0000000000002b4e      0x350 Middlewares/Third_Party/FreeRTOS/Source/tasks.o
 .debug_abbrev  0x0000000000002e9e      0x2d7 Middlewares/Third_Party/FreeRTOS/Source/timers.o
 .debug_abbrev  0x0000000000003175      0x205 Middlewares/Third_Party/FreeRTOS/Source/portable/GCC/ARM_CM3/port.o
 .debug_abbrev  0x000000000000337a      0x29e Middlewares/Third_Party/FreeRTOS/Source/portable/MemMang/heap_4.o
 .debug_abbrev  0x0000000000003618      0x1be USB_DEVICE/App/usb_device.o
 .debug_abbrev  0x00000000000037d6      0x27c USB_DEVICE/App/usbd_cdc_if.o
 .debug_abbrev  0x0000000000003a52      0x290 USB_DEVICE/App/usbd_desc.o
 .debug_abbrev  0x0000000000003ce2      0x2db USB_DEVICE/Target/usbd_conf.o

.debug_aranges  0x0000000000000000     0x1218
 .debug_aranges
                0x0000000000000000       0x28 Core/Src/PCB_BluePill.o
 .debug_aranges
                0x0000000000000028       0x38 Core/Src/freeRTOS_tasks.o
 .debug_aranges
                0x0000000000000060       0x40 Core/Src/main.o
 .debug_aranges
                0x00000000000000a0       0x20 Core/Src/stm32f1xx_hal_msp.o
 .debug_aranges
                0x00000000000000c0       0x58 Core/Src/stm32f1xx_it.o
 .debug_aranges
                0x0000000000000118       0x28 Core/Src/system_stm32f1xx.o
 .debug_aranges
                0x0000000000000140       0x28 Core/Startup/startup_stm32f103c8tx.o
 .debug_aranges
                0x0000000000000168       0xe0 Drivers/STM32F1xx_HAL_Driver/Src/stm32f1xx_hal.o
 .debug_aranges
                0x0000000000000248      0x100 Drivers/STM32F1xx_HAL_Driver/Src/stm32f1xx_hal_cortex.o
 .debug_aranges
                0x0000000000000348       0x58 Drivers/STM32F1xx_HAL_Driver/Src/stm32f1xx_hal_gpio.o
 .debug_aranges
                0x00000000000003a0      0x138 Drivers/STM32F1xx_HAL_Driver/Src/stm32f1xx_hal_pcd.o
 .debug_aranges
                0x00000000000004d8       0x38 Drivers/STM32F1xx_HAL_Driver/Src/stm32f1xx_hal_pcd_ex.o
 .debug_aranges
                0x0000000000000510       0x90 Drivers/STM32F1xx_HAL_Driver/Src/stm32f1xx_hal_rcc.o
 .debug_aranges
                0x00000000000005a0       0x30 Drivers/STM32F1xx_HAL_Driver/Src/stm32f1xx_hal_rcc_ex.o
 .debug_aranges
                0x00000000000005d0       0xf0 Drivers/STM32F1xx_HAL_Driver/Src/stm32f1xx_ll_usb.o
 .debug_aranges
                0x00000000000006c0       0x90 Middlewares/ST/STM32_USB_Device_Library/Class/CDC/Src/usbd_cdc.o
 .debug_aranges
                0x0000000000000750       0xb8 Middlewares/ST/STM32_USB_Device_Library/Core/Src/usbd_core.o
 .debug_aranges
                0x0000000000000808       0x88 Middlewares/ST/STM32_USB_Device_Library/Core/Src/usbd_ctlreq.o
 .debug_aranges
                0x0000000000000890       0x50 Middlewares/ST/STM32_USB_Device_Library/Core/Src/usbd_ioreq.o
 .debug_aranges
                0x00000000000008e0      0x228 Middlewares/Third_Party/FreeRTOS/Source/CMSIS_RTOS_V2/cmsis_os2.o
 .debug_aranges
                0x0000000000000b08       0x40 Middlewares/Third_Party/FreeRTOS/Source/list.o
 .debug_aranges
                0x0000000000000b48      0x158 Middlewares/Third_Party/FreeRTOS/Source/queue.o
 .debug_aranges
                0x0000000000000ca0      0x1f8 Middlewares/Third_Party/FreeRTOS/Source/tasks.o
 .debug_aranges
                0x0000000000000e98       0xe0 Middlewares/Third_Party/FreeRTOS/Source/timers.o
 .debug_aranges
                0x0000000000000f78       0x78 Middlewares/Third_Party/FreeRTOS/Source/portable/GCC/ARM_CM3/port.o
 .debug_aranges
                0x0000000000000ff0       0x50 Middlewares/Third_Party/FreeRTOS/Source/portable/MemMang/heap_4.o
 .debug_aranges
                0x0000000000001040       0x20 USB_DEVICE/App/usb_device.o
 .debug_aranges
                0x0000000000001060       0x40 USB_DEVICE/App/usbd_cdc_if.o
 .debug_aranges
                0x00000000000010a0       0x60 USB_DEVICE/App/usbd_desc.o
 .debug_aranges
                0x0000000000001100      0x118 USB_DEVICE/Target/usbd_conf.o

.debug_ranges   0x0000000000000000     0x1040
 .debug_ranges  0x0000000000000000       0x18 Core/Src/PCB_BluePill.o
 .debug_ranges  0x0000000000000018       0x28 Core/Src/freeRTOS_tasks.o
 .debug_ranges  0x0000000000000040       0x30 Core/Src/main.o
 .debug_ranges  0x0000000000000070       0x10 Core/Src/stm32f1xx_hal_msp.o
 .debug_ranges  0x0000000000000080       0x48 Core/Src/stm32f1xx_it.o
 .debug_ranges  0x00000000000000c8       0x18 Core/Src/system_stm32f1xx.o
 .debug_ranges  0x00000000000000e0       0x20 Core/Startup/startup_stm32f103c8tx.o
 .debug_ranges  0x0000000000000100       0xd0 Drivers/STM32F1xx_HAL_Driver/Src/stm32f1xx_hal.o
 .debug_ranges  0x00000000000001d0       0xf0 Drivers/STM32F1xx_HAL_Driver/Src/stm32f1xx_hal_cortex.o
 .debug_ranges  0x00000000000002c0       0x48 Drivers/STM32F1xx_HAL_Driver/Src/stm32f1xx_hal_gpio.o
 .debug_ranges  0x0000000000000308      0x128 Drivers/STM32F1xx_HAL_Driver/Src/stm32f1xx_hal_pcd.o
 .debug_ranges  0x0000000000000430       0x28 Drivers/STM32F1xx_HAL_Driver/Src/stm32f1xx_hal_pcd_ex.o
 .debug_ranges  0x0000000000000458       0x80 Drivers/STM32F1xx_HAL_Driver/Src/stm32f1xx_hal_rcc.o
 .debug_ranges  0x00000000000004d8       0x20 Drivers/STM32F1xx_HAL_Driver/Src/stm32f1xx_hal_rcc_ex.o
 .debug_ranges  0x00000000000004f8       0xe0 Drivers/STM32F1xx_HAL_Driver/Src/stm32f1xx_ll_usb.o
 .debug_ranges  0x00000000000005d8       0x80 Middlewares/ST/STM32_USB_Device_Library/Class/CDC/Src/usbd_cdc.o
 .debug_ranges  0x0000000000000658       0xa8 Middlewares/ST/STM32_USB_Device_Library/Core/Src/usbd_core.o
 .debug_ranges  0x0000000000000700       0x78 Middlewares/ST/STM32_USB_Device_Library/Core/Src/usbd_ctlreq.o
 .debug_ranges  0x0000000000000778       0x40 Middlewares/ST/STM32_USB_Device_Library/Core/Src/usbd_ioreq.o
 .debug_ranges  0x00000000000007b8      0x218 Middlewares/Third_Party/FreeRTOS/Source/CMSIS_RTOS_V2/cmsis_os2.o
 .debug_ranges  0x00000000000009d0       0x30 Middlewares/Third_Party/FreeRTOS/Source/list.o
 .debug_ranges  0x0000000000000a00      0x148 Middlewares/Third_Party/FreeRTOS/Source/queue.o
 .debug_ranges  0x0000000000000b48      0x1e8 Middlewares/Third_Party/FreeRTOS/Source/tasks.o
 .debug_ranges  0x0000000000000d30       0xd0 Middlewares/Third_Party/FreeRTOS/Source/timers.o
 .debug_ranges  0x0000000000000e00       0x68 Middlewares/Third_Party/FreeRTOS/Source/portable/GCC/ARM_CM3/port.o
 .debug_ranges  0x0000000000000e68       0x40 Middlewares/Third_Party/FreeRTOS/Source/portable/MemMang/heap_4.o
 .debug_ranges  0x0000000000000ea8       0x10 USB_DEVICE/App/usb_device.o
 .debug_ranges  0x0000000000000eb8       0x30 USB_DEVICE/App/usbd_cdc_if.o
 .debug_ranges  0x0000000000000ee8       0x50 USB_DEVICE/App/usbd_desc.o
 .debug_ranges  0x0000000000000f38      0x108 USB_DEVICE/Target/usbd_conf.o

.debug_macro    0x0000000000000000    0x1b716
 .debug_macro   0x0000000000000000      0x1bc Core/Src/PCB_BluePill.o
 .debug_macro   0x00000000000001bc      0xa5a Core/Src/PCB_BluePill.o
 .debug_macro   0x0000000000000c16      0x215 Core/Src/PCB_BluePill.o
 .debug_macro   0x0000000000000e2b       0x2e Core/Src/PCB_BluePill.o
 .debug_macro   0x0000000000000e59       0x22 Core/Src/PCB_BluePill.o
 .debug_macro   0x0000000000000e7b       0x22 Core/Src/PCB_BluePill.o
 .debug_macro   0x0000000000000e9d       0x8e Core/Src/PCB_BluePill.o
 .debug_macro   0x0000000000000f2b       0x51 Core/Src/PCB_BluePill.o
 .debug_macro   0x0000000000000f7c       0xef Core/Src/PCB_BluePill.o
 .debug_macro   0x000000000000106b       0x6a Core/Src/PCB_BluePill.o
 .debug_macro   0x00000000000010d5      0x1df Core/Src/PCB_BluePill.o
 .debug_macro   0x00000000000012b4       0x1c Core/Src/PCB_BluePill.o
 .debug_macro   0x00000000000012d0       0x22 Core/Src/PCB_BluePill.o
 .debug_macro   0x00000000000012f2       0xc3 Core/Src/PCB_BluePill.o
 .debug_macro   0x00000000000013b5      0xd23 Core/Src/PCB_BluePill.o
 .debug_macro   0x00000000000020d8     0xe097 Core/Src/PCB_BluePill.o
 .debug_macro   0x000000000001016f       0x43 Core/Src/PCB_BluePill.o
 .debug_macro   0x00000000000101b2     0x3468 Core/Src/PCB_BluePill.o
 .debug_macro   0x000000000001361a      0x174 Core/Src/PCB_BluePill.o
 .debug_macro   0x000000000001378e       0x5c Core/Src/PCB_BluePill.o
 .debug_macro   0x00000000000137ea      0x5be Core/Src/PCB_BluePill.o
 .debug_macro   0x0000000000013da8      0x289 Core/Src/PCB_BluePill.o
 .debug_macro   0x0000000000014031      0x1cb Core/Src/PCB_BluePill.o
 .debug_macro   0x00000000000141fc      0x114 Core/Src/PCB_BluePill.o
 .debug_macro   0x0000000000014310      0x1b2 Core/Src/PCB_BluePill.o
 .debug_macro   0x00000000000144c2       0x27 Core/Src/PCB_BluePill.o
 .debug_macro   0x00000000000144e9      0x136 Core/Src/PCB_BluePill.o
 .debug_macro   0x000000000001461f      0x1bc Core/Src/PCB_BluePill.o
 .debug_macro   0x00000000000147db       0x34 Core/Src/PCB_BluePill.o
 .debug_macro   0x000000000001480f       0x3c Core/Src/PCB_BluePill.o
 .debug_macro   0x000000000001484b       0x57 Core/Src/PCB_BluePill.o
 .debug_macro   0x00000000000148a2       0x88 Core/Src/PCB_BluePill.o
 .debug_macro   0x000000000001492a      0x241 Core/Src/PCB_BluePill.o
 .debug_macro   0x0000000000014b6b      0x141 Core/Src/PCB_BluePill.o
 .debug_macro   0x0000000000014cac       0x65 Core/Src/PCB_BluePill.o
 .debug_macro   0x0000000000014d11      0x249 Core/Src/PCB_BluePill.o
 .debug_macro   0x0000000000014f5a       0x83 Core/Src/PCB_BluePill.o
 .debug_macro   0x0000000000014fdd      0x45a Core/Src/freeRTOS_tasks.o
 .debug_macro   0x0000000000015437      0x11c Core/Src/freeRTOS_tasks.o
 .debug_macro   0x0000000000015553      0x15a Core/Src/freeRTOS_tasks.o
 .debug_macro   0x00000000000156ad       0xc2 Core/Src/freeRTOS_tasks.o
 .debug_macro   0x000000000001576f       0x10 Core/Src/freeRTOS_tasks.o
 .debug_macro   0x000000000001577f       0x1f Core/Src/freeRTOS_tasks.o
 .debug_macro   0x000000000001579e      0x47f Core/Src/freeRTOS_tasks.o
 .debug_macro   0x0000000000015c1d       0xb5 Core/Src/freeRTOS_tasks.o
 .debug_macro   0x0000000000015cd2       0x8c Core/Src/freeRTOS_tasks.o
 .debug_macro   0x0000000000015d5e       0x46 Core/Src/freeRTOS_tasks.o
 .debug_macro   0x0000000000015da4       0x18 Core/Src/freeRTOS_tasks.o
 .debug_macro   0x0000000000015dbc       0x3c Core/Src/freeRTOS_tasks.o
 .debug_macro   0x0000000000015df8       0x34 Core/Src/freeRTOS_tasks.o
 .debug_macro   0x0000000000015e2c       0x16 Core/Src/freeRTOS_tasks.o
 .debug_macro   0x0000000000015e42       0x35 Core/Src/freeRTOS_tasks.o
 .debug_macro   0x0000000000015e77      0x32a Core/Src/freeRTOS_tasks.o
 .debug_macro   0x00000000000161a1       0x10 Core/Src/freeRTOS_tasks.o
 .debug_macro   0x00000000000161b1       0x52 Core/Src/freeRTOS_tasks.o
 .debug_macro   0x0000000000016203       0x1f Core/Src/freeRTOS_tasks.o
 .debug_macro   0x0000000000016222       0x43 Core/Src/freeRTOS_tasks.o
 .debug_macro   0x0000000000016265       0x20 Core/Src/freeRTOS_tasks.o
 .debug_macro   0x0000000000016285      0x1a3 Core/Src/freeRTOS_tasks.o
 .debug_macro   0x0000000000016428       0x10 Core/Src/freeRTOS_tasks.o
 .debug_macro   0x0000000000016438       0x1c Core/Src/freeRTOS_tasks.o
 .debug_macro   0x0000000000016454       0x52 Core/Src/freeRTOS_tasks.o
 .debug_macro   0x00000000000164a6       0x40 Core/Src/freeRTOS_tasks.o
 .debug_macro   0x00000000000164e6       0x10 Core/Src/freeRTOS_tasks.o
 .debug_macro   0x00000000000164f6       0x40 Core/Src/freeRTOS_tasks.o
 .debug_macro   0x0000000000016536       0xd7 Core/Src/freeRTOS_tasks.o
 .debug_macro   0x000000000001660d       0x1c Core/Src/freeRTOS_tasks.o
 .debug_macro   0x0000000000016629       0x3d Core/Src/freeRTOS_tasks.o
 .debug_macro   0x0000000000016666       0x16 Core/Src/freeRTOS_tasks.o
 .debug_macro   0x000000000001667c      0x145 Core/Src/freeRTOS_tasks.o
 .debug_macro   0x00000000000167c1       0x16 Core/Src/freeRTOS_tasks.o
 .debug_macro   0x00000000000167d7       0x16 Core/Src/freeRTOS_tasks.o
 .debug_macro   0x00000000000167ed       0x29 Core/Src/freeRTOS_tasks.o
 .debug_macro   0x0000000000016816       0x16 Core/Src/freeRTOS_tasks.o
 .debug_macro   0x000000000001682c       0x20 Core/Src/freeRTOS_tasks.o
 .debug_macro   0x000000000001684c       0x60 Core/Src/freeRTOS_tasks.o
 .debug_macro   0x00000000000168ac      0x1c8 Core/Src/freeRTOS_tasks.o
 .debug_macro   0x0000000000016a74       0x8f Core/Src/freeRTOS_tasks.o
 .debug_macro   0x0000000000016b03       0x10 Core/Src/freeRTOS_tasks.o
 .debug_macro   0x0000000000016b13      0x465 Core/Src/main.o
 .debug_macro   0x0000000000016f78       0x5b Core/Src/main.o
 .debug_macro   0x0000000000016fd3       0x74 Core/Src/main.o
 .debug_macro   0x0000000000017047       0xdd Core/Src/main.o
 .debug_macro   0x0000000000017124      0x1b2 Core/Src/stm32f1xx_hal_msp.o
 .debug_macro   0x00000000000172d6      0x224 Core/Src/stm32f1xx_it.o
 .debug_macro   0x00000000000174fa      0x1a8 Core/Src/system_stm32f1xx.o
 .debug_macro   0x00000000000176a2      0x1cc Drivers/STM32F1xx_HAL_Driver/Src/stm32f1xx_hal.o
 .debug_macro   0x000000000001786e      0x1a8 Drivers/STM32F1xx_HAL_Driver/Src/stm32f1xx_hal_cortex.o
 .debug_macro   0x0000000000017a16      0x213 Drivers/STM32F1xx_HAL_Driver/Src/stm32f1xx_hal_gpio.o
 .debug_macro   0x0000000000017c29      0x1b4 Drivers/STM32F1xx_HAL_Driver/Src/stm32f1xx_hal_pcd.o
 .debug_macro   0x0000000000017ddd      0x1a8 Drivers/STM32F1xx_HAL_Driver/Src/stm32f1xx_hal_pcd_ex.o
 .debug_macro   0x0000000000017f85      0x1ba Drivers/STM32F1xx_HAL_Driver/Src/stm32f1xx_hal_rcc.o