Archive member included to satisfy reference by file (symbol)

c:/st/stm32cubeide_1.5.0/stm32cubeide/plugins/com.st.stm32cube.ide.mcu.externaltools.gnu-tools-for-stm32.7-2018-q2-update.win32_1.5.0.202011040924/tools/bin/../lib/gcc/arm-none-eabi/7.3.1/../../../../arm-none-eabi/lib/thumb/v7-m\libc_nano.a(lib_a-errno.o)
                              Core/Src/syscalls.o (__errno)
c:/st/stm32cubeide_1.5.0/stm32cubeide/plugins/com.st.stm32cube.ide.mcu.externaltools.gnu-tools-for-stm32.7-2018-q2-update.win32_1.5.0.202011040924/tools/bin/../lib/gcc/arm-none-eabi/7.3.1/../../../../arm-none-eabi/lib/thumb/v7-m\libc_nano.a(lib_a-exit.o)
                              c:/st/stm32cubeide_1.5.0/stm32cubeide/plugins/com.st.stm32cube.ide.mcu.externaltools.gnu-tools-for-stm32.7-2018-q2-update.win32_1.5.0.202011040924/tools/bin/../lib/gcc/arm-none-eabi/7.3.1/../../../../arm-none-eabi/lib/thumb/v7-m/crt0.o (exit)
c:/st/stm32cubeide_1.5.0/stm32cubeide/plugins/com.st.stm32cube.ide.mcu.externaltools.gnu-tools-for-stm32.7-2018-q2-update.win32_1.5.0.202011040924/tools/bin/../lib/gcc/arm-none-eabi/7.3.1/../../../../arm-none-eabi/lib/thumb/v7-m\libc_nano.a(lib_a-impure.o)
                              c:/st/stm32cubeide_1.5.0/stm32cubeide/plugins/com.st.stm32cube.ide.mcu.externaltools.gnu-tools-for-stm32.7-2018-q2-update.win32_1.5.0.202011040924/tools/bin/../lib/gcc/arm-none-eabi/7.3.1/../../../../arm-none-eabi/lib/thumb/v7-m\libc_nano.a(lib_a-exit.o) (_global_impure_ptr)
c:/st/stm32cubeide_1.5.0/stm32cubeide/plugins/com.st.stm32cube.ide.mcu.externaltools.gnu-tools-for-stm32.7-2018-q2-update.win32_1.5.0.202011040924/tools/bin/../lib/gcc/arm-none-eabi/7.3.1/../../../../arm-none-eabi/lib/thumb/v7-m\libc_nano.a(lib_a-init.o)
                              c:/st/stm32cubeide_1.5.0/stm32cubeide/plugins/com.st.stm32cube.ide.mcu.externaltools.gnu-tools-for-stm32.7-2018-q2-update.win32_1.5.0.202011040924/tools/bin/../lib/gcc/arm-none-eabi/7.3.1/../../../../arm-none-eabi/lib/thumb/v7-m/crt0.o (__libc_init_array)
c:/st/stm32cubeide_1.5.0/stm32cubeide/plugins/com.st.stm32cube.ide.mcu.externaltools.gnu-tools-for-stm32.7-2018-q2-update.win32_1.5.0.202011040924/tools/bin/../lib/gcc/arm-none-eabi/7.3.1/../../../../arm-none-eabi/lib/thumb/v7-m\libc_nano.a(lib_a-memcpy-stub.o)
                              Middlewares/Third_Party/FreeRTOS/Source/CMSIS_RTOS_V2/cmsis_os2.o (memcpy)
c:/st/stm32cubeide_1.5.0/stm32cubeide/plugins/com.st.stm32cube.ide.mcu.externaltools.gnu-tools-for-stm32.7-2018-q2-update.win32_1.5.0.202011040924/tools/bin/../lib/gcc/arm-none-eabi/7.3.1/../../../../arm-none-eabi/lib/thumb/v7-m\libc_nano.a(lib_a-memset.o)
                              c:/st/stm32cubeide_1.5.0/stm32cubeide/plugins/com.st.stm32cube.ide.mcu.externaltools.gnu-tools-for-stm32.7-2018-q2-update.win32_1.5.0.202011040924/tools/bin/../lib/gcc/arm-none-eabi/7.3.1/../../../../arm-none-eabi/lib/thumb/v7-m/crt0.o (memset)
c:/st/stm32cubeide_1.5.0/stm32cubeide/plugins/com.st.stm32cube.ide.mcu.externaltools.gnu-tools-for-stm32.7-2018-q2-update.win32_1.5.0.202011040924/tools/bin/../lib/gcc/arm-none-eabi/7.3.1/../../../../arm-none-eabi/lib/thumb/v7-m\libc_nano.a(lib_a-strlen.o)
                              Core/Src/freeRTOS_tasks.o (strlen)
c:/st/stm32cubeide_1.5.0/stm32cubeide/plugins/com.st.stm32cube.ide.mcu.externaltools.gnu-tools-for-stm32.7-2018-q2-update.win32_1.5.0.202011040924/tools/bin/../lib/gcc/arm-none-eabi/7.3.1/../../../../arm-none-eabi/lib/thumb/v7-m\libc_nano.a(lib_a-strncpy.o)
                              USB_DEVICE/App/usbd_cdc_if.o (strncpy)

Allocating common symbols
Common symbol       size              file

hUsbDeviceFS        0x2c4             USB_DEVICE/App/usb_device.o
defaultTaskHandle   0x4               Core/Src/main.o
USB_Tx_Buf_Task1    0x18              Core/Src/freeRTOS_tasks.o
uwTick              0x4               Drivers/STM32F1xx_HAL_Driver/Src/stm32f1xx_hal.o
xQueueRegistry      0x40              Middlewares/Third_Party/FreeRTOS/Source/queue.o
pFlash              0x20              Drivers/STM32F1xx_HAL_Driver/Src/stm32f1xx_hal_flash.o
UserRxBufferFS      0x40              USB_DEVICE/App/usbd_cdc_if.o
UserTxBufferFS      0x40              USB_DEVICE/App/usbd_cdc_if.o
pDelay_LED          0x4               Core/Src/freeRTOS_tasks.o
xSemaphoreBinary1   0x4               Core/Src/freeRTOS_tasks.o
xQueue1             0x4               Core/Src/freeRTOS_tasks.o
hpcd_USB_FS         0x2ec             USB_DEVICE/Target/usbd_conf.o
USBD_StrDesc        0x200             USB_DEVICE/App/usbd_desc.o
VCP_Rx_Buf          0x40              Core/Src/freeRTOS_tasks.o
Delay_LED           0x2               Core/Src/freeRTOS_tasks.o

Discarded input sections

 .text          0x0000000000000000        0x0 c:/st/stm32cubeide_1.5.0/stm32cubeide/plugins/com.st.stm32cube.ide.mcu.externaltools.gnu-tools-for-stm32.7-2018-q2-update.win32_1.5.0.202011040924/tools/bin/../lib/gcc/arm-none-eabi/7.3.1/thumb/v7-m/crti.o
[...]
Memory Configuration

Name             Origin             Length             Attributes
RAM              0x0000000020000000 0x0000000000005000 xrw
FLASH            0x0000000008000000 0x0000000000010000 xr
*default*        0x0000000000000000 0xffffffffffffffff

Linker script and memory map

LOAD c:/st/stm32cubeide_1.5.0/stm32cubeide/plugins/com.st.stm32cube.ide.mcu.externaltools.gnu-tools-for-stm32.7-2018-q2-update.win32_1.5.0.202011040924/tools/bin/../lib/gcc/arm-none-eabi/7.3.1/thumb/v7-m/crti.o
LOAD c:/st/stm32cubeide_1.5.0/stm32cubeide/plugins/com.st.stm32cube.ide.mcu.externaltools.gnu-tools-for-stm32.7-2018-q2-update.win32_1.5.0.202011040924/tools/bin/../lib/gcc/arm-none-eabi/7.3.1/thumb/v7-m/crtbegin.o
LOAD c:/st/stm32cubeide_1.5.0/stm32cubeide/plugins/com.st.stm32cube.ide.mcu.externaltools.gnu-tools-for-stm32.7-2018-q2-update.win32_1.5.0.202011040924/tools/bin/../lib/gcc/arm-none-eabi/7.3.1/../../../../arm-none-eabi/lib/thumb/v7-m/crt0.o
LOAD Core/Src/PCB_BluePill.o
LOAD Core/Src/freeRTOS_tasks.o
LOAD Core/Src/freertos.o
LOAD Core/Src/main.o
LOAD Core/Src/stm32f1xx_hal_msp.o
LOAD Core/Src/stm32f1xx_it.o
LOAD Core/Src/syscalls.o
LOAD Core/Src/sysmem.o
LOAD Core/Src/system_stm32f1xx.o
LOAD Core/Startup/startup_stm32f103c8tx.o
LOAD Drivers/STM32F1xx_HAL_Driver/Src/stm32f1xx_hal.o
LOAD Drivers/STM32F1xx_HAL_Driver/Src/stm32f1xx_hal_cortex.o
LOAD Drivers/STM32F1xx_HAL_Driver/Src/stm32f1xx_hal_dma.o
LOAD Drivers/STM32F1xx_HAL_Driver/Src/stm32f1xx_hal_exti.o
LOAD Drivers/STM32F1xx_HAL_Driver/Src/stm32f1xx_hal_flash.o
LOAD Drivers/STM32F1xx_HAL_Driver/Src/stm32f1xx_hal_flash_ex.o
LOAD Drivers/STM32F1xx_HAL_Driver/Src/stm32f1xx_hal_gpio.o
LOAD Drivers/STM32F1xx_HAL_Driver/Src/stm32f1xx_hal_gpio_ex.o
LOAD Drivers/STM32F1xx_HAL_Driver/Src/stm32f1xx_hal_pcd.o
LOAD Drivers/STM32F1xx_HAL_Driver/Src/stm32f1xx_hal_pcd_ex.o
LOAD Drivers/STM32F1xx_HAL_Driver/Src/stm32f1xx_hal_pwr.o
LOAD Drivers/STM32F1xx_HAL_Driver/Src/stm32f1xx_hal_rcc.o
LOAD Drivers/STM32F1xx_HAL_Driver/Src/stm32f1xx_hal_rcc_ex.o
LOAD Drivers/STM32F1xx_HAL_Driver/Src/stm32f1xx_hal_tim.o
LOAD Drivers/STM32F1xx_HAL_Driver/Src/stm32f1xx_hal_tim_ex.o
LOAD Drivers/STM32F1xx_HAL_Driver/Src/stm32f1xx_ll_usb.o
LOAD Middlewares/ST/STM32_USB_Device_Library/Class/CDC/Src/usbd_cdc.o
LOAD Middlewares/ST/STM32_USB_Device_Library/Core/Src/usbd_core.o
LOAD Middlewares/ST/STM32_USB_Device_Library/Core/Src/usbd_ctlreq.o
LOAD Middlewares/ST/STM32_USB_Device_Library/Core/Src/usbd_ioreq.o
LOAD Middlewares/Third_Party/FreeRTOS/Source/CMSIS_RTOS_V2/cmsis_os2.o
LOAD Middlewares/Third_Party/FreeRTOS/Source/croutine.o
LOAD Middlewares/Third_Party/FreeRTOS/Source/event_groups.o
LOAD Middlewares/Third_Party/FreeRTOS/Source/list.o
LOAD Middlewares/Third_Party/FreeRTOS/Source/queue.o
LOAD Middlewares/Third_Party/FreeRTOS/Source/stream_buffer.o
LOAD Middlewares/Third_Party/FreeRTOS/Source/tasks.o
LOAD Middlewares/Third_Party/FreeRTOS/Source/timers.o
LOAD Middlewares/Third_Party/FreeRTOS/Source/portable/GCC/ARM_CM3/port.o
LOAD Middlewares/Third_Party/FreeRTOS/Source/portable/MemMang/heap_4.o
LOAD USB_DEVICE/App/usb_device.o
LOAD USB_DEVICE/App/usbd_cdc_if.o
LOAD USB_DEVICE/App/usbd_desc.o
LOAD USB_DEVICE/Target/usbd_conf.o
START GROUP
LOAD c:/st/stm32cubeide_1.5.0/stm32cubeide/plugins/com.st.stm32cube.ide.mcu.externaltools.gnu-tools-for-stm32.7-2018-q2-update.win32_1.5.0.202011040924/tools/bin/../lib/gcc/arm-none-eabi/7.3.1/../../../../arm-none-eabi/lib/thumb/v7-m\libc_nano.a
LOAD c:/st/stm32cubeide_1.5.0/stm32cubeide/plugins/com.st.stm32cube.ide.mcu.externaltools.gnu-tools-for-stm32.7-2018-q2-update.win32_1.5.0.202011040924/tools/bin/../lib/gcc/arm-none-eabi/7.3.1/../../../../arm-none-eabi/lib/thumb/v7-m\libm.a
END GROUP
START GROUP
LOAD c:/st/stm32cubeide_1.5.0/stm32cubeide/plugins/com.st.stm32cube.ide.mcu.externaltools.gnu-tools-for-stm32.7-2018-q2-update.win32_1.5.0.202011040924/tools/bin/../lib/gcc/arm-none-eabi/7.3.1/thumb/v7-m\libgcc.a
LOAD c:/st/stm32cubeide_1.5.0/stm32cubeide/plugins/com.st.stm32cube.ide.mcu.externaltools.gnu-tools-for-stm32.7-2018-q2-update.win32_1.5.0.202011040924/tools/bin/../lib/gcc/arm-none-eabi/7.3.1/../../../../arm-none-eabi/lib/thumb/v7-m\libc_nano.a
END GROUP
START GROUP
LOAD c:/st/stm32cubeide_1.5.0/stm32cubeide/plugins/com.st.stm32cube.ide.mcu.externaltools.gnu-tools-for-stm32.7-2018-q2-update.win32_1.5.0.202011040924/tools/bin/../lib/gcc/arm-none-eabi/7.3.1/thumb/v7-m\libgcc.a
LOAD c:/st/stm32cubeide_1.5.0/stm32cubeide/plugins/com.st.stm32cube.ide.mcu.externaltools.gnu-tools-for-stm32.7-2018-q2-update.win32_1.5.0.202011040924/tools/bin/../lib/gcc/arm-none-eabi/7.3.1/../../../../arm-none-eabi/lib/thumb/v7-m\libc_nano.a
LOAD c:/st/stm32cubeide_1.5.0/stm32cubeide/plugins/com.st.stm32cube.ide.mcu.externaltools.gnu-tools-for-stm32.7-2018-q2-update.win32_1.5.0.202011040924/tools/bin/../lib/gcc/arm-none-eabi/7.3.1/../../../../arm-none-eabi/lib/thumb/v7-m\libnosys.a
END GROUP
START GROUP
LOAD c:/st/stm32cubeide_1.5.0/stm32cubeide/plugins/com.st.stm32cube.ide.mcu.externaltools.gnu-tools-for-stm32.7-2018-q2-update.win32_1.5.0.202011040924/tools/bin/../lib/gcc/arm-none-eabi/7.3.1/thumb/v7-m\libgcc.a
LOAD c:/st/stm32cubeide_1.5.0/stm32cubeide/plugins/com.st.stm32cube.ide.mcu.externaltools.gnu-tools-for-stm32.7-2018-q2-update.win32_1.5.0.202011040924/tools/bin/../lib/gcc/arm-none-eabi/7.3.1/../../../../arm-none-eabi/lib/thumb/v7-m\libc_nano.a
LOAD c:/st/stm32cubeide_1.5.0/stm32cubeide/plugins/com.st.stm32cube.ide.mcu.externaltools.gnu-tools-for-stm32.7-2018-q2-update.win32_1.5.0.202011040924/tools/bin/../lib/gcc/arm-none-eabi/7.3.1/../../../../arm-none-eabi/lib/thumb/v7-m\libnosys.a
END GROUP
LOAD c:/st/stm32cubeide_1.5.0/stm32cubeide/plugins/com.st.stm32cube.ide.mcu.externaltools.gnu-tools-for-stm32.7-2018-q2-update.win32_1.5.0.202011040924/tools/bin/../lib/gcc/arm-none-eabi/7.3.1/thumb/v7-m/crtend.o
LOAD c:/st/stm32cubeide_1.5.0/stm32cubeide/plugins/com.st.stm32cube.ide.mcu.externaltools.gnu-tools-for-stm32.7-2018-q2-update.win32_1.5.0.202011040924/tools/bin/../lib/gcc/arm-none-eabi/7.3.1/thumb/v7-m/crtn.o
                0x0000000020005000                _estack = (ORIGIN (RAM) + LENGTH (RAM))
                0x0000000000000200                _Min_Heap_Size = 0x200
                0x0000000000000400                _Min_Stack_Size = 0x400

.isr_vector     0x0000000008000000      0x10c
                0x0000000008000000                . = ALIGN (0x4)
 *(.isr_vector)
 .isr_vector    0x0000000008000000      0x10c Core/Startup/startup_stm32f103c8tx.o
                0x0000000008000000                g_pfnVectors
                0x000000000800010c                . = ALIGN (0x4)

.text           0x0000000008000110     0x9dc8
                0x0000000008000110                . = ALIGN (0x4)
 *(.text)
 .text          0x0000000008000110       0x40 c:/st/stm32cubeide_1.5.0/stm32cubeide/plugins/com.st.stm32cube.ide.mcu.externaltools.gnu-tools-for-stm32.7-2018-q2-update.win32_1.5.0.202011040924/tools/bin/../lib/gcc/arm-none-eabi/7.3.1/thumb/v7-m/crtbegin.o
 *(.text*)
 .text.PCB_Init
                0x0000000008000150       0x18 Core/Src/PCB_BluePill.o
                0x0000000008000150                PCB_Init
 .text.PCB_LED_Toggle
                0x0000000008000168       0x18 Core/Src/PCB_BluePill.o
                0x0000000008000168                PCB_LED_Toggle
 .text.freeRTOS_Tasks_Ini
                0x0000000008000180       0xdc Core/Src/freeRTOS_tasks.o
                0x0000000008000180                freeRTOS_Tasks_Ini
 .text.vTask_Sync_Recieve_VCP
                0x000000000800025c       0x54 Core/Src/freeRTOS_tasks.o
                0x000000000800025c                vTask_Sync_Recieve_VCP
 .text.vTask_USB_Init
                0x00000000080002b0       0x60 Core/Src/freeRTOS_tasks.o
                0x00000000080002b0                vTask_USB_Init
 .text.vTask_PCB_LED_Blink
                0x0000000008000310       0x2a Core/Src/freeRTOS_tasks.o
                0x0000000008000310                vTask_PCB_LED_Blink
 .text.configureTimerForRunTimeStats
                0x000000000800033a        0xc Core/Src/freertos.o
                0x000000000800033a                configureTimerForRunTimeStats
 .text.getRunTimeCounterValue
                0x0000000008000346        0xe Core/Src/freertos.o
                0x0000000008000346                getRunTimeCounterValue
 .text.main     0x0000000008000354       0x3c Core/Src/main.o
                0x0000000008000354                main
 .text.SystemClock_Config
                0x0000000008000390       0xb4 Core/Src/main.o
                0x0000000008000390                SystemClock_Config
 .text.MX_GPIO_Init
                0x0000000008000444       0x98 Core/Src/main.o
 .text.StartDefaultTask
                0x00000000080004dc       0x10 Core/Src/main.o
                0x00000000080004dc                StartDefaultTask
 .text.Error_Handler
                0x00000000080004ec        0x8 Core/Src/main.o
                0x00000000080004ec                Error_Handler
 .text.HAL_MspInit
                0x00000000080004f4       0x70 Core/Src/stm32f1xx_hal_msp.o
                0x00000000080004f4                HAL_MspInit
 .text.NMI_Handler
                0x0000000008000564        0x6 Core/Src/stm32f1xx_it.o
                0x0000000008000564                NMI_Handler
 .text.HardFault_Handler
                0x000000000800056a        0x6 Core/Src/stm32f1xx_it.o
                0x000000000800056a                HardFault_Handler
 .text.MemManage_Handler
                0x0000000008000570        0x6 Core/Src/stm32f1xx_it.o
                0x0000000008000570                MemManage_Handler
 .text.BusFault_Handler
                0x0000000008000576        0x6 Core/Src/stm32f1xx_it.o
                0x0000000008000576                BusFault_Handler
 .text.UsageFault_Handler
                0x000000000800057c        0x6 Core/Src/stm32f1xx_it.o
                0x000000000800057c                UsageFault_Handler
 .text.DebugMon_Handler
                0x0000000008000582        0xc Core/Src/stm32f1xx_it.o
                0x0000000008000582                DebugMon_Handler
 .text.SysTick_Handler
                0x000000000800058e       0x1a Core/Src/stm32f1xx_it.o
                0x000000000800058e                SysTick_Handler
 .text.USB_LP_CAN1_RX0_IRQHandler
                0x00000000080005a8       0x14 Core/Src/stm32f1xx_it.o
                0x00000000080005a8                USB_LP_CAN1_RX0_IRQHandler
 .text.SystemInit
                0x00000000080005bc        0xc Core/Src/system_stm32f1xx.o
                0x00000000080005bc                SystemInit
 .text.Reset_Handler
                0x00000000080005c8       0x48 Core/Startup/startup_stm32f103c8tx.o
                0x00000000080005c8                Reset_Handler
 .text.Default_Handler
                0x0000000008000610        0x2 Core/Startup/startup_stm32f103c8tx.o
                0x0000000008000610                RTC_Alarm_IRQHandler
                0x0000000008000610                EXTI2_IRQHandler
                0x0000000008000610                TIM1_CC_IRQHandler
                0x0000000008000610                PVD_IRQHandler
                0x0000000008000610                EXTI3_IRQHandler
                0x0000000008000610                EXTI0_IRQHandler
                0x0000000008000610                I2C2_EV_IRQHandler
                0x0000000008000610                ADC1_2_IRQHandler
                0x0000000008000610                SPI1_IRQHandler
                0x0000000008000610                TAMPER_IRQHandler
                0x0000000008000610                DMA1_Channel4_IRQHandler
                0x0000000008000610                USART3_IRQHandler
                0x0000000008000610                RTC_IRQHandler
                0x0000000008000610                DMA1_Channel7_IRQHandler
                0x0000000008000610                CAN1_RX1_IRQHandler
                0x0000000008000610                TIM4_IRQHandler
                0x0000000008000610                I2C1_EV_IRQHandler
                0x0000000008000610                DMA1_Channel6_IRQHandler
                0x0000000008000610                TIM3_IRQHandler
                0x0000000008000610                RCC_IRQHandler
                0x0000000008000610                TIM1_TRG_COM_IRQHandler
                0x0000000008000610                DMA1_Channel1_IRQHandler
                0x0000000008000610                Default_Handler
                0x0000000008000610                EXTI15_10_IRQHandler
                0x0000000008000610                EXTI9_5_IRQHandler
                0x0000000008000610                SPI2_IRQHandler
                0x0000000008000610                DMA1_Channel5_IRQHandler
                0x0000000008000610                EXTI4_IRQHandler
                0x0000000008000610                USB_HP_CAN1_TX_IRQHandler
                0x0000000008000610                DMA1_Channel3_IRQHandler
                0x0000000008000610                TIM1_UP_IRQHandler
                0x0000000008000610                WWDG_IRQHandler
                0x0000000008000610                TIM2_IRQHandler
                0x0000000008000610                TIM1_BRK_IRQHandler
                0x0000000008000610                EXTI1_IRQHandler
                0x0000000008000610                USART2_IRQHandler
                0x0000000008000610                I2C2_ER_IRQHandler
                0x0000000008000610                DMA1_Channel2_IRQHandler
                0x0000000008000610                CAN1_SCE_IRQHandler
                0x0000000008000610                FLASH_IRQHandler
                0x0000000008000610                USART1_IRQHandler
                0x0000000008000610                I2C1_ER_IRQHandler
                0x0000000008000610                USBWakeUp_IRQHandler
 *fill*         0x0000000008000612        0x2 
 .text.HAL_Init
                0x0000000008000614       0x2c Drivers/STM32F1xx_HAL_Driver/Src/stm32f1xx_hal.o
                0x0000000008000614                HAL_Init
 .text.HAL_InitTick
                0x0000000008000640       0x60 Drivers/STM32F1xx_HAL_Driver/Src/stm32f1xx_hal.o
                0x0000000008000640                HAL_InitTick
 .text.HAL_IncTick
                0x00000000080006a0       0x24 Drivers/STM32F1xx_HAL_Driver/Src/stm32f1xx_hal.o
                0x00000000080006a0                HAL_IncTick
 .text.HAL_GetTick
                0x00000000080006c4       0x14 Drivers/STM32F1xx_HAL_Driver/Src/stm32f1xx_hal.o
                0x00000000080006c4                HAL_GetTick
 .text.__NVIC_SetPriorityGrouping
                0x00000000080006d8       0x48 Drivers/STM32F1xx_HAL_Driver/Src/stm32f1xx_hal_cortex.o
 .text.__NVIC_GetPriorityGrouping
                0x0000000008000720       0x1c Drivers/STM32F1xx_HAL_Driver/Src/stm32f1xx_hal_cortex.o
 .text.__NVIC_EnableIRQ
                0x000000000800073c       0x38 Drivers/STM32F1xx_HAL_Driver/Src/stm32f1xx_hal_cortex.o
 .text.__NVIC_SetPriority
                0x0000000008000774       0x54 Drivers/STM32F1xx_HAL_Driver/Src/stm32f1xx_hal_cortex.o
 .text.NVIC_EncodePriority
                0x00000000080007c8       0x64 Drivers/STM32F1xx_HAL_Driver/Src/stm32f1xx_hal_cortex.o
 .text.SysTick_Config
                0x000000000800082c       0x44 Drivers/STM32F1xx_HAL_Driver/Src/stm32f1xx_hal_cortex.o
 .text.HAL_NVIC_SetPriorityGrouping
                0x0000000008000870       0x16 Drivers/STM32F1xx_HAL_Driver/Src/stm32f1xx_hal_cortex.o
                0x0000000008000870                HAL_NVIC_SetPriorityGrouping
 .text.HAL_NVIC_SetPriority
                0x0000000008000886       0x38 Drivers/STM32F1xx_HAL_Driver/Src/stm32f1xx_hal_cortex.o
                0x0000000008000886                HAL_NVIC_SetPriority
 .text.HAL_NVIC_EnableIRQ
                0x00000000080008be       0x1c Drivers/STM32F1xx_HAL_Driver/Src/stm32f1xx_hal_cortex.o
                0x00000000080008be                HAL_NVIC_EnableIRQ
 .text.HAL_SYSTICK_Config
                0x00000000080008da       0x18 Drivers/STM32F1xx_HAL_Driver/Src/stm32f1xx_hal_cortex.o
                0x00000000080008da                HAL_SYSTICK_Config
 *fill*         0x00000000080008f2        0x2 
 .text.HAL_GPIO_Init
                0x00000000080008f4      0x2b4 Drivers/STM32F1xx_HAL_Driver/Src/stm32f1xx_hal_gpio.o
                0x00000000080008f4                HAL_GPIO_Init
 .text.HAL_GPIO_WritePin
                0x0000000008000ba8       0x30 Drivers/STM32F1xx_HAL_Driver/Src/stm32f1xx_hal_gpio.o
                0x0000000008000ba8                HAL_GPIO_WritePin
 .text.HAL_GPIO_TogglePin
                0x0000000008000bd8       0x32 Drivers/STM32F1xx_HAL_Driver/Src/stm32f1xx_hal_gpio.o
                0x0000000008000bd8                HAL_GPIO_TogglePin
 .text.HAL_PCD_Init
                0x0000000008000c0a      0x216 Drivers/STM32F1xx_HAL_Driver/Src/stm32f1xx_hal_pcd.o
                0x0000000008000c0a                HAL_PCD_Init
 .text.HAL_PCD_Start
                0x0000000008000e20       0x4c Drivers/STM32F1xx_HAL_Driver/Src/stm32f1xx_hal_pcd.o
                0x0000000008000e20                HAL_PCD_Start
 .text.HAL_PCD_IRQHandler
                0x0000000008000e6c      0x2aa Drivers/STM32F1xx_HAL_Driver/Src/stm32f1xx_hal_pcd.o
                0x0000000008000e6c                HAL_PCD_IRQHandler
 .text.HAL_PCD_SetAddress
                0x0000000008001116       0x4a Drivers/STM32F1xx_HAL_Driver/Src/stm32f1xx_hal_pcd.o
                0x0000000008001116                HAL_PCD_SetAddress
 .text.HAL_PCD_EP_Open
                0x0000000008001160       0xcc Drivers/STM32F1xx_HAL_Driver/Src/stm32f1xx_hal_pcd.o
                0x0000000008001160                HAL_PCD_EP_Open
 .text.HAL_PCD_EP_Close
                0x000000000800122c       0x90 Drivers/STM32F1xx_HAL_Driver/Src/stm32f1xx_hal_pcd.o
                0x000000000800122c                HAL_PCD_EP_Close
 .text.HAL_PCD_EP_Receive
                0x00000000080012bc       0x7a Drivers/STM32F1xx_HAL_Driver/Src/stm32f1xx_hal_pcd.o
                0x00000000080012bc                HAL_PCD_EP_Receive
 .text.HAL_PCD_EP_GetRxCount
                0x0000000008001336       0x2e Drivers/STM32F1xx_HAL_Driver/Src/stm32f1xx_hal_pcd.o
                0x0000000008001336                HAL_PCD_EP_GetRxCount
 .text.HAL_PCD_EP_Transmit
                0x0000000008001364       0x86 Drivers/STM32F1xx_HAL_Driver/Src/stm32f1xx_hal_pcd.o
                0x0000000008001364                HAL_PCD_EP_Transmit
 .text.HAL_PCD_EP_SetStall
                0x00000000080013ea       0xc0 Drivers/STM32F1xx_HAL_Driver/Src/stm32f1xx_hal_pcd.o
                0x00000000080013ea                HAL_PCD_EP_SetStall
 .text.HAL_PCD_EP_ClrStall
                0x00000000080014aa       0xa8 Drivers/STM32F1xx_HAL_Driver/Src/stm32f1xx_hal_pcd.o
                0x00000000080014aa                HAL_PCD_EP_ClrStall
 .text.PCD_EP_ISR_Handler
                0x0000000008001552      0x5e6 Drivers/STM32F1xx_HAL_Driver/Src/stm32f1xx_hal_pcd.o
 .text.HAL_PCD_EP_DB_Receive
                0x0000000008001b38      0x21a Drivers/STM32F1xx_HAL_Driver/Src/stm32f1xx_hal_pcd.o
 .text.HAL_PCD_EP_DB_Transmit
                0x0000000008001d52      0x53a Drivers/STM32F1xx_HAL_Driver/Src/stm32f1xx_hal_pcd.o
 .text.HAL_PCDEx_PMAConfig
                0x000000000800228c       0x84 Drivers/STM32F1xx_HAL_Driver/Src/stm32f1xx_hal_pcd_ex.o
                0x000000000800228c                HAL_PCDEx_PMAConfig
 .text.HAL_RCC_OscConfig
                0x0000000008002310      0x500 Drivers/STM32F1xx_HAL_Driver/Src/stm32f1xx_hal_rcc.o
                0x0000000008002310                HAL_RCC_OscConfig
 .text.HAL_RCC_ClockConfig
                0x0000000008002810      0x1d4 Drivers/STM32F1xx_HAL_Driver/Src/stm32f1xx_hal_rcc.o
                0x0000000008002810                HAL_RCC_ClockConfig
 .text.HAL_RCC_GetSysClockFreq
                0x00000000080029e4       0xc4 Drivers/STM32F1xx_HAL_Driver/Src/stm32f1xx_hal_rcc.o
                0x00000000080029e4                HAL_RCC_GetSysClockFreq
 .text.RCC_Delay
                0x0000000008002aa8       0x3c Drivers/STM32F1xx_HAL_Driver/Src/stm32f1xx_hal_rcc.o
 .text.HAL_RCCEx_PeriphCLKConfig
                0x0000000008002ae4      0x16c Drivers/STM32F1xx_HAL_Driver/Src/stm32f1xx_hal_rcc_ex.o
                0x0000000008002ae4                HAL_RCCEx_PeriphCLKConfig
 .text.USB_CoreInit
                0x0000000008002c50       0x20 Drivers/STM32F1xx_HAL_Driver/Src/stm32f1xx_ll_usb.o
                0x0000000008002c50                USB_CoreInit
 .text.USB_EnableGlobalInt
                0x0000000008002c70       0x2c Drivers/STM32F1xx_HAL_Driver/Src/stm32f1xx_ll_usb.o
                0x0000000008002c70                USB_EnableGlobalInt
 .text.USB_DisableGlobalInt
                0x0000000008002c9c       0x34 Drivers/STM32F1xx_HAL_Driver/Src/stm32f1xx_ll_usb.o
                0x0000000008002c9c                USB_DisableGlobalInt
 .text.USB_SetCurrentMode
                0x0000000008002cd0       0x18 Drivers/STM32F1xx_HAL_Driver/Src/stm32f1xx_ll_usb.o
                0x0000000008002cd0                USB_SetCurrentMode
 .text.USB_DevInit
                0x0000000008002ce8       0x40 Drivers/STM32F1xx_HAL_Driver/Src/stm32f1xx_ll_usb.o
                0x0000000008002ce8                USB_DevInit
 .text.USB_ActivateEndpoint
                0x0000000008002d28      0x6d4 Drivers/STM32F1xx_HAL_Driver/Src/stm32f1xx_ll_usb.o
                0x0000000008002d28                USB_ActivateEndpoint
 .text.USB_DeactivateEndpoint
                0x00000000080033fc      0x3d8 Drivers/STM32F1xx_HAL_Driver/Src/stm32f1xx_ll_usb.o
                0x00000000080033fc                USB_DeactivateEndpoint
 .text.USB_EPStartXfer
                0x00000000080037d4     0x1240 Drivers/STM32F1xx_HAL_Driver/Src/stm32f1xx_ll_usb.o
                0x00000000080037d4                USB_EPStartXfer
 .text.USB_EPSetStall
                0x0000000008004a14       0xa0 Drivers/STM32F1xx_HAL_Driver/Src/stm32f1xx_ll_usb.o
                0x0000000008004a14                USB_EPSetStall
 .text.USB_EPClearStall
                0x0000000008004ab4      0x15a Drivers/STM32F1xx_HAL_Driver/Src/stm32f1xx_ll_usb.o
                0x0000000008004ab4                USB_EPClearStall
 .text.USB_SetDevAddress
                0x0000000008004c0e       0x26 Drivers/STM32F1xx_HAL_Driver/Src/stm32f1xx_ll_usb.o
                0x0000000008004c0e                USB_SetDevAddress
 .text.USB_DevConnect
                0x0000000008004c34       0x14 Drivers/STM32F1xx_HAL_Driver/Src/stm32f1xx_ll_usb.o
                0x0000000008004c34                USB_DevConnect
 .text.USB_DevDisconnect
                0x0000000008004c48       0x14 Drivers/STM32F1xx_HAL_Driver/Src/stm32f1xx_ll_usb.o
                0x0000000008004c48                USB_DevDisconnect
 .text.USB_ReadInterrupts
                0x0000000008004c5c       0x1e Drivers/STM32F1xx_HAL_Driver/Src/stm32f1xx_ll_usb.o
                0x0000000008004c5c                USB_ReadInterrupts
 .text.USB_EP0_OutStart
                0x0000000008004c7a       0x16 Drivers/STM32F1xx_HAL_Driver/Src/stm32f1xx_ll_usb.o
                0x0000000008004c7a                USB_EP0_OutStart
 .text.USB_WritePMA
                0x0000000008004c90       0x88 Drivers/STM32F1xx_HAL_Driver/Src/stm32f1xx_ll_usb.o
                0x0000000008004c90                USB_WritePMA
 .text.USB_ReadPMA
                0x0000000008004d18       0x9e Drivers/STM32F1xx_HAL_Driver/Src/stm32f1xx_ll_usb.o
                0x0000000008004d18                USB_ReadPMA
 .text.USBD_CDC_Init
                0x0000000008004db6       0xf4 Middlewares/ST/STM32_USB_Device_Library/Class/CDC/Src/usbd_cdc.o
 .text.USBD_CDC_DeInit
                0x0000000008004eaa       0x6e Middlewares/ST/STM32_USB_Device_Library/Class/CDC/Src/usbd_cdc.o
 .text.USBD_CDC_Setup
                0x0000000008004f18      0x140 Middlewares/ST/STM32_USB_Device_Library/Class/CDC/Src/usbd_cdc.o
 .text.USBD_CDC_DataIn
                0x0000000008005058       0xa6 Middlewares/ST/STM32_USB_Device_Library/Class/CDC/Src/usbd_cdc.o
 .text.USBD_CDC_DataOut
                0x00000000080050fe       0x56 Middlewares/ST/STM32_USB_Device_Library/Class/CDC/Src/usbd_cdc.o
 .text.USBD_CDC_EP0_RxReady
                0x0000000008005154       0x50 Middlewares/ST/STM32_USB_Device_Library/Class/CDC/Src/usbd_cdc.o
 .text.USBD_CDC_GetFSCfgDesc
                0x00000000080051a4       0x20 Middlewares/ST/STM32_USB_Device_Library/Class/CDC/Src/usbd_cdc.o
 .text.USBD_CDC_GetHSCfgDesc
                0x00000000080051c4       0x20 Middlewares/ST/STM32_USB_Device_Library/Class/CDC/Src/usbd_cdc.o
 .text.USBD_CDC_GetOtherSpeedCfgDesc
                0x00000000080051e4       0x20 Middlewares/ST/STM32_USB_Device_Library/Class/CDC/Src/usbd_cdc.o
 .text.USBD_CDC_GetDeviceQualifierDescriptor
                0x0000000008005204       0x20 Middlewares/ST/STM32_USB_Device_Library/Class/CDC/Src/usbd_cdc.o
                0x0000000008005204                USBD_CDC_GetDeviceQualifierDescriptor
 .text.USBD_CDC_RegisterInterface
                0x0000000008005224       0x2c Middlewares/ST/STM32_USB_Device_Library/Class/CDC/Src/usbd_cdc.o
                0x0000000008005224                USBD_CDC_RegisterInterface
 .text.USBD_CDC_SetTxBuffer
                0x0000000008005250       0x32 Middlewares/ST/STM32_USB_Device_Library/Class/CDC/Src/usbd_cdc.o
                0x0000000008005250                USBD_CDC_SetTxBuffer
 .text.USBD_CDC_SetRxBuffer
                0x0000000008005282       0x26 Middlewares/ST/STM32_USB_Device_Library/Class/CDC/Src/usbd_cdc.o
                0x0000000008005282                USBD_CDC_SetRxBuffer
 .text.USBD_CDC_TransmitPacket
                0x00000000080052a8       0x5e Middlewares/ST/STM32_USB_Device_Library/Class/CDC/Src/usbd_cdc.o
                0x00000000080052a8                USBD_CDC_TransmitPacket
 .text.USBD_CDC_ReceivePacket
                0x0000000008005306       0x54 Middlewares/ST/STM32_USB_Device_Library/Class/CDC/Src/usbd_cdc.o
                0x0000000008005306                USBD_CDC_ReceivePacket
 .text.USBD_Init
                0x000000000800535a       0x56 Middlewares/ST/STM32_USB_Device_Library/Core/Src/usbd_core.o
                0x000000000800535a                USBD_Init
 .text.USBD_RegisterClass
                0x00000000080053b0       0x32 Middlewares/ST/STM32_USB_Device_Library/Core/Src/usbd_core.o
                0x00000000080053b0                USBD_RegisterClass
 .text.USBD_Start
                0x00000000080053e2       0x18 Middlewares/ST/STM32_USB_Device_Library/Core/Src/usbd_core.o
                0x00000000080053e2                USBD_Start
 .text.USBD_RunTestMode
                0x00000000080053fa       0x14 Middlewares/ST/STM32_USB_Device_Library/Core/Src/usbd_core.o
                0x00000000080053fa                USBD_RunTestMode
 .text.USBD_SetClassConfig
                0x000000000800540e       0x3e Middlewares/ST/STM32_USB_Device_Library/Core/Src/usbd_core.o
                0x000000000800540e                USBD_SetClassConfig
 .text.USBD_ClrClassConfig
                0x000000000800544c       0x26 Middlewares/ST/STM32_USB_Device_Library/Core/Src/usbd_core.o
                0x000000000800544c                USBD_ClrClassConfig
 .text.USBD_LL_SetupStage
                0x0000000008005472       0x96 Middlewares/ST/STM32_USB_Device_Library/Core/Src/usbd_core.o
                0x0000000008005472                USBD_LL_SetupStage
 .text.USBD_LL_DataOutStage
                0x0000000008005508       0xe2 Middlewares/ST/STM32_USB_Device_Library/Core/Src/usbd_core.o
                0x0000000008005508                USBD_LL_DataOutStage
 .text.USBD_LL_DataInStage
                0x00000000080055ea      0x14a Middlewares/ST/STM32_USB_Device_Library/Core/Src/usbd_core.o
                0x00000000080055ea                USBD_LL_DataInStage
 .text.USBD_LL_Reset
                0x0000000008005734       0x82 Middlewares/ST/STM32_USB_Device_Library/Core/Src/usbd_core.o
                0x0000000008005734                USBD_LL_Reset
 .text.USBD_LL_SetSpeed
                0x00000000080057b6       0x1e Middlewares/ST/STM32_USB_Device_Library/Core/Src/usbd_core.o
                0x00000000080057b6                USBD_LL_SetSpeed
 .text.USBD_LL_Suspend
                0x00000000080057d4       0x28 Middlewares/ST/STM32_USB_Device_Library/Core/Src/usbd_core.o
                0x00000000080057d4                USBD_LL_Suspend
 .text.USBD_LL_Resume
                0x00000000080057fc       0x2a Middlewares/ST/STM32_USB_Device_Library/Core/Src/usbd_core.o
                0x00000000080057fc                USBD_LL_Resume
 .text.USBD_LL_SOF
                0x0000000008005826       0x34 Middlewares/ST/STM32_USB_Device_Library/Core/Src/usbd_core.o
                0x0000000008005826                USBD_LL_SOF
 *fill*         0x000000000800585a        0x2 
 .text.USBD_StdDevReq
                0x000000000800585c       0xd4 Middlewares/ST/STM32_USB_Device_Library/Core/Src/usbd_ctlreq.o
                0x000000000800585c                USBD_StdDevReq
 .text.USBD_StdItfReq
                0x0000000008005930       0x8c Middlewares/ST/STM32_USB_Device_Library/Core/Src/usbd_ctlreq.o
                0x0000000008005930                USBD_StdItfReq
 .text.USBD_StdEPReq
                0x00000000080059bc      0x2ba Middlewares/ST/STM32_USB_Device_Library/Core/Src/usbd_ctlreq.o
                0x00000000080059bc                USBD_StdEPReq
 *fill*         0x0000000008005c76        0x2 
 .text.USBD_GetDescriptor
                0x0000000008005c78      0x2d0 Middlewares/ST/STM32_USB_Device_Library/Core/Src/usbd_ctlreq.o
 .text.USBD_SetAddress
                0x0000000008005f48       0x84 Middlewares/ST/STM32_USB_Device_Library/Core/Src/usbd_ctlreq.o
 .text.USBD_SetConfig
                0x0000000008005fcc      0x11c Middlewares/ST/STM32_USB_Device_Library/Core/Src/usbd_ctlreq.o
 .text.USBD_GetConfig
                0x00000000080060e8       0x68 Middlewares/ST/STM32_USB_Device_Library/Core/Src/usbd_ctlreq.o
 .text.USBD_GetStatus
                0x0000000008006150       0x66 Middlewares/ST/STM32_USB_Device_Library/Core/Src/usbd_ctlreq.o
 .text.USBD_SetFeature
                0x00000000080061b6       0x28 Middlewares/ST/STM32_USB_Device_Library/Core/Src/usbd_ctlreq.o
 .text.USBD_ClrFeature
                0x00000000080061de       0x42 Middlewares/ST/STM32_USB_Device_Library/Core/Src/usbd_ctlreq.o
 .text.USBD_ParseSetupRequest
                0x0000000008006220       0x78 Middlewares/ST/STM32_USB_Device_Library/Core/Src/usbd_ctlreq.o
                0x0000000008006220                USBD_ParseSetupRequest
 .text.USBD_CtlError
                0x0000000008006298       0x22 Middlewares/ST/STM32_USB_Device_Library/Core/Src/usbd_ctlreq.o
                0x0000000008006298                USBD_CtlError
 .text.USBD_GetString
                0x00000000080062ba       0x84 Middlewares/ST/STM32_USB_Device_Library/Core/Src/usbd_ctlreq.o
                0x00000000080062ba                USBD_GetString
 .text.USBD_GetLen
                0x000000000800633e       0x2e Middlewares/ST/STM32_USB_Device_Library/Core/Src/usbd_ctlreq.o
 .text.USBD_CtlSendData
                0x000000000800636c       0x38 Middlewares/ST/STM32_USB_Device_Library/Core/Src/usbd_ioreq.o
                0x000000000800636c                USBD_CtlSendData
 .text.USBD_CtlContinueSendData
                0x00000000080063a4       0x24 Middlewares/ST/STM32_USB_Device_Library/Core/Src/usbd_ioreq.o
                0x00000000080063a4                USBD_CtlContinueSendData
 .text.USBD_CtlPrepareRx
                0x00000000080063c8       0x3c Middlewares/ST/STM32_USB_Device_Library/Core/Src/usbd_ioreq.o
                0x00000000080063c8                USBD_CtlPrepareRx
 .text.USBD_CtlContinueRx
                0x0000000008006404       0x24 Middlewares/ST/STM32_USB_Device_Library/Core/Src/usbd_ioreq.o
                0x0000000008006404                USBD_CtlContinueRx
 .text.USBD_CtlSendStatus
                0x0000000008006428       0x26 Middlewares/ST/STM32_USB_Device_Library/Core/Src/usbd_ioreq.o
                0x0000000008006428                USBD_CtlSendStatus
 .text.USBD_CtlReceiveStatus
                0x000000000800644e       0x26 Middlewares/ST/STM32_USB_Device_Library/Core/Src/usbd_ioreq.o
                0x000000000800644e                USBD_CtlReceiveStatus
 .text.osKernelInitialize
                0x0000000008006474       0x64 Middlewares/Third_Party/FreeRTOS/Source/CMSIS_RTOS_V2/cmsis_os2.o
                0x0000000008006474                osKernelInitialize
 .text.osKernelStart
                0x00000000080064d8       0x68 Middlewares/Third_Party/FreeRTOS/Source/CMSIS_RTOS_V2/cmsis_os2.o
                0x00000000080064d8                osKernelStart
 .text.osThreadNew
                0x0000000008006540      0x154 Middlewares/Third_Party/FreeRTOS/Source/CMSIS_RTOS_V2/cmsis_os2.o
                0x0000000008006540                osThreadNew
 .text.osDelay  0x0000000008006694       0x5c Middlewares/Third_Party/FreeRTOS/Source/CMSIS_RTOS_V2/cmsis_os2.o
                0x0000000008006694                osDelay
 .text.vApplicationGetIdleTaskMemory
                0x00000000080066f0       0x30 Middlewares/Third_Party/FreeRTOS/Source/CMSIS_RTOS_V2/cmsis_os2.o
                0x00000000080066f0                vApplicationGetIdleTaskMemory
 .text.vApplicationGetTimerTaskMemory
                0x0000000008006720       0x34 Middlewares/Third_Party/FreeRTOS/Source/CMSIS_RTOS_V2/cmsis_os2.o
                0x0000000008006720                vApplicationGetTimerTaskMemory
 .text.vListInitialise
                0x0000000008006754       0x3e Middlewares/Third_Party/FreeRTOS/Source/list.o
                0x0000000008006754                vListInitialise
 .text.vListInitialiseItem
                0x0000000008006792       0x18 Middlewares/Third_Party/FreeRTOS/Source/list.o
                0x0000000008006792                vListInitialiseItem
 .text.vListInsertEnd
                0x00000000080067aa       0x46 Middlewares/Third_Party/FreeRTOS/Source/list.o
                0x00000000080067aa                vListInsertEnd
 .text.vListInsert
                0x00000000080067f0       0x70 Middlewares/Third_Party/FreeRTOS/Source/list.o
                0x00000000080067f0                vListInsert
 .text.uxListRemove
                0x0000000008006860       0x52 Middlewares/Third_Party/FreeRTOS/Source/list.o
                0x0000000008006860                uxListRemove
 *fill*         0x00000000080068b2        0x2 
 .text.xQueueGenericReset
                0x00000000080068b4       0xd0 Middlewares/Third_Party/FreeRTOS/Source/queue.o
                0x00000000080068b4                xQueueGenericReset
 .text.xQueueGenericCreateStatic
                0x0000000008006984       0xe4 Middlewares/Third_Party/FreeRTOS/Source/queue.o
                0x0000000008006984                xQueueGenericCreateStatic
 .text.xQueueGenericCreate
                0x0000000008006a68       0x7a Middlewares/Third_Party/FreeRTOS/Source/queue.o
                0x0000000008006a68                xQueueGenericCreate
 .text.prvInitialiseNewQueue
                0x0000000008006ae2       0x46 Middlewares/Third_Party/FreeRTOS/Source/queue.o
 .text.xQueueGenericSend
                0x0000000008006b28      0x1f4 Middlewares/Third_Party/FreeRTOS/Source/queue.o
                0x0000000008006b28                xQueueGenericSend
 .text.xQueueGenericSendFromISR
                0x0000000008006d1c      0x128 Middlewares/Third_Party/FreeRTOS/Source/queue.o
                0x0000000008006d1c                xQueueGenericSendFromISR
 .text.xQueueGiveFromISR
                0x0000000008006e44      0x112 Middlewares/Third_Party/FreeRTOS/Source/queue.o
                0x0000000008006e44                xQueueGiveFromISR
 *fill*         0x0000000008006f56        0x2 
 .text.xQueueReceive
                0x0000000008006f58      0x1b8 Middlewares/Third_Party/FreeRTOS/Source/queue.o
                0x0000000008006f58                xQueueReceive
 .text.xQueueSemaphoreTake
                0x0000000008007110      0x210 Middlewares/Third_Party/FreeRTOS/Source/queue.o
                0x0000000008007110                xQueueSemaphoreTake
 .text.prvGetDisinheritPriorityAfterTimeout
                0x0000000008007320       0x2e Middlewares/Third_Party/FreeRTOS/Source/queue.o
 .text.prvCopyDataToQueue
                0x000000000800734e       0xd4 Middlewares/Third_Party/FreeRTOS/Source/queue.o
 .text.prvCopyDataFromQueue
                0x0000000008007422       0x4c Middlewares/Third_Party/FreeRTOS/Source/queue.o
 .text.prvUnlockQueue
                0x000000000800746e       0xa4 Middlewares/Third_Party/FreeRTOS/Source/queue.o
 .text.prvIsQueueEmpty
                0x0000000008007512       0x2c Middlewares/Third_Party/FreeRTOS/Source/queue.o
 .text.prvIsQueueFull
                0x000000000800753e       0x30 Middlewares/Third_Party/FreeRTOS/Source/queue.o
 *fill*         0x000000000800756e        0x2 
 .text.vQueueAddToRegistry
                0x0000000008007570       0x50 Middlewares/Third_Party/FreeRTOS/Source/queue.o
                0x0000000008007570                vQueueAddToRegistry
 .text.vQueueWaitForMessageRestricted
                0x00000000080075c0       0x68 Middlewares/Third_Party/FreeRTOS/Source/queue.o
                0x00000000080075c0                vQueueWaitForMessageRestricted
 .text.xTaskCreateStatic
                0x0000000008007628       0xb2 Middlewares/Third_Party/FreeRTOS/Source/tasks.o
                0x0000000008007628                xTaskCreateStatic
 .text.xTaskCreate
                0x00000000080076da       0x8a Middlewares/Third_Party/FreeRTOS/Source/tasks.o
                0x00000000080076da                xTaskCreate
 .text.prvInitialiseNewTask
                0x0000000008007764      0x118 Middlewares/Third_Party/FreeRTOS/Source/tasks.o
 .text.prvAddNewTaskToReadyList
                0x000000000800787c       0xe0 Middlewares/Third_Party/FreeRTOS/Source/tasks.o
 .text.vTaskDelete
                0x000000000800795c       0xe4 Middlewares/Third_Party/FreeRTOS/Source/tasks.o
                0x000000000800795c                vTaskDelete
 .text.vTaskDelay
                0x0000000008007a40       0x68 Middlewares/Third_Party/FreeRTOS/Source/tasks.o
                0x0000000008007a40                vTaskDelay
 .text.vTaskStartScheduler
                0x0000000008007aa8       0xcc Middlewares/Third_Party/FreeRTOS/Source/tasks.o
                0x0000000008007aa8                vTaskStartScheduler
 .text.vTaskSuspendAll
                0x0000000008007b74       0x1c Middlewares/Third_Party/FreeRTOS/Source/tasks.o
                0x0000000008007b74                vTaskSuspendAll
 .text.xTaskResumeAll
                0x0000000008007b90      0x138 Middlewares/Third_Party/FreeRTOS/Source/tasks.o
                0x0000000008007b90                xTaskResumeAll
 .text.xTaskGetTickCount
                0x0000000008007cc8       0x1c Middlewares/Third_Party/FreeRTOS/Source/tasks.o
                0x0000000008007cc8                xTaskGetTickCount
 .text.xTaskIncrementTick
                0x0000000008007ce4      0x17c Middlewares/Third_Party/FreeRTOS/Source/tasks.o
                0x0000000008007ce4                xTaskIncrementTick
 .text.vTaskSwitchContext
                0x0000000008007e60       0xf0 Middlewares/Third_Party/FreeRTOS/Source/tasks.o
                0x0000000008007e60                vTaskSwitchContext
 .text.vTaskPlaceOnEventList
                0x0000000008007f50       0x48 Middlewares/Third_Party/FreeRTOS/Source/tasks.o
                0x0000000008007f50                vTaskPlaceOnEventList
 .text.vTaskPlaceOnEventListRestricted
                0x0000000008007f98       0x54 Middlewares/Third_Party/FreeRTOS/Source/tasks.o
                0x0000000008007f98                vTaskPlaceOnEventListRestricted
 .text.xTaskRemoveFromEventList
                0x0000000008007fec       0xc4 Middlewares/Third_Party/FreeRTOS/Source/tasks.o
                0x0000000008007fec                xTaskRemoveFromEventList
 .text.vTaskInternalSetTimeOutState
                0x00000000080080b0       0x2c Middlewares/Third_Party/FreeRTOS/Source/tasks.o
                0x00000000080080b0                vTaskInternalSetTimeOutState
 .text.xTaskCheckForTimeOut
                0x00000000080080dc       0xc0 Middlewares/Third_Party/FreeRTOS/Source/tasks.o
                0x00000000080080dc                xTaskCheckForTimeOut
 .text.vTaskMissedYield
                0x000000000800819c       0x18 Middlewares/Third_Party/FreeRTOS/Source/tasks.o
                0x000000000800819c                vTaskMissedYield
 .text.prvIdleTask
                0x00000000080081b4       0x30 Middlewares/Third_Party/FreeRTOS/Source/tasks.o
 .text.prvInitialiseTaskLists
                0x00000000080081e4       0x80 Middlewares/Third_Party/FreeRTOS/Source/tasks.o
 .text.prvCheckTasksWaitingTermination
                0x0000000008008264       0x58 Middlewares/Third_Party/FreeRTOS/Source/tasks.o
 .text.prvDeleteTCB
                0x00000000080082bc       0x5c Middlewares/Third_Party/FreeRTOS/Source/tasks.o
 .text.prvResetNextTaskUnblockTime
                0x0000000008008318       0x48 Middlewares/Third_Party/FreeRTOS/Source/tasks.o
 .text.xTaskGetSchedulerState
                0x0000000008008360       0x3c Middlewares/Third_Party/FreeRTOS/Source/tasks.o
                0x0000000008008360                xTaskGetSchedulerState
 .text.xTaskPriorityInherit
                0x000000000800839c       0xdc Middlewares/Third_Party/FreeRTOS/Source/tasks.o
                0x000000000800839c                xTaskPriorityInherit
 .text.xTaskPriorityDisinherit
                0x0000000008008478       0xd8 Middlewares/Third_Party/FreeRTOS/Source/tasks.o
                0x0000000008008478                xTaskPriorityDisinherit
 .text.vTaskPriorityDisinheritAfterTimeout
                0x0000000008008550      0x108 Middlewares/Third_Party/FreeRTOS/Source/tasks.o
                0x0000000008008550                vTaskPriorityDisinheritAfterTimeout
 .text.pvTaskIncrementMutexHeldCount
                0x0000000008008658       0x28 Middlewares/Third_Party/FreeRTOS/Source/tasks.o
                0x0000000008008658                pvTaskIncrementMutexHeldCount
 .text.prvAddCurrentTaskToDelayedList
                0x0000000008008680       0xa8 Middlewares/Third_Party/FreeRTOS/Source/tasks.o
 .text.xTimerCreateTimerTask
                0x0000000008008728       0x90 Middlewares/Third_Party/FreeRTOS/Source/timers.o
                0x0000000008008728                xTimerCreateTimerTask
 .text.xTimerGenericCommand
                0x00000000080087b8       0x98 Middlewares/Third_Party/FreeRTOS/Source/timers.o
                0x00000000080087b8                xTimerGenericCommand
 .text.prvProcessExpiredTimer
                0x0000000008008850       0x80 Middlewares/Third_Party/FreeRTOS/Source/timers.o
 .text.prvTimerTask
                0x00000000080088d0       0x24 Middlewares/Third_Party/FreeRTOS/Source/timers.o
 .text.prvProcessTimerOrBlockTask
                0x00000000080088f4       0x9c Middlewares/Third_Party/FreeRTOS/Source/timers.o
 .text.prvGetNextExpireTime
                0x0000000008008990       0x48 Middlewares/Third_Party/FreeRTOS/Source/timers.o
 .text.prvSampleTimeNow
                0x00000000080089d8       0x40 Middlewares/Third_Party/FreeRTOS/Source/timers.o
 .text.prvInsertTimerInActiveList
                0x0000000008008a18       0x84 Middlewares/Third_Party/FreeRTOS/Source/timers.o
 .text.prvProcessReceivedCommands
                0x0000000008008a9c      0x160 Middlewares/Third_Party/FreeRTOS/Source/timers.o
 .text.prvSwitchTimerLists
                0x0000000008008bfc       0xc0 Middlewares/Third_Party/FreeRTOS/Source/timers.o
 .text.prvCheckForValidListAndQueue
                0x0000000008008cbc       0x80 Middlewares/Third_Party/FreeRTOS/Source/timers.o
 .text.pxPortInitialiseStack
                0x0000000008008d3c       0x58 Middlewares/Third_Party/FreeRTOS/Source/portable/GCC/ARM_CM3/port.o
                0x0000000008008d3c                pxPortInitialiseStack
 .text.prvTaskExitError
                0x0000000008008d94       0x50 Middlewares/Third_Party/FreeRTOS/Source/portable/GCC/ARM_CM3/port.o
 *fill*         0x0000000008008de4        0xc 
 .text.SVC_Handler
                0x0000000008008df0       0x28 Middlewares/Third_Party/FreeRTOS/Source/portable/GCC/ARM_CM3/port.o
                0x0000000008008df0                SVC_Handler
 .text.prvPortStartFirstTask
                0x0000000008008e18       0x20 Middlewares/Third_Party/FreeRTOS/Source/portable/GCC/ARM_CM3/port.o
 .text.xPortStartScheduler
                0x0000000008008e38       0xe0 Middlewares/Third_Party/FreeRTOS/Source/portable/GCC/ARM_CM3/port.o
                0x0000000008008e38                xPortStartScheduler
 .text.vPortEnterCritical
                0x0000000008008f18       0x5c Middlewares/Third_Party/FreeRTOS/Source/portable/GCC/ARM_CM3/port.o
                0x0000000008008f18                vPortEnterCritical
 .text.vPortExitCritical
                0x0000000008008f74       0x4c Middlewares/Third_Party/FreeRTOS/Source/portable/GCC/ARM_CM3/port.o
                0x0000000008008f74                vPortExitCritical
 .text.PendSV_Handler
                0x0000000008008fc0       0x48 Middlewares/Third_Party/FreeRTOS/Source/portable/GCC/ARM_CM3/port.o
                0x0000000008008fc0                PendSV_Handler
 .text.xPortSysTickHandler
                0x0000000008009008       0x40 Middlewares/Third_Party/FreeRTOS/Source/portable/GCC/ARM_CM3/port.o
                0x0000000008009008                xPortSysTickHandler
 .text.vPortSetupTimerInterrupt
                0x0000000008009048       0x44 Middlewares/Third_Party/FreeRTOS/Source/portable/GCC/ARM_CM3/port.o
                0x0000000008009048                vPortSetupTimerInterrupt
 .text.vPortValidateInterruptPriority
                0x000000000800908c       0x78 Middlewares/Third_Party/FreeRTOS/Source/portable/GCC/ARM_CM3/port.o
                0x000000000800908c                vPortValidateInterruptPriority
 .text.pvPortMalloc
                0x0000000008009104      0x184 Middlewares/Third_Party/FreeRTOS/Source/portable/MemMang/heap_4.o
                0x0000000008009104                pvPortMalloc
 .text.vPortFree
                0x0000000008009288       0xb0 Middlewares/Third_Party/FreeRTOS/Source/portable/MemMang/heap_4.o
                0x0000000008009288                vPortFree
 .text.prvHeapInit
                0x0000000008009338       0xc4 Middlewares/Third_Party/FreeRTOS/Source/portable/MemMang/heap_4.o
 .text.prvInsertBlockIntoFreeList
                0x00000000080093fc       0xb0 Middlewares/Third_Party/FreeRTOS/Source/portable/MemMang/heap_4.o
 .text.MX_USB_DEVICE_Init
                0x00000000080094ac       0x60 USB_DEVICE/App/usb_device.o
                0x00000000080094ac                MX_USB_DEVICE_Init
 .text.CDC_Init_FS
                0x000000000800950c       0x28 USB_DEVICE/App/usbd_cdc_if.o
 .text.CDC_DeInit_FS
                0x0000000008009534        0xe USB_DEVICE/App/usbd_cdc_if.o
 *fill*         0x0000000008009542        0x2 
 .text.CDC_Control_FS
                0x0000000008009544       0xbc USB_DEVICE/App/usbd_cdc_if.o
 .text.CDC_Receive_FS
                0x0000000008009600       0x6c USB_DEVICE/App/usbd_cdc_if.o
 .text.CDC_Transmit_FS
                0x000000000800966c       0x4c USB_DEVICE/App/usbd_cdc_if.o
                0x000000000800966c                CDC_Transmit_FS
 .text.USBD_FS_DeviceDescriptor
                0x00000000080096b8       0x24 USB_DEVICE/App/usbd_desc.o
                0x00000000080096b8                USBD_FS_DeviceDescriptor
 .text.USBD_FS_LangIDStrDescriptor
                0x00000000080096dc       0x24 USB_DEVICE/App/usbd_desc.o
                0x00000000080096dc                USBD_FS_LangIDStrDescriptor
 .text.USBD_FS_ProductStrDescriptor
                0x0000000008009700       0x3c USB_DEVICE/App/usbd_desc.o
                0x0000000008009700                USBD_FS_ProductStrDescriptor
 .text.USBD_FS_ManufacturerStrDescriptor
                0x000000000800973c       0x28 USB_DEVICE/App/usbd_desc.o
                0x000000000800973c                USBD_FS_ManufacturerStrDescriptor
 .text.USBD_FS_SerialStrDescriptor
                0x0000000008009764       0x24 USB_DEVICE/App/usbd_desc.o
                0x0000000008009764                USBD_FS_SerialStrDescriptor
 .text.USBD_FS_ConfigStrDescriptor
                0x0000000008009788       0x3c USB_DEVICE/App/usbd_desc.o
                0x0000000008009788                USBD_FS_ConfigStrDescriptor
 .text.USBD_FS_InterfaceStrDescriptor
                0x00000000080097c4       0x3c USB_DEVICE/App/usbd_desc.o
                0x00000000080097c4                USBD_FS_InterfaceStrDescriptor
 .text.Get_SerialNum
                0x0000000008009800       0x58 USB_DEVICE/App/usbd_desc.o
 .text.IntToUnicode
                0x0000000008009858       0x7a USB_DEVICE/App/usbd_desc.o
 *fill*         0x00000000080098d2        0x2 
 .text.HAL_PCD_MspInit
                0x00000000080098d4       0x4c USB_DEVICE/Target/usbd_conf.o
                0x00000000080098d4                HAL_PCD_MspInit
 .text.HAL_PCD_SetupStageCallback
                0x0000000008009920       0x24 USB_DEVICE/Target/usbd_conf.o
                0x0000000008009920                HAL_PCD_SetupStageCallback
 .text.HAL_PCD_DataOutStageCallback
                0x0000000008009944       0x36 USB_DEVICE/Target/usbd_conf.o
                0x0000000008009944                HAL_PCD_DataOutStageCallback
 .text.HAL_PCD_DataInStageCallback
                0x000000000800997a       0x34 USB_DEVICE/Target/usbd_conf.o
                0x000000000800997a                HAL_PCD_DataInStageCallback
 .text.HAL_PCD_SOFCallback
                0x00000000080099ae       0x1c USB_DEVICE/Target/usbd_conf.o
                0x00000000080099ae                HAL_PCD_SOFCallback
 .text.HAL_PCD_ResetCallback
                0x00000000080099ca       0x3c USB_DEVICE/Target/usbd_conf.o
                0x00000000080099ca                HAL_PCD_ResetCallback
 *fill*         0x0000000008009a06        0x2 
 .text.HAL_PCD_SuspendCallback
                0x0000000008009a08       0x34 USB_DEVICE/Target/usbd_conf.o
                0x0000000008009a08                HAL_PCD_SuspendCallback
 .text.HAL_PCD_ResumeCallback
                0x0000000008009a3c       0x1c USB_DEVICE/Target/usbd_conf.o
                0x0000000008009a3c                HAL_PCD_ResumeCallback
 .text.USBD_LL_Init
                0x0000000008009a58       0xb4 USB_DEVICE/Target/usbd_conf.o
                0x0000000008009a58                USBD_LL_Init
 .text.USBD_LL_Start
                0x0000000008009b0c       0x36 USB_DEVICE/Target/usbd_conf.o
                0x0000000008009b0c                USBD_LL_Start
 .text.USBD_LL_OpenEP
                0x0000000008009b42       0x4c USB_DEVICE/Target/usbd_conf.o
                0x0000000008009b42                USBD_LL_OpenEP
 .text.USBD_LL_CloseEP
                0x0000000008009b8e       0x3e USB_DEVICE/Target/usbd_conf.o
                0x0000000008009b8e                USBD_LL_CloseEP
 .text.USBD_LL_StallEP
                0x0000000008009bcc       0x3e USB_DEVICE/Target/usbd_conf.o
                0x0000000008009bcc                USBD_LL_StallEP
 .text.USBD_LL_ClearStallEP
                0x0000000008009c0a       0x3e USB_DEVICE/Target/usbd_conf.o
                0x0000000008009c0a                USBD_LL_ClearStallEP
 .text.USBD_LL_IsStallEP
                0x0000000008009c48       0x58 USB_DEVICE/Target/usbd_conf.o
                0x0000000008009c48                USBD_LL_IsStallEP
 .text.USBD_LL_SetUSBAddress
                0x0000000008009ca0       0x3e USB_DEVICE/Target/usbd_conf.o
                0x0000000008009ca0                USBD_LL_SetUSBAddress
 .text.USBD_LL_Transmit
                0x0000000008009cde       0x46 USB_DEVICE/Target/usbd_conf.o
                0x0000000008009cde                USBD_LL_Transmit
 .text.USBD_LL_PrepareReceive
                0x0000000008009d24       0x46 USB_DEVICE/Target/usbd_conf.o
                0x0000000008009d24                USBD_LL_PrepareReceive
 .text.USBD_LL_GetRxDataSize
                0x0000000008009d6a       0x26 USB_DEVICE/Target/usbd_conf.o
                0x0000000008009d6a                USBD_LL_GetRxDataSize
 .text.USBD_static_malloc
                0x0000000008009d90       0x18 USB_DEVICE/Target/usbd_conf.o
                0x0000000008009d90                USBD_static_malloc
 .text.USBD_static_free
                0x0000000008009da8       0x12 USB_DEVICE/Target/usbd_conf.o
                0x0000000008009da8                USBD_static_free
 .text.HAL_PCDEx_SetConnectionState
                0x0000000008009dba       0x16 USB_DEVICE/Target/usbd_conf.o
                0x0000000008009dba                HAL_PCDEx_SetConnectionState
 .text.USBD_Get_USB_Status
                0x0000000008009dd0       0x58 USB_DEVICE/Target/usbd_conf.o
 .text.__libc_init_array
                0x0000000008009e28       0x48 c:/st/stm32cubeide_1.5.0/stm32cubeide/plugins/com.st.stm32cube.ide.mcu.externaltools.gnu-tools-for-stm32.7-2018-q2-update.win32_1.5.0.202011040924/tools/bin/../lib/gcc/arm-none-eabi/7.3.1/../../../../arm-none-eabi/lib/thumb/v7-m\libc_nano.a(lib_a-init.o)
                0x0000000008009e28                __libc_init_array
 .text.memcpy   0x0000000008009e70       0x16 c:/st/stm32cubeide_1.5.0/stm32cubeide/plugins/com.st.stm32cube.ide.mcu.externaltools.gnu-tools-for-stm32.7-2018-q2-update.win32_1.5.0.202011040924/tools/bin/../lib/gcc/arm-none-eabi/7.3.1/../../../../arm-none-eabi/lib/thumb/v7-m\libc_nano.a(lib_a-memcpy-stub.o)
                0x0000000008009e70                memcpy
 .text.memset   0x0000000008009e86       0x10 c:/st/stm32cubeide_1.5.0/stm32cubeide/plugins/com.st.stm32cube.ide.mcu.externaltools.gnu-tools-for-stm32.7-2018-q2-update.win32_1.5.0.202011040924/tools/bin/../lib/gcc/arm-none-eabi/7.3.1/../../../../arm-none-eabi/lib/thumb/v7-m\libc_nano.a(lib_a-memset.o)
                0x0000000008009e86                memset
 .text.strncpy  0x0000000008009e96       0x2a c:/st/stm32cubeide_1.5.0/stm32cubeide/plugins/com.st.stm32cube.ide.mcu.externaltools.gnu-tools-for-stm32.7-2018-q2-update.win32_1.5.0.202011040924/tools/bin/../lib/gcc/arm-none-eabi/7.3.1/../../../../arm-none-eabi/lib/thumb/v7-m\libc_nano.a(lib_a-strncpy.o)
                0x0000000008009e96                strncpy
 *(.glue_7)
 .glue_7        0x0000000008009ec0        0x0 linker stubs
 *(.glue_7t)
 .glue_7t       0x0000000008009ec0        0x0 linker stubs
 *(.eh_frame)
 .eh_frame      0x0000000008009ec0        0x0 c:/st/stm32cubeide_1.5.0/stm32cubeide/plugins/com.st.stm32cube.ide.mcu.externaltools.gnu-tools-for-stm32.7-2018-q2-update.win32_1.5.0.202011040924/tools/bin/../lib/gcc/arm-none-eabi/7.3.1/thumb/v7-m/crtbegin.o
 *(.init)
 .init          0x0000000008009ec0        0x4 c:/st/stm32cubeide_1.5.0/stm32cubeide/plugins/com.st.stm32cube.ide.mcu.externaltools.gnu-tools-for-stm32.7-2018-q2-update.win32_1.5.0.202011040924/tools/bin/../lib/gcc/arm-none-eabi/7.3.1/thumb/v7-m/crti.o
                0x0000000008009ec0                _init
 .init          0x0000000008009ec4        0x8 c:/st/stm32cubeide_1.5.0/stm32cubeide/plugins/com.st.stm32cube.ide.mcu.externaltools.gnu-tools-for-stm32.7-2018-q2-update.win32_1.5.0.202011040924/tools/bin/../lib/gcc/arm-none-eabi/7.3.1/thumb/v7-m/crtn.o
 *(.fini)
 .fini          0x0000000008009ecc        0x4 c:/st/stm32cubeide_1.5.0/stm32cubeide/plugins/com.st.stm32cube.ide.mcu.externaltools.gnu-tools-for-stm32.7-2018-q2-update.win32_1.5.0.202011040924/tools/bin/../lib/gcc/arm-none-eabi/7.3.1/thumb/v7-m/crti.o
                0x0000000008009ecc                _fini
 .fini          0x0000000008009ed0        0x8 c:/st/stm32cubeide_1.5.0/stm32cubeide/plugins/com.st.stm32cube.ide.mcu.externaltools.gnu-tools-for-stm32.7-2018-q2-update.win32_1.5.0.202011040924/tools/bin/../lib/gcc/arm-none-eabi/7.3.1/thumb/v7-m/crtn.o
                0x0000000008009ed8                . = ALIGN (0x4)
                0x0000000008009ed8                _etext = .

.vfp11_veneer   0x0000000008009ed8        0x0
 .vfp11_veneer  0x0000000008009ed8        0x0 linker stubs

.v4_bx          0x0000000008009ed8        0x0
 .v4_bx         0x0000000008009ed8        0x0 linker stubs

.iplt           0x0000000008009ed8        0x0
 .iplt          0x0000000008009ed8        0x0 c:/st/stm32cubeide_1.5.0/stm32cubeide/plugins/com.st.stm32cube.ide.mcu.externaltools.gnu-tools-for-stm32.7-2018-q2-update.win32_1.5.0.202011040924/tools/bin/../lib/gcc/arm-none-eabi/7.3.1/thumb/v7-m/crtbegin.o

.rodata         0x0000000008009ed8      0x190
                0x0000000008009ed8                . = ALIGN (0x4)
 *(.rodata)
 .rodata        0x0000000008009ed8       0xd9 Core/Src/freeRTOS_tasks.o
 *fill*         0x0000000008009fb1        0x3 
 .rodata        0x0000000008009fb4        0xc Core/Src/main.o
 .rodata        0x0000000008009fc0       0x12 Drivers/STM32F1xx_HAL_Driver/Src/stm32f1xx_hal_rcc.o
 *fill*         0x0000000008009fd2        0x2 
 .rodata        0x0000000008009fd4        0x5 Middlewares/Third_Party/FreeRTOS/Source/tasks.o
 *fill*         0x0000000008009fd9        0x3 
 .rodata        0x0000000008009fdc        0xd Middlewares/Third_Party/FreeRTOS/Source/timers.o
 *fill*         0x0000000008009fe9        0x3 
 .rodata        0x0000000008009fec       0x46 USB_DEVICE/App/usbd_desc.o
 *(.rodata*)
 *fill*         0x000000000800a032        0x2 
 .rodata.defaultTask_attributes
                0x000000000800a034       0x24 Core/Src/main.o
                0x000000000800a034                defaultTask_attributes
 .rodata.AHBPrescTable
                0x000000000800a058       0x10 Core/Src/system_stm32f1xx.o
                0x000000000800a058                AHBPrescTable
                0x000000000800a068                . = ALIGN (0x4)

.rel.dyn        0x000000000800a068        0x0
 .rel.iplt      0x000000000800a068        0x0 c:/st/stm32cubeide_1.5.0/stm32cubeide/plugins/com.st.stm32cube.ide.mcu.externaltools.gnu-tools-for-stm32.7-2018-q2-update.win32_1.5.0.202011040924/tools/bin/../lib/gcc/arm-none-eabi/7.3.1/thumb/v7-m/crtbegin.o

.ARM.extab      0x000000000800a068        0x0
                0x000000000800a068                . = ALIGN (0x4)
 *(.ARM.extab* .gnu.linkonce.armextab.*)
                0x000000000800a068                . = ALIGN (0x4)

.ARM            0x000000000800a068        0x0
                0x000000000800a068                . = ALIGN (0x4)
                0x000000000800a068                __exidx_start = .
 *(.ARM.exidx*)
                0x000000000800a068                __exidx_end = .
                0x000000000800a068                . = ALIGN (0x4)

.preinit_array  0x000000000800a068        0x0
                0x000000000800a068                . = ALIGN (0x4)
                0x000000000800a068                PROVIDE (__preinit_array_start = .)
 *(.preinit_array*)
                0x000000000800a068                PROVIDE (__preinit_array_end = .)
                0x000000000800a068                . = ALIGN (0x4)

.init_array     0x000000000800a068        0x4
                0x000000000800a068                . = ALIGN (0x4)
                0x000000000800a068                PROVIDE (__init_array_start = .)
 *(SORT_BY_NAME(.init_array.*))
 *(.init_array*)
 .init_array    0x000000000800a068        0x4 c:/st/stm32cubeide_1.5.0/stm32cubeide/plugins/com.st.stm32cube.ide.mcu.externaltools.gnu-tools-for-stm32.7-2018-q2-update.win32_1.5.0.202011040924/tools/bin/../lib/gcc/arm-none-eabi/7.3.1/thumb/v7-m/crtbegin.o
                0x000000000800a06c                PROVIDE (__init_array_end = .)
                0x000000000800a06c                . = ALIGN (0x4)

.fini_array     0x000000000800a06c        0x4
                0x000000000800a06c                . = ALIGN (0x4)
                [!provide]                        PROVIDE (__fini_array_start = .)
 *(SORT_BY_NAME(.fini_array.*))
 *(.fini_array*)
 .fini_array    0x000000000800a06c        0x4 c:/st/stm32cubeide_1.5.0/stm32cubeide/plugins/com.st.stm32cube.ide.mcu.externaltools.gnu-tools-for-stm32.7-2018-q2-update.win32_1.5.0.202011040924/tools/bin/../lib/gcc/arm-none-eabi/7.3.1/thumb/v7-m/crtbegin.o
                [!provide]                        PROVIDE (__fini_array_end = .)
                0x000000000800a070                . = ALIGN (0x4)
                0x000000000800a070                _sidata = LOADADDR (.data)

.data           0x0000000020000000      0x180 load address 0x000000000800a070
                0x0000000020000000                . = ALIGN (0x4)
                0x0000000020000000                _sdata = .
 *(.data)
 *(.data*)
 .data.SystemCoreClock
                0x0000000020000000        0x4 Core/Src/system_stm32f1xx.o
                0x0000000020000000                SystemCoreClock
 .data.uwTickPrio
                0x0000000020000004        0x4 Drivers/STM32F1xx_HAL_Driver/Src/stm32f1xx_hal.o
                0x0000000020000004                uwTickPrio
 .data.uwTickFreq
                0x0000000020000008        0x1 Drivers/STM32F1xx_HAL_Driver/Src/stm32f1xx_hal.o
                0x0000000020000008                uwTickFreq
 *fill*         0x0000000020000009        0x3 
 .data.USBD_CDC_DeviceQualifierDesc
                0x000000002000000c        0xa Middlewares/ST/STM32_USB_Device_Library/Class/CDC/Src/usbd_cdc.o
 *fill*         0x0000000020000016        0x2 
 .data.USBD_CDC
                0x0000000020000018       0x38 Middlewares/ST/STM32_USB_Device_Library/Class/CDC/Src/usbd_cdc.o
                0x0000000020000018                USBD_CDC
 .data.USBD_CDC_CfgHSDesc
                0x0000000020000050       0x43 Middlewares/ST/STM32_USB_Device_Library/Class/CDC/Src/usbd_cdc.o
                0x0000000020000050                USBD_CDC_CfgHSDesc
 *fill*         0x0000000020000093        0x1 
 .data.USBD_CDC_CfgFSDesc
                0x0000000020000094       0x43 Middlewares/ST/STM32_USB_Device_Library/Class/CDC/Src/usbd_cdc.o
                0x0000000020000094                USBD_CDC_CfgFSDesc
 *fill*         0x00000000200000d7        0x1 
 .data.USBD_CDC_OtherSpeedCfgDesc
                0x00000000200000d8       0x43 Middlewares/ST/STM32_USB_Device_Library/Class/CDC/Src/usbd_cdc.o
                0x00000000200000d8                USBD_CDC_OtherSpeedCfgDesc
 *fill*         0x000000002000011b        0x1 
 .data.uxCriticalNesting
                0x000000002000011c        0x4 Middlewares/Third_Party/FreeRTOS/Source/portable/GCC/ARM_CM3/port.o
 .data.USBD_Interface_fops_FS
                0x0000000020000120       0x10 USB_DEVICE/App/usbd_cdc_if.o
                0x0000000020000120                USBD_Interface_fops_FS
 .data.FS_Desc  0x0000000020000130       0x1c USB_DEVICE/App/usbd_desc.o
                0x0000000020000130                FS_Desc
 .data.USBD_FS_DeviceDesc
                0x000000002000014c       0x12 USB_DEVICE/App/usbd_desc.o
                0x000000002000014c                USBD_FS_DeviceDesc
 *fill*         0x000000002000015e        0x2 
 .data.USBD_LangIDDesc
                0x0000000020000160        0x4 USB_DEVICE/App/usbd_desc.o
                0x0000000020000160                USBD_LangIDDesc
 .data.USBD_StringSerial
                0x0000000020000164       0x1a USB_DEVICE/App/usbd_desc.o
                0x0000000020000164                USBD_StringSerial
 *(.RamFunc)
 *(.RamFunc*)
                0x0000000020000180                . = ALIGN (0x4)
 *fill*         0x000000002000017e        0x2 
                0x0000000020000180                _edata = .

.igot.plt       0x0000000020000180        0x0 load address 0x000000000800a1f0
 .igot.plt      0x0000000020000180        0x0 c:/st/stm32cubeide_1.5.0/stm32cubeide/plugins/com.st.stm32cube.ide.mcu.externaltools.gnu-tools-for-stm32.7-2018-q2-update.win32_1.5.0.202011040924/tools/bin/../lib/gcc/arm-none-eabi/7.3.1/thumb/v7-m/crtbegin.o
                0x0000000020000180                . = ALIGN (0x4)

.bss            0x0000000020000180     0x3864 load address 0x000000000800a1f0
                0x0000000020000180                _sbss = .
                0x0000000020000180                __bss_start__ = _sbss
 *(.bss)
 .bss           0x0000000020000180       0x1c c:/st/stm32cubeide_1.5.0/stm32cubeide/plugins/com.st.stm32cube.ide.mcu.externaltools.gnu-tools-for-stm32.7-2018-q2-update.win32_1.5.0.202011040924/tools/bin/../lib/gcc/arm-none-eabi/7.3.1/thumb/v7-m/crtbegin.o
 *(.bss*)
 .bss.cfgidx.7629
                0x000000002000019c        0x1 Middlewares/ST/STM32_USB_Device_Library/Core/Src/usbd_ctlreq.o
 *fill*         0x000000002000019d        0x3 
 .bss.KernelState
                0x00000000200001a0        0x4 Middlewares/Third_Party/FreeRTOS/Source/CMSIS_RTOS_V2/cmsis_os2.o
 .bss.Idle_TCB  0x00000000200001a4       0x74 Middlewares/Third_Party/FreeRTOS/Source/CMSIS_RTOS_V2/cmsis_os2.o
 .bss.Idle_Stack
                0x0000000020000218      0x200 Middlewares/Third_Party/FreeRTOS/Source/CMSIS_RTOS_V2/cmsis_os2.o
 .bss.Timer_TCB
                0x0000000020000418       0x74 Middlewares/Third_Party/FreeRTOS/Source/CMSIS_RTOS_V2/cmsis_os2.o
 .bss.Timer_Stack
                0x000000002000048c      0x400 Middlewares/Third_Party/FreeRTOS/Source/CMSIS_RTOS_V2/cmsis_os2.o
 .bss.pxCurrentTCB
                0x000000002000088c        0x4 Middlewares/Third_Party/FreeRTOS/Source/tasks.o
                0x000000002000088c                pxCurrentTCB
 .bss.pxReadyTasksLists
                0x0000000020000890      0x460 Middlewares/Third_Party/FreeRTOS/Source/tasks.o
 .bss.xDelayedTaskList1
                0x0000000020000cf0       0x14 Middlewares/Third_Party/FreeRTOS/Source/tasks.o
 .bss.xDelayedTaskList2
                0x0000000020000d04       0x14 Middlewares/Third_Party/FreeRTOS/Source/tasks.o
 .bss.pxDelayedTaskList
                0x0000000020000d18        0x4 Middlewares/Third_Party/FreeRTOS/Source/tasks.o
 .bss.pxOverflowDelayedTaskList
                0x0000000020000d1c        0x4 Middlewares/Third_Party/FreeRTOS/Source/tasks.o
 .bss.xPendingReadyList
                0x0000000020000d20       0x14 Middlewares/Third_Party/FreeRTOS/Source/tasks.o
 .bss.xTasksWaitingTermination
                0x0000000020000d34       0x14 Middlewares/Third_Party/FreeRTOS/Source/tasks.o
 .bss.uxDeletedTasksWaitingCleanUp
                0x0000000020000d48        0x4 Middlewares/Third_Party/FreeRTOS/Source/tasks.o
 .bss.xSuspendedTaskList
                0x0000000020000d4c       0x14 Middlewares/Third_Party/FreeRTOS/Source/tasks.o
 .bss.uxCurrentNumberOfTasks
                0x0000000020000d60        0x4 Middlewares/Third_Party/FreeRTOS/Source/tasks.o
 .bss.xTickCount
                0x0000000020000d64        0x4 Middlewares/Third_Party/FreeRTOS/Source/tasks.o
 .bss.uxTopReadyPriority
                0x0000000020000d68        0x4 Middlewares/Third_Party/FreeRTOS/Source/tasks.o
 .bss.xSchedulerRunning
                0x0000000020000d6c        0x4 Middlewares/Third_Party/FreeRTOS/Source/tasks.o
 .bss.uxPendedTicks
                0x0000000020000d70        0x4 Middlewares/Third_Party/FreeRTOS/Source/tasks.o
 .bss.xYieldPending
                0x0000000020000d74        0x4 Middlewares/Third_Party/FreeRTOS/Source/tasks.o
 .bss.xNumOfOverflows
                0x0000000020000d78        0x4 Middlewares/Third_Party/FreeRTOS/Source/tasks.o
 .bss.uxTaskNumber
                0x0000000020000d7c        0x4 Middlewares/Third_Party/FreeRTOS/Source/tasks.o
 .bss.xNextTaskUnblockTime
                0x0000000020000d80        0x4 Middlewares/Third_Party/FreeRTOS/Source/tasks.o
 .bss.xIdleTaskHandle
                0x0000000020000d84        0x4 Middlewares/Third_Party/FreeRTOS/Source/tasks.o
 .bss.uxSchedulerSuspended
                0x0000000020000d88        0x4 Middlewares/Third_Party/FreeRTOS/Source/tasks.o
 .bss.ulTaskSwitchedInTime
                0x0000000020000d8c        0x4 Middlewares/Third_Party/FreeRTOS/Source/tasks.o
 .bss.ulTotalRunTime
                0x0000000020000d90        0x4 Middlewares/Third_Party/FreeRTOS/Source/tasks.o
 .bss.xActiveTimerList1
                0x0000000020000d94       0x14 Middlewares/Third_Party/FreeRTOS/Source/timers.o
 .bss.xActiveTimerList2
                0x0000000020000da8       0x14 Middlewares/Third_Party/FreeRTOS/Source/timers.o
 .bss.pxCurrentTimerList
                0x0000000020000dbc        0x4 Middlewares/Third_Party/FreeRTOS/Source/timers.o
 .bss.pxOverflowTimerList
                0x0000000020000dc0        0x4 Middlewares/Third_Party/FreeRTOS/Source/timers.o
 .bss.xTimerQueue
                0x0000000020000dc4        0x4 Middlewares/Third_Party/FreeRTOS/Source/timers.o
 .bss.xTimerTaskHandle
                0x0000000020000dc8        0x4 Middlewares/Third_Party/FreeRTOS/Source/timers.o
 .bss.xLastTime.5460
                0x0000000020000dcc        0x4 Middlewares/Third_Party/FreeRTOS/Source/timers.o
 .bss.ucStaticTimerQueueStorage.5511
                0x0000000020000dd0       0xa0 Middlewares/Third_Party/FreeRTOS/Source/timers.o
 .bss.xStaticTimerQueue.5510
                0x0000000020000e70       0x50 Middlewares/Third_Party/FreeRTOS/Source/timers.o
 .bss.ucMaxSysCallPriority
                0x0000000020000ec0        0x1 Middlewares/Third_Party/FreeRTOS/Source/portable/GCC/ARM_CM3/port.o
 *fill*         0x0000000020000ec1        0x3 
 .bss.ulMaxPRIGROUPValue
                0x0000000020000ec4        0x4 Middlewares/Third_Party/FreeRTOS/Source/portable/GCC/ARM_CM3/port.o
 .bss.ucHeap    0x0000000020000ec8     0x2000 Middlewares/Third_Party/FreeRTOS/Source/portable/MemMang/heap_4.o
 .bss.xStart    0x0000000020002ec8        0x8 Middlewares/Third_Party/FreeRTOS/Source/portable/MemMang/heap_4.o
 .bss.pxEnd     0x0000000020002ed0        0x4 Middlewares/Third_Party/FreeRTOS/Source/portable/MemMang/heap_4.o
 .bss.xFreeBytesRemaining
                0x0000000020002ed4        0x4 Middlewares/Third_Party/FreeRTOS/Source/portable/MemMang/heap_4.o
 .bss.xMinimumEverFreeBytesRemaining
                0x0000000020002ed8        0x4 Middlewares/Third_Party/FreeRTOS/Source/portable/MemMang/heap_4.o
 .bss.xBlockAllocatedBit
                0x0000000020002edc        0x4 Middlewares/Third_Party/FreeRTOS/Source/portable/MemMang/heap_4.o
 .bss.xHigherPriorityTaskWoken.8111
                0x0000000020002ee0        0x4 USB_DEVICE/App/usbd_cdc_if.o
 .bss.mem.7697  0x0000000020002ee4      0x220 USB_DEVICE/Target/usbd_conf.o
 *(COMMON)
 COMMON         0x0000000020003104       0x66 Core/Src/freeRTOS_tasks.o
                0x0000000020003104                USB_Tx_Buf_Task1
                0x000000002000311c                pDelay_LED
                0x0000000020003120                xSemaphoreBinary1
                0x0000000020003124                xQueue1
                0x0000000020003128                VCP_Rx_Buf
                0x0000000020003168                Delay_LED
 *fill*         0x000000002000316a        0x2 
 COMMON         0x000000002000316c        0x4 Core/Src/main.o
                0x000000002000316c                defaultTaskHandle
 COMMON         0x0000000020003170        0x4 Drivers/STM32F1xx_HAL_Driver/Src/stm32f1xx_hal.o
                0x0000000020003170                uwTick
 COMMON         0x0000000020003174       0x40 Middlewares/Third_Party/FreeRTOS/Source/queue.o
                0x0000000020003174                xQueueRegistry
 COMMON         0x00000000200031b4      0x2c4 USB_DEVICE/App/usb_device.o
                0x00000000200031b4                hUsbDeviceFS
 COMMON         0x0000000020003478       0x80 USB_DEVICE/App/usbd_cdc_if.o
                0x0000000020003478                UserRxBufferFS
                0x00000000200034b8                UserTxBufferFS
 COMMON         0x00000000200034f8      0x200 USB_DEVICE/App/usbd_desc.o
                0x00000000200034f8                USBD_StrDesc
 COMMON         0x00000000200036f8      0x2ec USB_DEVICE/Target/usbd_conf.o
                0x00000000200036f8                hpcd_USB_FS
                0x00000000200039e4                . = ALIGN (0x4)
                0x00000000200039e4                _ebss = .
                0x00000000200039e4                __bss_end__ = _ebss

._user_heap_stack
                0x00000000200039e4      0x604 load address 0x000000000800a1f0
                0x00000000200039e8                . = ALIGN (0x8)
 *fill*         0x00000000200039e4        0x4 
                [!provide]                        PROVIDE (end = .)
                0x00000000200039e8                PROVIDE (_end = .)
                0x0000000020003be8                . = (. + _Min_Heap_Size)
 *fill*         0x00000000200039e8      0x200 
                0x0000000020003fe8                . = (. + _Min_Stack_Size)
 *fill*         0x0000000020003be8      0x400 
                0x0000000020003fe8                . = ALIGN (0x8)

/DISCARD/
 libc.a(*)
 libm.a(*)
 libgcc.a(*)

.ARM.attributes
                0x0000000000000000       0x29
 *(.ARM.attributes)
 .ARM.attributes
                0x0000000000000000       0x1d c:/st/stm32cubeide_1.5.0/stm32cubeide/plugins/com.st.stm32cube.ide.mcu.externaltools.gnu-tools-for-stm32.7-2018-q2-update.win32_1.5.0.202011040924/tools/bin/../lib/gcc/arm-none-eabi/7.3.1/thumb/v7-m/crti.o
 .ARM.attributes
                0x000000000000001d       0x2d c:/st/stm32cubeide_1.5.0/stm32cubeide/plugins/com.st.stm32cube.ide.mcu.externaltools.gnu-tools-for-stm32.7-2018-q2-update.win32_1.5.0.202011040924/tools/bin/../lib/gcc/arm-none-eabi/7.3.1/thumb/v7-m/crtbegin.o
 .ARM.attributes
                0x000000000000004a       0x33 Core/Src/PCB_BluePill.o
 .ARM.attributes
                0x000000000000007d       0x33 Core/Src/freeRTOS_tasks.o
 .ARM.attributes
                0x00000000000000b0       0x33 Core/Src/freertos.o
 .ARM.attributes
                0x00000000000000e3       0x33 Core/Src/main.o
 .ARM.attributes
                0x0000000000000116       0x33 Core/Src/stm32f1xx_hal_msp.o
 .ARM.attributes
                0x0000000000000149       0x33 Core/Src/stm32f1xx_it.o
 .ARM.attributes
                0x000000000000017c       0x33 Core/Src/system_stm32f1xx.o
 .ARM.attributes
                0x00000000000001af       0x21 Core/Startup/startup_stm32f103c8tx.o
 .ARM.attributes
                0x00000000000001d0       0x33 Drivers/STM32F1xx_HAL_Driver/Src/stm32f1xx_hal.o
 .ARM.attributes
                0x0000000000000203       0x33 Drivers/STM32F1xx_HAL_Driver/Src/stm32f1xx_hal_cortex.o
 .ARM.attributes
                0x0000000000000236       0x33 Drivers/STM32F1xx_HAL_Driver/Src/stm32f1xx_hal_gpio.o
 .ARM.attributes
                0x0000000000000269       0x33 Drivers/STM32F1xx_HAL_Driver/Src/stm32f1xx_hal_pcd.o
 .ARM.attributes
                0x000000000000029c       0x33 Drivers/STM32F1xx_HAL_Driver/Src/stm32f1xx_hal_pcd_ex.o
 .ARM.attributes
                0x00000000000002cf       0x33 Drivers/STM32F1xx_HAL_Driver/Src/stm32f1xx_hal_rcc.o
 .ARM.attributes
                0x0000000000000302       0x33 Drivers/STM32F1xx_HAL_Driver/Src/stm32f1xx_hal_rcc_ex.o
 .ARM.attributes
                0x0000000000000335       0x33 Drivers/STM32F1xx_HAL_Driver/Src/stm32f1xx_ll_usb.o
 .ARM.attributes
                0x0000000000000368       0x33 Middlewares/ST/STM32_USB_Device_Library/Class/CDC/Src/usbd_cdc.o
 .ARM.attributes
                0x000000000000039b       0x33 Middlewares/ST/STM32_USB_Device_Library/Core/Src/usbd_core.o
 .ARM.attributes
                0x00000000000003ce       0x33 Middlewares/ST/STM32_USB_Device_Library/Core/Src/usbd_ctlreq.o
 .ARM.attributes
                0x0000000000000401       0x33 Middlewares/ST/STM32_USB_Device_Library/Core/Src/usbd_ioreq.o
 .ARM.attributes
                0x0000000000000434       0x33 Middlewares/Third_Party/FreeRTOS/Source/CMSIS_RTOS_V2/cmsis_os2.o
 .ARM.attributes
                0x0000000000000467       0x33 Middlewares/Third_Party/FreeRTOS/Source/list.o
 .ARM.attributes
                0x000000000000049a       0x33 Middlewares/Third_Party/FreeRTOS/Source/queue.o
 .ARM.attributes
                0x00000000000004cd       0x33 Middlewares/Third_Party/FreeRTOS/Source/tasks.o
 .ARM.attributes
                0x0000000000000500       0x33 Middlewares/Third_Party/FreeRTOS/Source/timers.o
 .ARM.attributes
                0x0000000000000533       0x33 Middlewares/Third_Party/FreeRTOS/Source/portable/GCC/ARM_CM3/port.o
 .ARM.attributes
                0x0000000000000566       0x33 Middlewares/Third_Party/FreeRTOS/Source/portable/MemMang/heap_4.o
 .ARM.attributes
                0x0000000000000599       0x33 USB_DEVICE/App/usb_device.o
 .ARM.attributes
                0x00000000000005cc       0x33 USB_DEVICE/App/usbd_cdc_if.o
 .ARM.attributes
                0x00000000000005ff       0x33 USB_DEVICE/App/usbd_desc.o
 .ARM.attributes
                0x0000000000000632       0x33 USB_DEVICE/Target/usbd_conf.o
 .ARM.attributes
                0x0000000000000665       0x2d c:/st/stm32cubeide_1.5.0/stm32cubeide/plugins/com.st.stm32cube.ide.mcu.externaltools.gnu-tools-for-stm32.7-2018-q2-update.win32_1.5.0.202011040924/tools/bin/../lib/gcc/arm-none-eabi/7.3.1/../../../../arm-none-eabi/lib/thumb/v7-m\libc_nano.a(lib_a-init.o)
 .ARM.attributes
                0x0000000000000692       0x2d c:/st/stm32cubeide_1.5.0/stm32cubeide/plugins/com.st.stm32cube.ide.mcu.externaltools.gnu-tools-for-stm32.7-2018-q2-update.win32_1.5.0.202011040924/tools/bin/../lib/gcc/arm-none-eabi/7.3.1/../../../../arm-none-eabi/lib/thumb/v7-m\libc_nano.a(lib_a-memcpy-stub.o)
 .ARM.attributes
                0x00000000000006bf       0x2d c:/st/stm32cubeide_1.5.0/stm32cubeide/plugins/com.st.stm32cube.ide.mcu.externaltools.gnu-tools-for-stm32.7-2018-q2-update.win32_1.5.0.202011040924/tools/bin/../lib/gcc/arm-none-eabi/7.3.1/../../../../arm-none-eabi/lib/thumb/v7-m\libc_nano.a(lib_a-memset.o)
 .ARM.attributes
                0x00000000000006ec       0x2d c:/st/stm32cubeide_1.5.0/stm32cubeide/plugins/com.st.stm32cube.ide.mcu.externaltools.gnu-tools-for-stm32.7-2018-q2-update.win32_1.5.0.202011040924/tools/bin/../lib/gcc/arm-none-eabi/7.3.1/../../../../arm-none-eabi/lib/thumb/v7-m\libc_nano.a(lib_a-strncpy.o)
 .ARM.attributes
                0x0000000000000719       0x1d c:/st/stm32cubeide_1.5.0/stm32cubeide/plugins/com.st.stm32cube.ide.mcu.externaltools.gnu-tools-for-stm32.7-2018-q2-update.win32_1.5.0.202011040924/tools/bin/../lib/gcc/arm-none-eabi/7.3.1/thumb/v7-m/crtn.o
OUTPUT(freeRTOS.elf elf32-littlearm)

.debug_info     0x0000000000000000    0x1e450
 .debug_info    0x0000000000000000      0x234 Core/Src/PCB_BluePill.o
 .debug_info    0x0000000000000234     0x1139 Core/Src/freeRTOS_tasks.o
 .debug_info    0x000000000000136d      0x19e Core/Src/freertos.o
 .debug_info    0x000000000000150b     0x144c Core/Src/main.o
 .debug_info    0x0000000000002957      0x41c Core/Src/stm32f1xx_hal_msp.o
 .debug_info    0x0000000000002d73      0x696 Core/Src/stm32f1xx_it.o
 .debug_info    0x0000000000003409      0x29a Core/Src/system_stm32f1xx.o
 .debug_info    0x00000000000036a3       0x22 Core/Startup/startup_stm32f103c8tx.o
 .debug_info    0x00000000000036c5      0x714 Drivers/STM32F1xx_HAL_Driver/Src/stm32f1xx_hal.o
 .debug_info    0x0000000000003dd9      0xb51 Drivers/STM32F1xx_HAL_Driver/Src/stm32f1xx_hal_cortex.o
 .debug_info    0x000000000000492a      0x69b Drivers/STM32F1xx_HAL_Driver/Src/stm32f1xx_hal_gpio.o
 .debug_info    0x0000000000004fc5     0x122f Drivers/STM32F1xx_HAL_Driver/Src/stm32f1xx_hal_pcd.o
 .debug_info    0x00000000000061f4      0x785 Drivers/STM32F1xx_HAL_Driver/Src/stm32f1xx_hal_pcd_ex.o
 .debug_info    0x0000000000006979      0x80f Drivers/STM32F1xx_HAL_Driver/Src/stm32f1xx_hal_rcc.o
 .debug_info    0x0000000000007188      0x444 Drivers/STM32F1xx_HAL_Driver/Src/stm32f1xx_hal_rcc_ex.o
 .debug_info    0x00000000000075cc     0x17e7 Drivers/STM32F1xx_HAL_Driver/Src/stm32f1xx_ll_usb.o
 .debug_info    0x0000000000008db3     0x17b6 Middlewares/ST/STM32_USB_Device_Library/Class/CDC/Src/usbd_cdc.o
 .debug_info    0x000000000000a569     0x11d2 Middlewares/ST/STM32_USB_Device_Library/Core/Src/usbd_core.o
 .debug_info    0x000000000000b73b     0x1142 Middlewares/ST/STM32_USB_Device_Library/Core/Src/usbd_ctlreq.o
 .debug_info    0x000000000000c87d      0xf33 Middlewares/ST/STM32_USB_Device_Library/Core/Src/usbd_ioreq.o
 .debug_info    0x000000000000d7b0     0x4054 Middlewares/Third_Party/FreeRTOS/Source/CMSIS_RTOS_V2/cmsis_os2.o
 .debug_info    0x0000000000011804      0xac5 Middlewares/Third_Party/FreeRTOS/Source/list.o
 .debug_info    0x00000000000122c9     0x22e8 Middlewares/Third_Party/FreeRTOS/Source/queue.o
 .debug_info    0x00000000000145b1     0x29a7 Middlewares/Third_Party/FreeRTOS/Source/tasks.o
 .debug_info    0x0000000000016f58     0x1a3b Middlewares/Third_Party/FreeRTOS/Source/timers.o
 .debug_info    0x0000000000018993      0x4d2 Middlewares/Third_Party/FreeRTOS/Source/portable/GCC/ARM_CM3/port.o
 .debug_info    0x0000000000018e65      0xbea Middlewares/Third_Party/FreeRTOS/Source/portable/MemMang/heap_4.o
 .debug_info    0x0000000000019a4f      0xe9c USB_DEVICE/App/usb_device.o
 .debug_info    0x000000000001a8eb     0x1094 USB_DEVICE/App/usbd_cdc_if.o
 .debug_info    0x000000000001b97f      0xd17 USB_DEVICE/App/usbd_desc.o
 .debug_info    0x000000000001c696     0x1dba USB_DEVICE/Target/usbd_conf.o

.debug_abbrev   0x0000000000000000     0x4085
 .debug_abbrev  0x0000000000000000       0xe4 Core/Src/PCB_BluePill.o
 .debug_abbrev  0x00000000000000e4      0x203 Core/Src/freeRTOS_tasks.o
 .debug_abbrev  0x00000000000002e7       0xc8 Core/Src/freertos.o
 .debug_abbrev  0x00000000000003af      0x27b Core/Src/main.o
 .debug_abbrev  0x000000000000062a      0x112 Core/Src/stm32f1xx_hal_msp.o
 .debug_abbrev  0x000000000000073c      0x155 Core/Src/stm32f1xx_it.o
 .debug_abbrev  0x0000000000000891      0x134 Core/Src/system_stm32f1xx.o
 .debug_abbrev  0x00000000000009c5       0x12 Core/Startup/startup_stm32f103c8tx.o
 .debug_abbrev  0x00000000000009d7      0x1c7 Drivers/STM32F1xx_HAL_Driver/Src/stm32f1xx_hal.o
 .debug_abbrev  0x0000000000000b9e      0x2d5 Drivers/STM32F1xx_HAL_Driver/Src/stm32f1xx_hal_cortex.o
 .debug_abbrev  0x0000000000000e73      0x1c0 Drivers/STM32F1xx_HAL_Driver/Src/stm32f1xx_hal_gpio.o
 .debug_abbrev  0x0000000000001033      0x268 Drivers/STM32F1xx_HAL_Driver/Src/stm32f1xx_hal_pcd.o
 .debug_abbrev  0x000000000000129b      0x188 Drivers/STM32F1xx_HAL_Driver/Src/stm32f1xx_hal_pcd_ex.o
 .debug_abbrev  0x0000000000001423      0x243 Drivers/STM32F1xx_HAL_Driver/Src/stm32f1xx_hal_rcc.o
 .debug_abbrev  0x0000000000001666      0x175 Drivers/STM32F1xx_HAL_Driver/Src/stm32f1xx_hal_rcc_ex.o
 .debug_abbrev  0x00000000000017db      0x1d2 Drivers/STM32F1xx_HAL_Driver/Src/stm32f1xx_ll_usb.o
 .debug_abbrev  0x00000000000019ad      0x2b6 Middlewares/ST/STM32_USB_Device_Library/Class/CDC/Src/usbd_cdc.o
 .debug_abbrev  0x0000000000001c63      0x270 Middlewares/ST/STM32_USB_Device_Library/Core/Src/usbd_core.o
 .debug_abbrev  0x0000000000001ed3      0x2a0 Middlewares/ST/STM32_USB_Device_Library/Core/Src/usbd_ctlreq.o
 .debug_abbrev  0x0000000000002173      0x1e0 Middlewares/ST/STM32_USB_Device_Library/Core/Src/usbd_ioreq.o
 .debug_abbrev  0x0000000000002353      0x3a0 Middlewares/Third_Party/FreeRTOS/Source/CMSIS_RTOS_V2/cmsis_os2.o
 .debug_abbrev  0x00000000000026f3      0x1cf Middlewares/Third_Party/FreeRTOS/Source/list.o
 .debug_abbrev  0x00000000000028c2      0x354 Middlewares/Third_Party/FreeRTOS/Source/queue.o
 .debug_abbrev  0x0000000000002c16      0x350 Middlewares/Third_Party/FreeRTOS/Source/tasks.o
 .debug_abbrev  0x0000000000002f66      0x2d7 Middlewares/Third_Party/FreeRTOS/Source/timers.o
 .debug_abbrev  0x000000000000323d      0x205 Middlewares/Third_Party/FreeRTOS/Source/portable/GCC/ARM_CM3/port.o
 .debug_abbrev  0x0000000000003442      0x29e Middlewares/Third_Party/FreeRTOS/Source/portable/MemMang/heap_4.o
 .debug_abbrev  0x00000000000036e0      0x1be USB_DEVICE/App/usb_device.o
 .debug_abbrev  0x000000000000389e      0x27c USB_DEVICE/App/usbd_cdc_if.o
 .debug_abbrev  0x0000000000003b1a      0x290 USB_DEVICE/App/usbd_desc.o
 .debug_abbrev  0x0000000000003daa      0x2db USB_DEVICE/Target/usbd_conf.o

.debug_aranges  0x0000000000000000     0x1260
 .debug_aranges
                0x0000000000000000       0x28 Core/Src/PCB_BluePill.o
 .debug_aranges
                0x0000000000000028       0x58 Core/Src/freeRTOS_tasks.o
 .debug_aranges
                0x0000000000000080       0x28 Core/Src/freertos.o
 .debug_aranges
                0x00000000000000a8       0x40 Core/Src/main.o
 .debug_aranges
                0x00000000000000e8       0x20 Core/Src/stm32f1xx_hal_msp.o
 .debug_aranges
                0x0000000000000108       0x58 Core/Src/stm32f1xx_it.o
 .debug_aranges
                0x0000000000000160       0x28 Core/Src/system_stm32f1xx.o
 .debug_aranges
                0x0000000000000188       0x28 Core/Startup/startup_stm32f103c8tx.o
 .debug_aranges
                0x00000000000001b0       0xe0 Drivers/STM32F1xx_HAL_Driver/Src/stm32f1xx_hal.o
 .debug_aranges
                0x0000000000000290      0x100 Drivers/STM32F1xx_HAL_Driver/Src/stm32f1xx_hal_cortex.o
 .debug_aranges
                0x0000000000000390       0x58 Drivers/STM32F1xx_HAL_Driver/Src/stm32f1xx_hal_gpio.o
 .debug_aranges
                0x00000000000003e8      0x138 Drivers/STM32F1xx_HAL_Driver/Src/stm32f1xx_hal_pcd.o
 .debug_aranges
                0x0000000000000520       0x38 Drivers/STM32F1xx_HAL_Driver/Src/stm32f1xx_hal_pcd_ex.o
 .debug_aranges
                0x0000000000000558       0x90 Drivers/STM32F1xx_HAL_Driver/Src/stm32f1xx_hal_rcc.o
 .debug_aranges
                0x00000000000005e8       0x30 Drivers/STM32F1xx_HAL_Driver/Src/stm32f1xx_hal_rcc_ex.o
 .debug_aranges
                0x0000000000000618       0xf0 Drivers/STM32F1xx_HAL_Driver/Src/stm32f1xx_ll_usb.o
 .debug_aranges
                0x0000000000000708       0x90 Middlewares/ST/STM32_USB_Device_Library/Class/CDC/Src/usbd_cdc.o
 .debug_aranges
                0x0000000000000798       0xb8 Middlewares/ST/STM32_USB_Device_Library/Core/Src/usbd_core.o
 .debug_aranges
                0x0000000000000850       0x88 Middlewares/ST/STM32_USB_Device_Library/Core/Src/usbd_ctlreq.o
 .debug_aranges
                0x00000000000008d8       0x50 Middlewares/ST/STM32_USB_Device_Library/Core/Src/usbd_ioreq.o
 .debug_aranges
                0x0000000000000928      0x228 Middlewares/Third_Party/FreeRTOS/Source/CMSIS_RTOS_V2/cmsis_os2.o
 .debug_aranges
                0x0000000000000b50       0x40 Middlewares/Third_Party/FreeRTOS/Source/list.o
 .debug_aranges
                0x0000000000000b90      0x158 Middlewares/Third_Party/FreeRTOS/Source/queue.o
 .debug_aranges
                0x0000000000000ce8      0x1f8 Middlewares/Third_Party/FreeRTOS/Source/tasks.o
 .debug_aranges
                0x0000000000000ee0       0xe0 Middlewares/Third_Party/FreeRTOS/Source/timers.o
 .debug_aranges
                0x0000000000000fc0       0x78 Middlewares/Third_Party/FreeRTOS/Source/portable/GCC/ARM_CM3/port.o
 .debug_aranges
                0x0000000000001038       0x50 Middlewares/Third_Party/FreeRTOS/Source/portable/MemMang/heap_4.o
 .debug_aranges
                0x0000000000001088       0x20 USB_DEVICE/App/usb_device.o
 .debug_aranges
                0x00000000000010a8       0x40 USB_DEVICE/App/usbd_cdc_if.o
 .debug_aranges
                0x00000000000010e8       0x60 USB_DEVICE/App/usbd_desc.o
 .debug_aranges
                0x0000000000001148      0x118 USB_DEVICE/Target/usbd_conf.o

.debug_ranges   0x0000000000000000     0x1078
 .debug_ranges  0x0000000000000000       0x18 Core/Src/PCB_BluePill.o
 .debug_ranges  0x0000000000000018       0x48 Core/Src/freeRTOS_tasks.o
 .debug_ranges  0x0000000000000060       0x18 Core/Src/freertos.o
 .debug_ranges  0x0000000000000078       0x30 Core/Src/main.o
 .debug_ranges  0x00000000000000a8       0x10 Core/Src/stm32f1xx_hal_msp.o
 .debug_ranges  0x00000000000000b8       0x48 Core/Src/stm32f1xx_it.o
 .debug_ranges  0x0000000000000100       0x18 Core/Src/system_stm32f1xx.o
 .debug_ranges  0x0000000000000118       0x20 Core/Startup/startup_stm32f103c8tx.o
 .debug_ranges  0x0000000000000138       0xd0 Drivers/STM32F1xx_HAL_Driver/Src/stm32f1xx_hal.o
 .debug_ranges  0x0000000000000208       0xf0 Drivers/STM32F1xx_HAL_Driver/Src/stm32f1xx_hal_cortex.o
 .debug_ranges  0x00000000000002f8       0x48 Drivers/STM32F1xx_HAL_Driver/Src/stm32f1xx_hal_gpio.o
 .debug_ranges  0x0000000000000340      0x128 Drivers/STM32F1xx_HAL_Driver/Src/stm32f1xx_hal_pcd.o
 .debug_ranges  0x0000000000000468       0x28 Drivers/STM32F1xx_HAL_Driver/Src/stm32f1xx_hal_pcd_ex.o
 .debug_ranges  0x0000000000000490       0x80 Drivers/STM32F1xx_HAL_Driver/Src/stm32f1xx_hal_rcc.o
 .debug_ranges  0x0000000000000510       0x20 Drivers/STM32F1xx_HAL_Driver/Src/stm32f1xx_hal_rcc_ex.o
 .debug_ranges  0x0000000000000530       0xe0 Drivers/STM32F1xx_HAL_Driver/Src/stm32f1xx_ll_usb.o
 .debug_ranges  0x0000000000000610       0x80 Middlewares/ST/STM32_USB_Device_Library/Class/CDC/Src/usbd_cdc.o
 .debug_ranges  0x0000000000000690       0xa8 Middlewares/ST/STM32_USB_Device_Library/Core/Src/usbd_core.o
 .debug_ranges  0x0000000000000738       0x78 Middlewares/ST/STM32_USB_Device_Library/Core/Src/usbd_ctlreq.o
 .debug_ranges  0x00000000000007b0       0x40 Middlewares/ST/STM32_USB_Device_Library/Core/Src/usbd_ioreq.o
 .debug_ranges  0x00000000000007f0      0x218 Middlewares/Third_Party/FreeRTOS/Source/CMSIS_RTOS_V2/cmsis_os2.o
 .debug_ranges  0x0000000000000a08       0x30 Middlewares/Third_Party/FreeRTOS/Source/list.o
 .debug_ranges  0x0000000000000a38      0x148 Middlewares/Third_Party/FreeRTOS/Source/queue.o
 .debug_ranges  0x0000000000000b80      0x1e8 Middlewares/Third_Party/FreeRTOS/Source/tasks.o
 .debug_ranges  0x0000000000000d68       0xd0 Middlewares/Third_Party/FreeRTOS/Source/timers.o
 .debug_ranges  0x0000000000000e38       0x68 Middlewares/Third_Party/FreeRTOS/Source/portable/GCC/ARM_CM3/port.o
 .debug_ranges  0x0000000000000ea0       0x40 Middlewares/Third_Party/FreeRTOS/Source/portable/MemMang/heap_4.o
 .debug_ranges  0x0000000000000ee0       0x10 USB_DEVICE/App/usb_device.o
 .debug_ranges  0x0000000000000ef0       0x30 USB_DEVICE/App/usbd_cdc_if.o
 .debug_ranges  0x0000000000000f20       0x50 USB_DEVICE/App/usbd_desc.o
 .debug_ranges  0x0000000000000f70      0x108 USB_DEVICE/Target/usbd_conf.o

.debug_macro    0x0000000000000000    0x1bb35
 .debug_macro   0x0000000000000000      0x1bc Core/Src/PCB_BluePill.o
 .debug_macro   0x00000000000001bc      0xa5a Core/Src/PCB_BluePill.o
 .debug_macro   0x0000000000000c16      0x215 Core/Src/PCB_BluePill.o
 .debug_macro   0x0000000000000e2b       0x2e Core/Src/PCB_BluePill.o
 .debug_macro   0x0000000000000e59       0x22 Core/Src/PCB_BluePill.o
 .debug_macro   0x0000000000000e7b       0x22 Core/Src/PCB_BluePill.o
 .debug_macro   0x0000000000000e9d       0x8e Core/Src/PCB_BluePill.o
 .debug_macro   0x0000000000000f2b       0x51 Core/Src/PCB_BluePill.o
 .debug_macro   0x0000000000000f7c       0xef Core/Src/PCB_BluePill.o
 .debug_macro   0x000000000000106b       0x6a Core/Src/PCB_BluePill.o
 .debug_macro   0x00000000000010d5      0x1df Core/Src/PCB_BluePill.o
 .debug_macro   0x00000000000012b4       0x1c Core/Src/PCB_BluePill.o
 .debug_macro   0x00000000000012d0       0x22 Core/Src/PCB_BluePill.o
 .debug_macro   0x00000000000012f2       0xc3 Core/Src/PCB_BluePill.o
 .debug_macro   0x00000000000013b5      0xd23 Core/Src/PCB_BluePill.o
 .debug_macro   0x00000000000020d8     0xe097 Core/Src/PCB_BluePill.o
 .debug_macro   0x000000000001016f       0x43 Core/Src/PCB_BluePill.o
 .debug_macro   0x00000000000101b2     0x3468 Core/Src/PCB_BluePill.o
 .debug_macro   0x000000000001361a      0x174 Core/Src/PCB_BluePill.o
 .debug_macro   0x000000000001378e       0x5c Core/Src/PCB_BluePill.o
 .debug_macro   0x00000000000137ea      0x5be Core/Src/PCB_BluePill.o
 .debug_macro   0x0000000000013da8      0x289 Core/Src/PCB_BluePill.o
 .debug_macro   0x0000000000014031      0x1cb Core/Src/PCB_BluePill.o
 .debug_macro   0x00000000000141fc      0x114 Core/Src/PCB_BluePill.o
 .debug_macro   0x0000000000014310      0x1b2 Core/Src/PCB_BluePill.o
 .debug_macro   0x00000000000144c2       0x27 Core/Src/PCB_BluePill.o
 .debug_macro   0x00000000000144e9      0x136 Core/Src/PCB_BluePill.o
 .debug_macro   0x000000000001461f      0x1bc Core/Src/PCB_BluePill.o
 .debug_macro   0x00000000000147db       0x34 Core/Src/PCB_BluePill.o
 .debug_macro   0x000000000001480f       0x3c Core/Src/PCB_BluePill.o
 .debug_macro   0x000000000001484b       0x57 Core/Src/PCB_BluePill.o
 .debug_macro   0x00000000000148a2       0x88 Core/Src/PCB_BluePill.o
 .debug_macro   0x000000000001492a      0x241 Core/Src/PCB_BluePill.o
 .debug_macro   0x0000000000014b6b      0x141 Core/Src/PCB_BluePill.o
 .debug_macro   0x0000000000014cac       0x65 Core/Src/PCB_BluePill.o
 .debug_macro   0x0000000000014d11      0x249 Core/Src/PCB_BluePill.o
 .debug_macro   0x0000000000014f5a       0x83 Core/Src/PCB_BluePill.o
 .debug_macro   0x0000000000014fdd      0x498 Core/Src/freeRTOS_tasks.o
 .debug_macro   0x0000000000015475      0x137 Core/Src/freeRTOS_tasks.o
 .debug_macro   0x00000000000155ac      0x15a Core/Src/freeRTOS_tasks.o
 .debug_macro   0x0000000000015706       0xc2 Core/Src/freeRTOS_tasks.o
 .debug_macro   0x00000000000157c8       0x10 Core/Src/freeRTOS_tasks.o
 .debug_macro   0x00000000000157d8       0x1f Core/Src/freeRTOS_tasks.o
 .debug_macro   0x00000000000157f7      0x46a Core/Src/freeRTOS_tasks.o
 .debug_macro   0x0000000000015c61       0xb5 Core/Src/freeRTOS_tasks.o
 .debug_macro   0x0000000000015d16       0x8c Core/Src/freeRTOS_tasks.o
 .debug_macro   0x0000000000015da2       0x8d Core/Src/freeRTOS_tasks.o
 .debug_macro   0x0000000000015e2f       0x5b Core/Src/freeRTOS_tasks.o
 .debug_macro   0x0000000000015e8a       0x74 Core/Src/freeRTOS_tasks.o
 .debug_macro   0x0000000000015efe       0xdd Core/Src/freeRTOS_tasks.o
 .debug_macro   0x0000000000015fdb       0x9a Core/Src/freeRTOS_tasks.o
 .debug_macro   0x0000000000016075       0x46 Core/Src/freeRTOS_tasks.o
 .debug_macro   0x00000000000160bb       0x18 Core/Src/freeRTOS_tasks.o
 .debug_macro   0x00000000000160d3       0x3c Core/Src/freeRTOS_tasks.o
 .debug_macro   0x000000000001610f       0x34 Core/Src/freeRTOS_tasks.o
 .debug_macro   0x0000000000016143       0x16 Core/Src/freeRTOS_tasks.o
 .debug_macro   0x0000000000016159       0x35 Core/Src/freeRTOS_tasks.o
 .debug_macro   0x000000000001618e      0x32a Core/Src/freeRTOS_tasks.o